==========================================================
  Session Failover Reproducer (Apache LB + sticky sessions)
==========================================================

Step 1: Establish a session through the LB and fill the cart...
   LB pinned session to: node3
   counter=4 cart=laptop,mouse,keyboard sessionId=dOE3rl5_x2ZzyMeiU7J9XyXKJc65tLL_rzwD17WT

Step 2: Kill the sticky node abruptly under load; LB must fail over...

--- Round 1: sticky node = node3 ---
   driving in-flight load...
   >>> kill -9 node3 (JVM PIDs: 366470
367003) MID-LOAD
   first 200 after failover: node=node2 isNew=false counter=6 cart=laptop,mouse,keyboard (last http=200)
   [OK] Failover succeeded on node2 and session survived (replication works).

--- Round 2: sticky node = node2 ---
   driving in-flight load...
   >>> kill -9 node2 (JVM PIDs: 366430
366947) MID-LOAD
   first 200 after failover: node=node1 isNew=false counter=8 cart=laptop,mouse,keyboard (last http=200)
   [OK] Failover succeeded on node1 and session survived (replication works).

==========================================================
  Issue NOT reproduced this run (intermittent, ~70%).
  Re-run ./stop-all.sh && ./start-all.sh && ./test.sh a few times.
  If it never reproduces on this build, install EAP 7.4.14
  (customer regressed from 7.4.10).
==========================================================

LB access log (which node served each request):
::1 [10/Sep/2026:15:51:54 +0530] "GET /reproducer/session?delay=800 HTTP/1.1" 502 route=node2 sticky=JSESSIONID
::1 [10/Sep/2026:15:51:54 +0530] "GET /reproducer/session?delay=800 HTTP/1.1" 502 route=node2 sticky=JSESSIONID
::1 [10/Sep/2026:15:51:54 +0530] "GET /reproducer/session?delay=800 HTTP/1.1" 502 route=node2 sticky=JSESSIONID
::1 [10/Sep/2026:15:51:54 +0530] "GET /reproducer/session?delay=800 HTTP/1.1" 502 route=node2 sticky=JSESSIONID
::1 [10/Sep/2026:15:51:54 +0530] "GET /reproducer/session HTTP/1.1" 502 route=node2 sticky=JSESSIONID
::1 [10/Sep/2026:15:51:54 +0530] "GET /reproducer/session?delay=800 HTTP/1.1" 502 route=node2 sticky=JSESSIONID
::1 [10/Sep/2026:15:51:54 +0530] "GET /reproducer/session?delay=800 HTTP/1.1" 502 route=node2 sticky=JSESSIONID
::1 [10/Sep/2026:15:51:55 +0530] "GET /reproducer/session HTTP/1.1" 200 route=node1 sticky=JSESSIONID
