=========================================================================

  JBoss Bootstrap Environment

  JBOSS_HOME: /home/mopatil/Documents/EAP_lab/jboss-eap-8.1.0/jboss-eap-8.1

  JAVA: /usr/lib/jvm/java-21/bin/java

  JAVA_OPTS:  -Xlog:gc*:file="/home/mopatil/Documents/EAP_lab/jboss-eap-8.1.0/jboss-eap-8.1/standalone-node2/log/gc.log":time,uptimemillis:filecount=5,filesize=3M -Djdk.serialFilter="maxbytes=10485760;maxdepth=128;maxarray=100000;maxrefs=300000" -Xms1303m -Xmx1303m -Djava.net.preferIPv4Stack=true -Djboss.modules.system.pkgs=org.jboss.byteman -Djava.awt.headless=true  --add-exports=java.desktop/sun.awt=ALL-UNNAMED --add-exports=java.naming/com.sun.jndi.ldap=ALL-UNNAMED --add-exports=java.naming/com.sun.jndi.url.ldap=ALL-UNNAMED --add-exports=java.naming/com.sun.jndi.url.ldaps=ALL-UNNAMED --add-exports=jdk.naming.dns/com.sun.jndi.dns=ALL-UNNAMED --add-opens=java.base/java.lang=ALL-UNNAMED --add-opens=java.base/java.lang.invoke=ALL-UNNAMED --add-opens=java.base/java.lang.reflect=ALL-UNNAMED --add-opens=java.base/java.io=ALL-UNNAMED --add-opens=java.base/java.net=ALL-UNNAMED --add-opens=java.base/java.security=ALL-UNNAMED --add-opens=java.base/java.util=ALL-UNNAMED --add-opens=java.base/java.util.concurrent=ALL-UNNAMED --add-opens=java.management/javax.management=ALL-UNNAMED --add-opens=java.naming/javax.naming=ALL-UNNAMED

=========================================================================

[0m15:55:38,729 INFO  [org.jboss.modules] (main) JBoss Modules version 2.1.6.Final-redhat-00001
[0m[0m15:55:41,109 INFO  [org.jboss.msc] (main) JBoss MSC version 1.5.5.Final-redhat-00001
[0m[0m15:55:41,159 INFO  [org.jboss.threads] (main) JBoss Threads version 2.4.0.Final-redhat-00001
[0m[0m15:55:41,742 INFO  [org.jboss.as] (MSC service thread 1-2) WFLYSRV0049: JBoss EAP 8.1 (WildFly Core 27.1.0.Final-redhat-00010) starting
[0m[0m15:55:45,471 INFO  [org.wildfly.security] (Controller Boot Thread) ELY00001: WildFly Elytron version 2.6.4.Final-redhat-00001
[0m[0m15:55:50,420 INFO  [org.jboss.as.server] (Controller Boot Thread) WFLYSRV0039: Creating http management service using socket-binding (management-http)
[0m[0m15:55:50,493 INFO  [org.xnio] (MSC service thread 1-3) XNIO version 3.8.16.Final-redhat-00001
[0m[0m15:55:50,550 INFO  [org.xnio.nio] (MSC service thread 1-3) XNIO NIO Implementation Version 3.8.16.Final-redhat-00001
[0m[0m15:55:50,735 INFO  [org.wildfly.extension.elytron.oidc._private] (ServerService Thread Pool -- 54) WFLYOIDC0001: Activating WildFly Elytron OIDC Subsystem
[0m[0m15:55:50,779 INFO  [org.jboss.as.clustering.infinispan] (ServerService Thread Pool -- 56) WFLYCLINF0001: Activating Infinispan subsystem.
[0m[0m15:55:50,786 INFO  [org.jboss.as.jaxrs] (ServerService Thread Pool -- 58) WFLYRS0016: RESTEasy version 6.2.12.Final-redhat-00001
[0m[0m15:55:50,849 INFO  [org.wildfly.extension.io] (ServerService Thread Pool -- 57) WFLYIO001: Worker 'default' has auto-configured to 24 IO threads with 192 max task threads based on your 12 available processors
[0m[0m15:55:50,916 INFO  [org.jboss.as.clustering.jgroups] (ServerService Thread Pool -- 61) WFLYCLJG0001: Activating JGroups subsystem. JGroups version 5.3.16
[0m[33m15:55:50,917 WARN  [org.jboss.as.txn] (ServerService Thread Pool -- 76) WFLYTX0013: The node-identifier attribute on the /subsystem=transactions is set to the default value. This is a danger for environments running multiple servers. Please make sure the attribute value is unique.
[0m[0m15:55:50,962 INFO  [org.jboss.as.naming] (ServerService Thread Pool -- 68) WFLYNAM0001: Activating Naming Subsystem
[0m[0m15:55:50,967 INFO  [org.jboss.as.server.deployment] (MSC service thread 1-2) WFLYSRV0027: Starting deployment of "reproducer.war" (runtime-name: "reproducer.war")
[0m[0m15:55:50,981 INFO  [org.jboss.as.connector] (MSC service thread 1-6) WFLYJCA0009: Starting Jakarta Connectors Subsystem (WildFly/IronJacamar 3.0.14.Final-redhat-00001)
[0m[0m15:55:51,023 INFO  [org.jboss.as.jsf] (ServerService Thread Pool -- 64) WFLYJSF0007: Activated the following Jakarta Server Faces Implementations: [main]
[0m[0m15:55:51,027 INFO  [org.jboss.as.webservices] (ServerService Thread Pool -- 78) WFLYWS0002: Activating WebServices Extension
[0m[0m15:55:51,020 INFO  [org.wildfly.extension.metrics] (ServerService Thread Pool -- 66) WFLYMETRICS0001: Activating Base Metrics Subsystem
[0m[0m15:55:51,115 INFO  [org.wildfly.extension.health] (ServerService Thread Pool -- 55) WFLYHEALTH0001: Activating Base Health Subsystem
[0m[0m15:55:51,195 INFO  [org.wildfly.extension.undertow] (MSC service thread 1-6) WFLYUT0003: Undertow 2.3.18.SP1-redhat-00001 starting
[0m[0m15:55:51,270 INFO  [org.jboss.as.connector.subsystems.datasources] (ServerService Thread Pool -- 45) WFLYJCA0004: Deploying JDBC-compliant driver class org.h2.Driver (version 2.2)
[0m[0m15:55:51,386 INFO  [org.jboss.as.naming] (MSC service thread 1-6) WFLYNAM0003: Starting Naming Service
[0m[0m15:55:51,385 INFO  [org.jboss.as.connector.deployers.jdbc] (MSC service thread 1-5) WFLYJCA0018: Started Driver service with driver-name = h2
[0m[0m15:55:51,482 INFO  [org.jboss.as.mail.extension] (MSC service thread 1-5) WFLYMAIL0001: Bound mail session [java:jboss/mail/Default]
[0m[0m15:55:51,565 INFO  [org.jboss.remoting] (MSC service thread 1-3) JBoss Remoting version 5.0.31.Final-redhat-00001
[0m[33m15:55:51,931 WARN  [org.wildfly.extension.elytron] (MSC service thread 1-2) WFLYELY00023: KeyStore file '/home/mopatil/Documents/EAP_lab/jboss-eap-8.1.0/jboss-eap-8.1/standalone-node2/configuration/application.keystore' does not exist. Used blank.
[0m[33m15:55:52,068 WARN  [org.wildfly.extension.elytron] (MSC service thread 1-7) WFLYELY01084: KeyStore /home/mopatil/Documents/EAP_lab/jboss-eap-8.1.0/jboss-eap-8.1/standalone-node2/configuration/application.keystore not found, it will be auto-generated on first use with a self-signed certificate for host localhost
[0m[0m15:55:52,156 INFO  [org.wildfly.extension.undertow] (ServerService Thread Pool -- 77) WFLYUT0014: Creating file handler for path '/home/mopatil/Documents/EAP_lab/jboss-eap-8.1.0/jboss-eap-8.1/welcome-content' with options [directory-listing: 'false', follow-symlink: 'false', case-sensitive: 'true', safe-symlink-paths: '[]']
[0m[0m15:55:52,331 INFO  [org.wildfly.extension.undertow] (MSC service thread 1-8) WFLYUT0012: Started server default-server.
[0m[0m15:55:52,347 INFO  [org.jboss.as.ejb3] (MSC service thread 1-2) WFLYEJB0481: Strict pool slsb-strict-max-pool is using a max instance size of 192 (per class), which is derived from thread worker pool sizing.
[0m[0m15:55:52,350 INFO  [org.jboss.as.ejb3] (MSC service thread 1-3) WFLYEJB0482: Strict pool mdb-strict-max-pool is using a max instance size of 48 (per class), which is derived from the number of CPUs on this host.
[0m[0m15:55:52,450 INFO  [org.wildfly.extension.undertow] (MSC service thread 1-5) Queuing requests.
[0m[0m15:55:52,500 INFO  [org.wildfly.extension.undertow] (MSC service thread 1-5) WFLYUT0018: Host default-host starting
[0m[0m15:55:53,040 INFO  [org.wildfly.extension.undertow] (MSC service thread 1-2) WFLYUT0006: Undertow HTTP listener default listening on 0.0.0.0:8180
[0m[0m15:55:53,044 INFO  [org.wildfly.extension.undertow] (MSC service thread 1-8) WFLYUT0006: Undertow AJP listener ajp listening on 0.0.0.0:8109
[0m[0m15:55:53,151 INFO  [org.jboss.modcluster] (ServerService Thread Pool -- 80) MODCLUSTER000001: Initializing mod_cluster version 2.1.0.Final-redhat-00001
[0m[0m15:55:53,316 INFO  [org.jboss.modcluster] (ServerService Thread Pool -- 80) MODCLUSTER000032: Listening to proxy advertisements on /224.0.1.105:23364
[0m[0m15:55:53,646 INFO  [org.jboss.as.ejb3] (MSC service thread 1-5) WFLYEJB0493: Jakarta Enterprise Beans subsystem suspension complete
[0m[0m15:55:54,151 INFO  [org.jboss.as.connector.subsystems.datasources] (MSC service thread 1-7) WFLYJCA0001: Bound data source [java:jboss/datasources/ExampleDS]
[0m[0m15:55:54,174 INFO  [org.wildfly.extension.undertow] (MSC service thread 1-1) WFLYUT0006: Undertow HTTPS listener https listening on 0.0.0.0:8543
[0m[0m15:55:55,253 INFO  [org.wildfly.prospero] (Controller Boot Thread) jboss-eap-installation-manager version: 1.3.6.Final-redhat-00006
[0m[0m15:55:55,478 INFO  [org.jboss.as.server.deployment.scanner] (MSC service thread 1-1) WFLYDS0013: Started FileSystemDeploymentService for directory /home/mopatil/Documents/EAP_lab/jboss-eap-8.1.0/jboss-eap-8.1/standalone-node2/deployments
[0m[0m15:55:55,628 INFO  [org.jboss.ws.common.management] (MSC service thread 1-3) JBWS022052: Starting JBossWS 7.3.3.Final-redhat-00001 (Apache CXF 4.0.8.redhat-00001) 
[0m[0m15:56:00,385 INFO  [org.jboss.as.clustering.jgroups] (ServerService Thread Pool -- 83) WFLYCLJG0032: Connecting 'ee' channel. 'node2' joining cluster 'ejb' via /127.0.0.1:55300
[0m[0m15:56:00,388 INFO  [org.jgroups.JChannel] (ServerService Thread Pool -- 83) local_addr: cd3af069-8aea-45ae-839f-512673e0083d, name: node2
[0m[33m15:56:00,410 WARN  [org.jgroups.protocols.UDP] (ServerService Thread Pool -- 83) JGRP000015: the receive buffer of socket ManagedMulticastSocketBinding was set to 20MB, but the OS only allocated 4.19MB
[0m[33m15:56:00,413 WARN  [org.jgroups.protocols.UDP] (ServerService Thread Pool -- 83) JGRP000015: the receive buffer of socket ManagedMulticastSocketBinding was set to 25MB, but the OS only allocated 4.19MB
[0m[0m15:56:00,476 INFO  [org.jgroups.protocols.FD_SOCK2] (ServerService Thread Pool -- 83) server listening on /127.0.0.1:54300
[0m[0m15:56:02,541 INFO  [org.jboss.as.clustering.jgroups] (ServerService Thread Pool -- 83) WFLYCLJG0033: Connected 'ee' channel. 'node2' joined cluster 'ejb' with view: [node2|0] (1) [node2]
[0m[0m15:56:04,468 INFO  [org.wildfly.core.installationmanager] (MSC service thread 1-8) WFLYIM0023: Installation was provisioned using the following channel versions: '[ManifestVersion{channelId='org.jboss.eap.channels:eap-8.1', description='EAP 8.1 GA', version='1.0.0.GA-redhat-00012'}]'
[0m[0m15:56:05,093 INFO  [org.infinispan.CONTAINER] (ServerService Thread Pool -- 86) ISPN000556: Starting user marshaller 'org.wildfly.clustering.cache.infinispan.marshalling.UserMarshaller'
[0m[0m15:56:05,096 INFO  [org.infinispan.CONTAINER] (ServerService Thread Pool -- 82) ISPN000556: Starting user marshaller 'org.wildfly.clustering.cache.infinispan.marshalling.UserMarshaller'
[0m[0m15:56:05,103 INFO  [org.infinispan.CONTAINER] (ServerService Thread Pool -- 80) ISPN000556: Starting user marshaller 'org.wildfly.clustering.cache.infinispan.marshalling.UserMarshaller'
[0m[0m15:56:05,105 INFO  [org.infinispan.CONTAINER] (ServerService Thread Pool -- 85) ISPN000556: Starting user marshaller 'org.wildfly.clustering.cache.infinispan.marshalling.UserMarshaller'
[0m[0m15:56:06,012 INFO  [org.infinispan.CONTAINER] (ServerService Thread Pool -- 80) ISPN000389: Loaded global state, version=15.0.16.Final-redhat-00001 timestamp=2026-09-10T10:23:13.831592372Z
[0m[0m15:56:06,015 INFO  [org.infinispan.CONTAINER] (ServerService Thread Pool -- 85) ISPN000389: Loaded global state, version=15.0.16.Final-redhat-00001 timestamp=2026-09-10T10:23:13.706707681Z
[0m[0m15:56:06,015 INFO  [org.infinispan.CONTAINER] (ServerService Thread Pool -- 82) ISPN000389: Loaded global state, version=15.0.16.Final-redhat-00001 timestamp=2026-09-10T10:23:13.841233887Z
[0m[0m15:56:06,015 INFO  [org.infinispan.CONTAINER] (ServerService Thread Pool -- 86) ISPN000389: Loaded global state, version=15.0.16.Final-redhat-00001 timestamp=2026-09-10T10:23:13.708219157Z
[0m[0m15:56:07,899 INFO  [org.infinispan.CLUSTER] (thread-8,ejb,node2) [Context=org.infinispan.CONFIG] ISPN100002: Starting rebalance with members [node2, node1], phase READ_OLD_WRITE_ALL, topology id 2
[0m[0m15:56:07,901 INFO  [org.infinispan.CLUSTER] (thread-7,ejb,node2) [Context=org.infinispan.CONFIG] ISPN100002: Starting rebalance with members [node2, node1], phase READ_OLD_WRITE_ALL, topology id 2
[0m[0m15:56:07,928 INFO  [org.infinispan.LIFECYCLE] (thread-8,ejb,node2) [Context=org.infinispan.CONFIG] ISPN100002: Starting rebalance with members [node2, node1], phase READ_OLD_WRITE_ALL, topology id 2
[0m[0m15:56:07,928 INFO  [org.infinispan.LIFECYCLE] (thread-7,ejb,node2) [Context=org.infinispan.CONFIG] ISPN100002: Starting rebalance with members [node2, node1], phase READ_OLD_WRITE_ALL, topology id 2
[0m[0m15:56:07,948 INFO  [org.jboss.as.clustering.infinispan] (ServerService Thread Pool -- 86) Started hibernate cache container
[0m[0m15:56:07,955 INFO  [org.jboss.as.clustering.infinispan] (ServerService Thread Pool -- 80) Started web cache container
[0m[0m15:56:07,950 INFO  [org.jboss.as.clustering.infinispan] (ServerService Thread Pool -- 85) Started server cache container
[0m[0m15:56:07,949 INFO  [org.jboss.as.clustering.infinispan] (ServerService Thread Pool -- 82) Started ejb cache container
[0m[0m15:56:07,966 INFO  [org.infinispan.CLUSTER] (thread-7,ejb,node2) [Context=org.infinispan.CONFIG] ISPN100002: Starting rebalance with members [node2, node1], phase READ_OLD_WRITE_ALL, topology id 2
[0m[0m15:56:07,972 INFO  [org.infinispan.LIFECYCLE] (thread-7,ejb,node2) [Context=org.infinispan.CONFIG] ISPN100002: Starting rebalance with members [node2, node1], phase READ_OLD_WRITE_ALL, topology id 2
[0m[0m15:56:07,976 INFO  [org.infinispan.CLUSTER] (thread-8,ejb,node2) [Context=org.infinispan.CONFIG] ISPN100002: Starting rebalance with members [node2, node1], phase READ_OLD_WRITE_ALL, topology id 2
[0m[0m15:56:07,977 INFO  [org.infinispan.LIFECYCLE] (thread-8,ejb,node2) [Context=org.infinispan.CONFIG] ISPN100002: Starting rebalance with members [node2, node1], phase READ_OLD_WRITE_ALL, topology id 2
[0m[0m15:56:08,019 INFO  [org.infinispan.LIFECYCLE] (non-blocking-thread-node2-p6-t9) [Context=org.infinispan.CONFIG] ISPN100010: Finished rebalance with members [node2, node1], topology id 2
[0m[0m15:56:08,020 INFO  [org.infinispan.LIFECYCLE] (non-blocking-thread-node2-p8-t9) [Context=org.infinispan.CONFIG] ISPN100010: Finished rebalance with members [node2, node1], topology id 2
[0m[0m15:56:08,022 INFO  [org.infinispan.LIFECYCLE] (non-blocking-thread-node2-p7-t9) [Context=org.infinispan.CONFIG] ISPN100010: Finished rebalance with members [node2, node1], topology id 2
[0m[0m15:56:08,018 INFO  [org.infinispan.LIFECYCLE] (non-blocking-thread-node2-p5-t9) [Context=org.infinispan.CONFIG] ISPN100010: Finished rebalance with members [node2, node1], topology id 2
[0m[0m15:56:08,147 INFO  [org.jboss.as.clustering.infinispan] (ServerService Thread Pool -- 85) WFLYCLINF0002: Started http-remoting-connector cache from ejb container
[0m[0m15:56:08,205 INFO  [org.jboss.as.clustering.infinispan] (ServerService Thread Pool -- 85) WFLYCLINF0002: Started http-remoting-connector cache from ejb container
[0m[0m15:56:08,252 INFO  [org.jboss.as.clustering.infinispan] (ServerService Thread Pool -- 86) WFLYCLINF0002: Started default-server cache from web container
[0m[0m15:56:08,269 INFO  [org.infinispan.CONTAINER] (ServerService Thread Pool -- 82) ISPN000025: wakeUpInterval is <= 0, not starting expired purge thread
[0m[0m15:56:08,272 INFO  [org.jboss.as.clustering.infinispan] (ServerService Thread Pool -- 86) WFLYCLINF0002: Started default-server cache from web container
[0m[0m15:56:08,417 INFO  [org.jboss.as.clustering.infinispan] (ServerService Thread Pool -- 82) WFLYCLINF0002: Started reproducer.war cache from web container
[0m[0m15:56:08,427 INFO  [org.jboss.as.clustering.infinispan] (ServerService Thread Pool -- 82) WFLYCLINF0002: Started reproducer.war cache from web container
[0m[0m15:56:08,559 INFO  [org.infinispan.CLUSTER] (thread-7,ejb,node2) [Context=org.infinispan.CONFIG] ISPN100009: Advancing to rebalance phase READ_ALL_WRITE_ALL, topology id 3
[0m[0m15:56:08,578 INFO  [org.infinispan.CLUSTER] (thread-8,ejb,node2) [Context=org.infinispan.CONFIG] ISPN100009: Advancing to rebalance phase READ_ALL_WRITE_ALL, topology id 3
[0m[0m15:56:08,562 INFO  [org.infinispan.CLUSTER] (thread-9,ejb,node2) [Context=org.infinispan.CONFIG] ISPN100009: Advancing to rebalance phase READ_ALL_WRITE_ALL, topology id 3
[0m[0m15:56:08,609 INFO  [org.infinispan.CLUSTER] (thread-7,ejb,node2) [Context=org.infinispan.CONFIG] ISPN100009: Advancing to rebalance phase READ_ALL_WRITE_ALL, topology id 3
[0m[0m15:56:08,626 INFO  [org.infinispan.CLUSTER] (thread-10,ejb,node2) [Context=org.infinispan.CONFIG] ISPN100009: Advancing to rebalance phase READ_NEW_WRITE_ALL, topology id 4
[0m[0m15:56:08,636 INFO  [org.infinispan.CLUSTER] (thread-9,ejb,node2) [Context=org.infinispan.CONFIG] ISPN100009: Advancing to rebalance phase READ_NEW_WRITE_ALL, topology id 4
[0m[0m15:56:08,628 INFO  [org.infinispan.CLUSTER] (non-blocking-thread-node2-p6-t10) [Context=org.infinispan.CONFIG] ISPN100009: Advancing to rebalance phase READ_NEW_WRITE_ALL, topology id 4
[0m[0m15:56:08,634 INFO  [org.infinispan.CLUSTER] (non-blocking-thread-node2-p8-t16) [Context=org.infinispan.CONFIG] ISPN100009: Advancing to rebalance phase READ_NEW_WRITE_ALL, topology id 4
[0m[0m15:56:08,665 INFO  [org.infinispan.CLUSTER] (thread-10,ejb,node2) [Context=org.infinispan.CONFIG] ISPN100010: Finished rebalance with members [node2, node1], topology id 5
[0m[0m15:56:08,672 INFO  [org.infinispan.CLUSTER] (thread-10,ejb,node2) [Context=org.infinispan.CONFIG] ISPN100002: Starting rebalance with members [node2, node1, node3], phase READ_OLD_WRITE_ALL, topology id 6
[0m[0m15:56:08,682 INFO  [org.infinispan.LIFECYCLE] (thread-10,ejb,node2) [Context=org.infinispan.CONFIG] ISPN100002: Starting rebalance with members [node2, node1, node3], phase READ_OLD_WRITE_ALL, topology id 6
[0m[0m15:56:08,693 INFO  [org.infinispan.LIFECYCLE] (non-blocking-thread-node2-p6-t13) [Context=org.infinispan.CONFIG] ISPN100010: Finished rebalance with members [node2, node1, node3], topology id 6
[0m[0m15:56:08,696 INFO  [org.infinispan.CLUSTER] (thread-9,ejb,node2) [Context=org.infinispan.CONFIG] ISPN100010: Finished rebalance with members [node2, node1], topology id 5
[0m[0m15:56:08,699 INFO  [org.infinispan.CLUSTER] (thread-10,ejb,node2) [Context=org.infinispan.CONFIG] ISPN100010: Finished rebalance with members [node2, node1], topology id 5
[0m[0m15:56:08,713 INFO  [org.infinispan.CLUSTER] (thread-11,ejb,node2) [Context=org.infinispan.CONFIG] ISPN100010: Finished rebalance with members [node2, node1], topology id 5
[0m[0m15:56:08,722 INFO  [org.infinispan.CLUSTER] (thread-10,ejb,node2) [Context=org.infinispan.CONFIG] ISPN100002: Starting rebalance with members [node2, node1, node3], phase READ_OLD_WRITE_ALL, topology id 6
[0m[0m15:56:08,727 INFO  [org.infinispan.LIFECYCLE] (thread-10,ejb,node2) [Context=org.infinispan.CONFIG] ISPN100002: Starting rebalance with members [node2, node1, node3], phase READ_OLD_WRITE_ALL, topology id 6
[0m[0m15:56:08,710 INFO  [org.infinispan.CLUSTER] (thread-9,ejb,node2) [Context=org.infinispan.CONFIG] ISPN100002: Starting rebalance with members [node2, node1, node3], phase READ_OLD_WRITE_ALL, topology id 6
[0m[0m15:56:08,739 INFO  [org.infinispan.LIFECYCLE] (thread-9,ejb,node2) [Context=org.infinispan.CONFIG] ISPN100002: Starting rebalance with members [node2, node1, node3], phase READ_OLD_WRITE_ALL, topology id 6
[0m[0m15:56:08,765 INFO  [org.infinispan.LIFECYCLE] (non-blocking-thread-node2-p7-t16) [Context=org.infinispan.CONFIG] ISPN100010: Finished rebalance with members [node2, node1, node3], topology id 6
[0m[0m15:56:08,753 INFO  [org.infinispan.LIFECYCLE] (non-blocking-thread-node2-p8-t19) [Context=org.infinispan.CONFIG] ISPN100010: Finished rebalance with members [node2, node1, node3], topology id 6
[0m[0m15:56:08,746 INFO  [org.infinispan.CLUSTER] (thread-11,ejb,node2) [Context=org.infinispan.CONFIG] ISPN100002: Starting rebalance with members [node2, node1, node3], phase READ_OLD_WRITE_ALL, topology id 6
[0m[0m15:56:08,791 INFO  [org.infinispan.LIFECYCLE] (thread-11,ejb,node2) [Context=org.infinispan.CONFIG] ISPN100002: Starting rebalance with members [node2, node1, node3], phase READ_OLD_WRITE_ALL, topology id 6
[0m[0m15:56:08,807 INFO  [org.infinispan.LIFECYCLE] (non-blocking-thread-node2-p5-t13) [Context=org.infinispan.CONFIG] ISPN100010: Finished rebalance with members [node2, node1, node3], topology id 6
[0m[0m15:56:09,371 INFO  [org.wildfly.extension.undertow] (ServerService Thread Pool -- 82) WFLYUT0021: Registered web context: '/reproducer' for server 'default-server'
[0m[0m15:56:09,587 INFO  [org.infinispan.CLUSTER] (thread-10,ejb,node2) [Context=org.infinispan.CONFIG] ISPN100009: Advancing to rebalance phase READ_ALL_WRITE_ALL, topology id 7
[0m[0m15:56:09,596 INFO  [org.infinispan.CLUSTER] (thread-11,ejb,node2) [Context=org.infinispan.CONFIG] ISPN100009: Advancing to rebalance phase READ_ALL_WRITE_ALL, topology id 7
[0m[0m15:56:09,613 INFO  [org.infinispan.CLUSTER] (thread-10,ejb,node2) [Context=org.infinispan.CONFIG] ISPN100009: Advancing to rebalance phase READ_ALL_WRITE_ALL, topology id 7
[0m[0m15:56:09,622 INFO  [org.infinispan.CLUSTER] (thread-11,ejb,node2) [Context=org.infinispan.CONFIG] ISPN100009: Advancing to rebalance phase READ_ALL_WRITE_ALL, topology id 7
[0m[0m15:56:09,629 INFO  [org.infinispan.CLUSTER] (thread-9,ejb,node2) [Context=http-remoting-connector] ISPN100002: Starting rebalance with members [node2, node1], phase READ_OLD_WRITE_ALL, topology id 2
[0m[0m15:56:09,633 INFO  [org.infinispan.LIFECYCLE] (thread-9,ejb,node2) [Context=http-remoting-connector] ISPN100002: Starting rebalance with members [node2, node1], phase READ_OLD_WRITE_ALL, topology id 2
[0m[0m15:56:09,639 INFO  [org.infinispan.LIFECYCLE] (non-blocking-thread-node2-p7-t18) [Context=http-remoting-connector] ISPN100010: Finished rebalance with members [node2, node1], topology id 2
[0m[0m15:56:09,658 INFO  [org.infinispan.CLUSTER] (thread-10,ejb,node2) [Context=org.infinispan.CONFIG] ISPN100009: Advancing to rebalance phase READ_NEW_WRITE_ALL, topology id 8
[0m[0m15:56:09,662 INFO  [org.infinispan.CLUSTER] (thread-9,ejb,node2) [Context=org.infinispan.CONFIG] ISPN100009: Advancing to rebalance phase READ_NEW_WRITE_ALL, topology id 8
[0m[0m15:56:09,683 INFO  [org.infinispan.CLUSTER] (thread-10,ejb,node2) [Context=org.infinispan.CONFIG] ISPN100009: Advancing to rebalance phase READ_NEW_WRITE_ALL, topology id 8
[0m[0m15:56:09,688 INFO  [org.infinispan.CLUSTER] (thread-9,ejb,node2) [Context=org.infinispan.CONFIG] ISPN100010: Finished rebalance with members [node2, node1, node3], topology id 9
[0m[0m15:56:09,694 INFO  [org.infinispan.CLUSTER] (thread-10,ejb,node2) [Context=org.infinispan.CONFIG] ISPN100009: Advancing to rebalance phase READ_NEW_WRITE_ALL, topology id 8
[0m[0m15:56:09,698 INFO  [org.infinispan.CLUSTER] (non-blocking-thread-node2-p6-t15) [Context=org.infinispan.CONFIG] ISPN100010: Finished rebalance with members [node2, node1, node3], topology id 9
[0m[0m15:56:09,723 INFO  [org.infinispan.CLUSTER] (thread-10,ejb,node2) [Context=default-server] ISPN100002: Starting rebalance with members [node2, node1], phase READ_OLD_WRITE_ALL, topology id 2
[0m[0m15:56:09,725 INFO  [org.infinispan.LIFECYCLE] (thread-10,ejb,node2) [Context=default-server] ISPN100002: Starting rebalance with members [node2, node1], phase READ_OLD_WRITE_ALL, topology id 2
[0m[0m15:56:09,730 INFO  [org.infinispan.LIFECYCLE] (non-blocking-thread-node2-p8-t1) [Context=default-server] ISPN100010: Finished rebalance with members [node2, node1], topology id 2
[0m[0m15:56:09,790 INFO  [org.infinispan.CLUSTER] (thread-9,ejb,node2) [Context=org.infinispan.CONFIG] ISPN100010: Finished rebalance with members [node2, node1, node3], topology id 9
[0m[0m15:56:09,794 INFO  [org.infinispan.CLUSTER] (thread-7,ejb,node2) [Context=org.infinispan.CONFIG] ISPN100010: Finished rebalance with members [node2, node1, node3], topology id 9
[0m[0m15:56:09,886 INFO  [org.infinispan.CLUSTER] (thread-10,ejb,node2) [Context=reproducer.war] ISPN100002: Starting rebalance with members [node2, node1], phase READ_OLD_WRITE_ALL, topology id 2
[0m[0m15:56:09,896 INFO  [org.infinispan.LIFECYCLE] (thread-10,ejb,node2) [Context=reproducer.war] ISPN100002: Starting rebalance with members [node2, node1], phase READ_OLD_WRITE_ALL, topology id 2
[0m[0m15:56:09,915 INFO  [org.infinispan.LIFECYCLE] (non-blocking-thread-node2-p8-t2) [Context=reproducer.war] ISPN100010: Finished rebalance with members [node2, node1], topology id 2
[0m[0m15:56:09,955 INFO  [org.jboss.as.server] (ServerService Thread Pool -- 46) WFLYSRV0010: Deployed "reproducer.war" (runtime-name : "reproducer.war")
[0m[0m15:56:09,986 INFO  [org.infinispan.CLUSTER] (thread-9,ejb,node2) [Context=default-server] ISPN100009: Advancing to rebalance phase READ_ALL_WRITE_ALL, topology id 3
[0m[0m15:56:10,024 INFO  [org.infinispan.CLUSTER] (thread-9,ejb,node2) [Context=http-remoting-connector] ISPN100009: Advancing to rebalance phase READ_ALL_WRITE_ALL, topology id 3
[0m[0m15:56:10,027 INFO  [org.infinispan.CLUSTER] (thread-10,ejb,node2) [Context=default-server] ISPN100009: Advancing to rebalance phase READ_NEW_WRITE_ALL, topology id 4
[0m[0m15:56:10,046 INFO  [org.infinispan.CLUSTER] (thread-7,ejb,node2) [Context=reproducer.war] ISPN100009: Advancing to rebalance phase READ_ALL_WRITE_ALL, topology id 3
[0m[0m15:56:10,065 INFO  [org.infinispan.CLUSTER] (non-blocking-thread-node2-p8-t6) [Context=reproducer.war] ISPN100009: Advancing to rebalance phase READ_NEW_WRITE_ALL, topology id 4
[0m[0m15:56:10,064 INFO  [org.infinispan.CLUSTER] (thread-7,ejb,node2) [Context=default-server] ISPN100010: Finished rebalance with members [node2, node1], topology id 5
[0m[0m15:56:10,068 INFO  [org.infinispan.CLUSTER] (thread-9,ejb,node2) [Context=http-remoting-connector] ISPN100009: Advancing to rebalance phase READ_NEW_WRITE_ALL, topology id 4
[0m[0m15:56:10,148 INFO  [org.infinispan.CLUSTER] (thread-7,ejb,node2) [Context=reproducer.war] ISPN100010: Finished rebalance with members [node2, node1], topology id 5
[0m[0m15:56:10,164 INFO  [org.infinispan.CLUSTER] (thread-7,ejb,node2) [Context=http-remoting-connector] ISPN100010: Finished rebalance with members [node2, node1], topology id 5
[0m[0m15:56:10,207 INFO  [org.jboss.as.server] (Controller Boot Thread) WFLYSRV0212: Resuming server
[0m[0m15:56:10,251 INFO  [org.jboss.as] (Controller Boot Thread) WFLYSRV0060: Http management interface listening on http://127.0.0.1:10090/management
[0m[0m15:56:10,252 INFO  [org.jboss.as] (Controller Boot Thread) WFLYSRV0051: Admin console listening on http://127.0.0.1:10090
[0m[0m15:56:10,270 INFO  [org.jboss.as] (Controller Boot Thread) WFLYSRV0025: JBoss EAP 8.1 (WildFly Core 27.1.0.Final-redhat-00010) started in 33221ms - Started 521 of 814 services (507 services are lazy, passive or on-demand) - Server configuration file in use: standalone-ha.xml
[0m[0m15:56:10,375 INFO  [org.infinispan.CLUSTER] (thread-10,ejb,node2) [Context=http-remoting-connector] ISPN100002: Starting rebalance with members [node2, node1, node3], phase READ_OLD_WRITE_ALL, topology id 6
[0m[0m15:56:10,395 INFO  [org.infinispan.LIFECYCLE] (thread-10,ejb,node2) [Context=http-remoting-connector] ISPN100002: Starting rebalance with members [node2, node1, node3], phase READ_OLD_WRITE_ALL, topology id 6
[0m[0m15:56:10,414 INFO  [org.infinispan.LIFECYCLE] (non-blocking-thread-node2-p7-t2) [Context=http-remoting-connector] ISPN100010: Finished rebalance with members [node2, node1, node3], topology id 6
[0m[0m15:56:10,421 INFO  [org.infinispan.CLUSTER] (thread-7,ejb,node2) [Context=default-server] ISPN100002: Starting rebalance with members [node2, node1, node3], phase READ_OLD_WRITE_ALL, topology id 6
[0m[0m15:56:10,434 INFO  [org.infinispan.LIFECYCLE] (thread-7,ejb,node2) [Context=default-server] ISPN100002: Starting rebalance with members [node2, node1, node3], phase READ_OLD_WRITE_ALL, topology id 6
[0m[0m15:56:10,443 INFO  [org.infinispan.LIFECYCLE] (non-blocking-thread-node2-p8-t15) [Context=default-server] ISPN100010: Finished rebalance with members [node2, node1, node3], topology id 6
[0m[33m15:56:10,548 WARN  [org.jboss.as.ejb3.remote] (main - 1) WFLYEJB0509: Clustered Jakarta Enterprise Beans in Node: node1 are bound to INADDR_ANY(0.0.0.0). Either use a non-wildcard server bind address or add client-mapping entries to the relevant socket-binding for the Remoting connector
[0m[0m15:56:10,589 INFO  [org.infinispan.CLUSTER] (thread-7,ejb,node2) [Context=reproducer.war] ISPN100002: Starting rebalance with members [node2, node1, node3], phase READ_OLD_WRITE_ALL, topology id 6
[0m[0m15:56:10,591 INFO  [org.infinispan.CLUSTER] (thread-11,ejb,node2) [Context=http-remoting-connector] ISPN100009: Advancing to rebalance phase READ_ALL_WRITE_ALL, topology id 7
[0m[0m15:56:10,596 INFO  [org.infinispan.LIFECYCLE] (thread-7,ejb,node2) [Context=reproducer.war] ISPN100002: Starting rebalance with members [node2, node1, node3], phase READ_OLD_WRITE_ALL, topology id 6
[0m[0m15:56:10,632 INFO  [org.infinispan.CLUSTER] (thread-7,ejb,node2) [Context=http-remoting-connector] ISPN100009: Advancing to rebalance phase READ_NEW_WRITE_ALL, topology id 8
[0m[0m15:56:10,646 INFO  [org.infinispan.CLUSTER] (thread-11,ejb,node2) [Context=default-server] ISPN100009: Advancing to rebalance phase READ_ALL_WRITE_ALL, topology id 7
[0m[0m15:56:10,661 INFO  [org.infinispan.LIFECYCLE] (thread-9,ejb,node2) [Context=reproducer.war] ISPN100010: Finished rebalance with members [node2, node1, node3], topology id 6
[0m[0m15:56:10,673 INFO  [org.infinispan.CLUSTER] (thread-9,ejb,node2) [Context=default-server] ISPN100009: Advancing to rebalance phase READ_NEW_WRITE_ALL, topology id 8
[0m[0m15:56:10,677 INFO  [org.infinispan.CLUSTER] (thread-7,ejb,node2) [Context=http-remoting-connector] ISPN100010: Finished rebalance with members [node2, node1, node3], topology id 9
[0m[0m15:56:10,701 INFO  [org.infinispan.CLUSTER] (thread-9,ejb,node2) [Context=default-server] ISPN100010: Finished rebalance with members [node2, node1, node3], topology id 9
[0m[0m15:56:10,764 INFO  [org.infinispan.CLUSTER] (thread-7,ejb,node2) [Context=reproducer.war] ISPN100009: Advancing to rebalance phase READ_ALL_WRITE_ALL, topology id 7
[0m[33m15:56:10,787 WARN  [org.jboss.as.ejb3.remote] (main - 1) WFLYEJB0509: Clustered Jakarta Enterprise Beans in Node: node3 are bound to INADDR_ANY(0.0.0.0). Either use a non-wildcard server bind address or add client-mapping entries to the relevant socket-binding for the Remoting connector
[0m[0m15:56:10,795 INFO  [org.infinispan.CLUSTER] (thread-9,ejb,node2) [Context=reproducer.war] ISPN100009: Advancing to rebalance phase READ_NEW_WRITE_ALL, topology id 8
[0m[0m15:56:10,846 INFO  [org.infinispan.CLUSTER] (thread-9,ejb,node2) [Context=reproducer.war] ISPN100010: Finished rebalance with members [node2, node1, node3], topology id 9
[0m[0m15:56:26,341 INFO  [org.infinispan.CLUSTER] (thread-9,ejb,node2) [Context=org.infinispan.CONFIG] ISPN100008: Updating cache members list [node2, node3], topology id 10
[0m[0m15:56:26,342 INFO  [org.infinispan.CLUSTER] (thread-7,ejb,node2) [Context=org.infinispan.CONFIG] ISPN100008: Updating cache members list [node2, node3], topology id 10
[0m[0m15:56:26,354 INFO  [org.infinispan.CLUSTER] (thread-9,ejb,node2) [Context=org.infinispan.CONFIG] ISPN100002: Starting rebalance with members [node2, node3], phase READ_OLD_WRITE_ALL, topology id 11
[0m[0m15:56:26,349 INFO  [org.infinispan.CLUSTER] (thread-11,ejb,node2) [Context=reproducer.war] ISPN100008: Updating cache members list [node2, node3], topology id 10
[0m[0m15:56:26,357 INFO  [org.infinispan.CLUSTER] (thread-7,ejb,node2) [Context=org.infinispan.CONFIG] ISPN100002: Starting rebalance with members [node2, node3], phase READ_OLD_WRITE_ALL, topology id 11
[0m[0m15:56:26,358 INFO  [org.infinispan.LIFECYCLE] (thread-7,ejb,node2) [Context=org.infinispan.CONFIG] ISPN100002: Starting rebalance with members [node2, node3], phase READ_OLD_WRITE_ALL, topology id 11
[0m[0m15:56:26,357 INFO  [org.infinispan.LIFECYCLE] (thread-9,ejb,node2) [Context=org.infinispan.CONFIG] ISPN100002: Starting rebalance with members [node2, node3], phase READ_OLD_WRITE_ALL, topology id 11
[0m[0m15:56:26,363 INFO  [org.infinispan.LIFECYCLE] (non-blocking-thread-node2-p6-t19) [Context=org.infinispan.CONFIG] ISPN100010: Finished rebalance with members [node2, node3], topology id 11
[0m[0m15:56:26,359 INFO  [org.infinispan.CLUSTER] (thread-11,ejb,node2) [Context=reproducer.war] ISPN100002: Starting rebalance with members [node2, node3], phase READ_OLD_WRITE_ALL, topology id 11
[0m[0m15:56:26,367 INFO  [org.infinispan.LIFECYCLE] (thread-11,ejb,node2) [Context=reproducer.war] ISPN100002: Starting rebalance with members [node2, node3], phase READ_OLD_WRITE_ALL, topology id 11
[0m[0m15:56:26,377 INFO  [org.infinispan.LIFECYCLE] (non-blocking-thread-node2-p5-t19) [Context=org.infinispan.CONFIG] ISPN100010: Finished rebalance with members [node2, node3], topology id 11
[0m[0m15:56:26,386 INFO  [org.infinispan.CLUSTER] (thread-10,ejb,node2) [Context=org.infinispan.CONFIG] ISPN100009: Advancing to rebalance phase READ_ALL_WRITE_ALL, topology id 12
[0m[0m15:56:26,428 INFO  [org.infinispan.CLUSTER] (thread-10,ejb,node2) [Context=org.infinispan.CONFIG] ISPN100009: Advancing to rebalance phase READ_ALL_WRITE_ALL, topology id 12
[0m[0m15:56:26,429 INFO  [org.infinispan.CLUSTER] (non-blocking-thread-node2-p6-t20) [Context=org.infinispan.CONFIG] ISPN100009: Advancing to rebalance phase READ_NEW_WRITE_ALL, topology id 13
[0m[0m15:56:26,451 INFO  [org.infinispan.CLUSTER] (thread-7,ejb,node2) [Context=org.infinispan.CONFIG] ISPN100009: Advancing to rebalance phase READ_NEW_WRITE_ALL, topology id 13
[0m[0m15:56:26,465 INFO  [org.infinispan.CLUSTER] (thread-11,ejb,node2) [Context=org.infinispan.CONFIG] ISPN100010: Finished rebalance with members [node2, node3], topology id 14
[0m[0m15:56:26,497 INFO  [org.infinispan.LIFECYCLE] (thread-9,ejb,node2) [Context=reproducer.war] ISPN100010: Finished rebalance with members [node2, node3], topology id 11
[0m[0m15:56:26,505 INFO  [org.infinispan.CLUSTER] (thread-7,ejb,node2) [Context=org.infinispan.CONFIG] ISPN100010: Finished rebalance with members [node2, node3], topology id 14
[0m[0m15:56:26,517 INFO  [org.infinispan.CLUSTER] (thread-11,ejb,node2) [Context=default-server] ISPN100008: Updating cache members list [node2, node3], topology id 10
[0m[0m15:56:26,513 INFO  [org.infinispan.CLUSTER] (thread-10,ejb,node2) [Context=http-remoting-connector] ISPN100008: Updating cache members list [node2, node3], topology id 10
[0m[0m15:56:26,523 INFO  [org.infinispan.CLUSTER] (thread-11,ejb,node2) [Context=default-server] ISPN100002: Starting rebalance with members [node2, node3], phase READ_OLD_WRITE_ALL, topology id 11
[0m[0m15:56:26,530 INFO  [org.infinispan.LIFECYCLE] (thread-11,ejb,node2) [Context=default-server] ISPN100002: Starting rebalance with members [node2, node3], phase READ_OLD_WRITE_ALL, topology id 11
[0m[0m15:56:26,544 INFO  [org.infinispan.LIFECYCLE] (non-blocking-thread-node2-p8-t6) [Context=default-server] ISPN100010: Finished rebalance with members [node2, node3], topology id 11
[0m[0m15:56:26,548 INFO  [org.infinispan.CLUSTER] (thread-10,ejb,node2) [Context=http-remoting-connector] ISPN100002: Starting rebalance with members [node2, node3], phase READ_OLD_WRITE_ALL, topology id 11
[0m[0m15:56:26,566 INFO  [org.infinispan.CLUSTER] (thread-11,ejb,node2) [Context=default-server] ISPN100009: Advancing to rebalance phase READ_ALL_WRITE_ALL, topology id 12
[0m[0m15:56:26,587 INFO  [org.infinispan.LIFECYCLE] (thread-10,ejb,node2) [Context=http-remoting-connector] ISPN100002: Starting rebalance with members [node2, node3], phase READ_OLD_WRITE_ALL, topology id 11
[0m[0m15:56:26,596 INFO  [org.infinispan.CLUSTER] (thread-8,ejb,node2) [Context=org.infinispan.CONFIG] ISPN100008: Updating cache members list [node2, node3], topology id 10
[0m[0m15:56:26,607 INFO  [org.infinispan.CLUSTER] (non-blocking-thread-node2-p7-t8) [Context=http-remoting-connector] ISPN100009: Advancing to rebalance phase READ_ALL_WRITE_ALL, topology id 12
[0m[0m15:56:26,611 INFO  [org.infinispan.CLUSTER] (thread-8,ejb,node2) [Context=org.infinispan.CONFIG] ISPN100002: Starting rebalance with members [node2, node3], phase READ_OLD_WRITE_ALL, topology id 11
[0m[0m15:56:26,622 INFO  [org.infinispan.CLUSTER] (thread-11,ejb,node2) [Context=default-server] ISPN100009: Advancing to rebalance phase READ_NEW_WRITE_ALL, topology id 13
[0m[0m15:56:26,620 INFO  [org.infinispan.LIFECYCLE] (non-blocking-thread-node2-p7-t8) [Context=http-remoting-connector] ISPN100010: Finished rebalance with members [node2, node3], topology id 11
[0m[0m15:56:26,631 INFO  [org.infinispan.LIFECYCLE] (thread-8,ejb,node2) [Context=org.infinispan.CONFIG] ISPN100002: Starting rebalance with members [node2, node3], phase READ_OLD_WRITE_ALL, topology id 11
[0m[0m15:56:26,612 INFO  [org.infinispan.LIFECYCLE] (thread-9,ejb,node2) ISPN000973: Task 'state-transfer-reproducer.war' started at 2026-09-10T10:26:26.482170871Z and done 2026-09-10T10:26:26.612251005Z
[0m[0m15:56:26,634 INFO  [org.infinispan.CLUSTER] (thread-9,ejb,node2) [Context=reproducer.war] ISPN100009: Advancing to rebalance phase READ_ALL_WRITE_ALL, topology id 12
[0m[0m15:56:26,634 INFO  [org.infinispan.CLUSTER] (thread-12,ejb,node2) [Context=org.infinispan.CONFIG] ISPN100008: Updating cache members list [node2, node3], topology id 10
[0m[0m15:56:26,647 INFO  [org.infinispan.LIFECYCLE] (non-blocking-thread-node2-p8-t14) [Context=org.infinispan.CONFIG] ISPN100010: Finished rebalance with members [node2, node3], topology id 11
[0m[0m15:56:26,659 INFO  [org.infinispan.CLUSTER] (thread-12,ejb,node2) [Context=org.infinispan.CONFIG] ISPN100002: Starting rebalance with members [node2, node3], phase READ_OLD_WRITE_ALL, topology id 11
[0m[0m15:56:26,667 INFO  [org.infinispan.CLUSTER] (thread-7,ejb,node2) [Context=http-remoting-connector] ISPN100009: Advancing to rebalance phase READ_NEW_WRITE_ALL, topology id 13
[0m[0m15:56:26,661 INFO  [org.infinispan.LIFECYCLE] (thread-12,ejb,node2) [Context=org.infinispan.CONFIG] ISPN100002: Starting rebalance with members [node2, node3], phase READ_OLD_WRITE_ALL, topology id 11
[0m[0m15:56:26,668 INFO  [org.infinispan.CLUSTER] (thread-8,ejb,node2) [Context=default-server] ISPN100010: Finished rebalance with members [node2, node3], topology id 14
[0m[0m15:56:26,675 INFO  [org.infinispan.CLUSTER] (thread-12,ejb,node2) [Context=reproducer.war] ISPN100009: Advancing to rebalance phase READ_NEW_WRITE_ALL, topology id 13
[0m[0m15:56:26,667 INFO  [org.infinispan.CLUSTER] (thread-9,ejb,node2) [Context=org.infinispan.CONFIG] ISPN100009: Advancing to rebalance phase READ_ALL_WRITE_ALL, topology id 12
[0m[0m15:56:26,676 INFO  [org.infinispan.LIFECYCLE] (non-blocking-thread-node2-p7-t10) [Context=org.infinispan.CONFIG] ISPN100010: Finished rebalance with members [node2, node3], topology id 11
[0m[0m15:56:26,725 INFO  [org.infinispan.CLUSTER] (thread-9,ejb,node2) [Context=http-remoting-connector] ISPN100010: Finished rebalance with members [node2, node3], topology id 14
[0m[0m15:56:26,732 INFO  [org.infinispan.CLUSTER] (thread-7,ejb,node2) [Context=org.infinispan.CONFIG] ISPN100009: Advancing to rebalance phase READ_NEW_WRITE_ALL, topology id 13
[0m[0m15:56:26,742 INFO  [org.infinispan.CLUSTER] (thread-9,ejb,node2) [Context=org.infinispan.CONFIG] ISPN100009: Advancing to rebalance phase READ_ALL_WRITE_ALL, topology id 12
[0m[0m15:56:26,759 INFO  [org.infinispan.CLUSTER] (thread-9,ejb,node2) [Context=org.infinispan.CONFIG] ISPN100009: Advancing to rebalance phase READ_NEW_WRITE_ALL, topology id 13
[0m[0m15:56:26,770 INFO  [org.infinispan.CLUSTER] (thread-9,ejb,node2) [Context=reproducer.war] ISPN100010: Finished rebalance with members [node2, node3], topology id 14
[0m[0m15:56:26,794 INFO  [org.infinispan.CLUSTER] (thread-7,ejb,node2) [Context=org.infinispan.CONFIG] ISPN100010: Finished rebalance with members [node2, node3], topology id 14
[0m[0m15:56:26,800 INFO  [org.infinispan.CLUSTER] (thread-9,ejb,node2) [Context=org.infinispan.CONFIG] ISPN100010: Finished rebalance with members [node2, node3], topology id 14
[0m[0m15:56:26,842 INFO  [org.infinispan.CLUSTER] (thread-7,ejb,node2) ISPN100001: Node node1 left the cluster
[0m[0m15:56:26,843 INFO  [org.infinispan.CLUSTER] (thread-7,ejb,node2) ISPN100001: Node node1 left the cluster
[0m[0m15:56:26,846 INFO  [org.infinispan.CLUSTER] (thread-7,ejb,node2) ISPN100001: Node node1 left the cluster
[0m[0m15:56:26,847 INFO  [org.infinispan.CLUSTER] (thread-7,ejb,node2) ISPN100001: Node node1 left the cluster
[0m[0m15:56:26,853 INFO  [org.infinispan.CLUSTER] (thread-7,ejb,node2) ISPN100001: Node node1 left the cluster
[0m[0m15:56:26,854 INFO  [org.infinispan.CLUSTER] (thread-7,ejb,node2) ISPN100001: Node node1 left the cluster
[0m[0m15:56:26,855 INFO  [org.infinispan.CLUSTER] (thread-7,ejb,node2) ISPN100001: Node node1 left the cluster
[0m[0m15:56:26,855 INFO  [org.infinispan.CLUSTER] (thread-7,ejb,node2) ISPN100001: Node node1 left the cluster
[0m[0m15:56:28,197 INFO  [org.infinispan.CLUSTER] (thread-7,ejb,node2) ISPN100000: Node node1 joined the cluster
[0m[0m15:56:28,198 INFO  [org.infinispan.CLUSTER] (thread-7,ejb,node2) ISPN100000: Node node1 joined the cluster
[0m[0m15:56:28,200 INFO  [org.infinispan.CLUSTER] (thread-7,ejb,node2) ISPN100000: Node node1 joined the cluster
[0m[0m15:56:28,201 INFO  [org.infinispan.CLUSTER] (thread-7,ejb,node2) ISPN100000: Node node1 joined the cluster
[0m[0m15:56:28,202 INFO  [org.infinispan.CLUSTER] (thread-7,ejb,node2) ISPN100000: Node node1 joined the cluster
[0m[0m15:56:28,203 INFO  [org.infinispan.CLUSTER] (thread-7,ejb,node2) ISPN100000: Node node1 joined the cluster
[0m[0m15:56:28,204 INFO  [org.infinispan.CLUSTER] (thread-7,ejb,node2) ISPN100000: Node node1 joined the cluster
[0m[0m15:56:28,205 INFO  [org.infinispan.CLUSTER] (thread-7,ejb,node2) ISPN100000: Node node1 joined the cluster
[0m[0m15:56:28,373 INFO  [org.infinispan.CLUSTER] (thread-7,ejb,node2) [Context=org.infinispan.CONFIG] ISPN100002: Starting rebalance with members [node2, node3, node1], phase READ_OLD_WRITE_ALL, topology id 15
[0m[0m15:56:28,392 INFO  [org.infinispan.LIFECYCLE] (thread-7,ejb,node2) [Context=org.infinispan.CONFIG] ISPN100002: Starting rebalance with members [node2, node3, node1], phase READ_OLD_WRITE_ALL, topology id 15
[0m[0m15:56:28,423 INFO  [org.infinispan.LIFECYCLE] (non-blocking-thread-node2-p5-t8) [Context=org.infinispan.CONFIG] ISPN100010: Finished rebalance with members [node2, node3, node1], topology id 15
[0m[0m15:56:28,491 INFO  [org.infinispan.CLUSTER] (thread-9,ejb,node2) [Context=org.infinispan.CONFIG] ISPN100002: Starting rebalance with members [node2, node3, node1], phase READ_OLD_WRITE_ALL, topology id 15
[0m[0m15:56:28,503 INFO  [org.infinispan.LIFECYCLE] (thread-9,ejb,node2) [Context=org.infinispan.CONFIG] ISPN100002: Starting rebalance with members [node2, node3, node1], phase READ_OLD_WRITE_ALL, topology id 15
[0m[0m15:56:28,514 INFO  [org.infinispan.LIFECYCLE] (non-blocking-thread-node2-p6-t8) [Context=org.infinispan.CONFIG] ISPN100010: Finished rebalance with members [node2, node3, node1], topology id 15
[0m[0m15:56:28,527 INFO  [org.infinispan.CLUSTER] (thread-9,ejb,node2) [Context=org.infinispan.CONFIG] ISPN100002: Starting rebalance with members [node2, node3, node1], phase READ_OLD_WRITE_ALL, topology id 15
[0m[0m15:56:28,538 INFO  [org.infinispan.LIFECYCLE] (thread-9,ejb,node2) [Context=org.infinispan.CONFIG] ISPN100002: Starting rebalance with members [node2, node3, node1], phase READ_OLD_WRITE_ALL, topology id 15
[0m[0m15:56:28,535 INFO  [org.infinispan.CLUSTER] (thread-7,ejb,node2) [Context=org.infinispan.CONFIG] ISPN100002: Starting rebalance with members [node2, node3, node1], phase READ_OLD_WRITE_ALL, topology id 15
[0m[0m15:56:28,543 INFO  [org.infinispan.LIFECYCLE] (non-blocking-thread-node2-p8-t13) [Context=org.infinispan.CONFIG] ISPN100010: Finished rebalance with members [node2, node3, node1], topology id 15
[0m[0m15:56:28,549 INFO  [org.infinispan.LIFECYCLE] (thread-7,ejb,node2) [Context=org.infinispan.CONFIG] ISPN100002: Starting rebalance with members [node2, node3, node1], phase READ_OLD_WRITE_ALL, topology id 15
[0m[0m15:56:28,560 INFO  [org.infinispan.LIFECYCLE] (non-blocking-thread-node2-p7-t3) [Context=org.infinispan.CONFIG] ISPN100010: Finished rebalance with members [node2, node3, node1], topology id 15
[0m[0m15:56:28,587 INFO  [org.infinispan.CLUSTER] (thread-7,ejb,node2) [Context=org.infinispan.CONFIG] ISPN100009: Advancing to rebalance phase READ_ALL_WRITE_ALL, topology id 16
[0m[0m15:56:28,618 INFO  [org.infinispan.CLUSTER] (thread-12,ejb,node2) [Context=org.infinispan.CONFIG] ISPN100009: Advancing to rebalance phase READ_NEW_WRITE_ALL, topology id 17
[0m[0m15:56:28,619 INFO  [org.infinispan.CLUSTER] (thread-7,ejb,node2) [Context=org.infinispan.CONFIG] ISPN100009: Advancing to rebalance phase READ_ALL_WRITE_ALL, topology id 16
[0m[0m15:56:28,641 INFO  [org.infinispan.CLUSTER] (thread-7,ejb,node2) [Context=org.infinispan.CONFIG] ISPN100009: Advancing to rebalance phase READ_NEW_WRITE_ALL, topology id 17
[0m[0m15:56:28,646 INFO  [org.infinispan.CLUSTER] (thread-9,ejb,node2) [Context=org.infinispan.CONFIG] ISPN100010: Finished rebalance with members [node2, node3, node1], topology id 18
[0m[0m15:56:28,653 INFO  [org.infinispan.CLUSTER] (thread-7,ejb,node2) [Context=org.infinispan.CONFIG] ISPN100009: Advancing to rebalance phase READ_ALL_WRITE_ALL, topology id 16
[0m[0m15:56:28,655 INFO  [org.infinispan.CLUSTER] (thread-9,ejb,node2) [Context=org.infinispan.CONFIG] ISPN100009: Advancing to rebalance phase READ_ALL_WRITE_ALL, topology id 16
[0m[0m15:56:28,659 INFO  [org.infinispan.CLUSTER] (thread-7,ejb,node2) [Context=org.infinispan.CONFIG] ISPN100010: Finished rebalance with members [node2, node3, node1], topology id 18
[0m[0m15:56:28,669 INFO  [org.infinispan.CLUSTER] (thread-9,ejb,node2) [Context=org.infinispan.CONFIG] ISPN100009: Advancing to rebalance phase READ_NEW_WRITE_ALL, topology id 17
[0m[0m15:56:28,676 INFO  [org.infinispan.CLUSTER] (thread-7,ejb,node2) [Context=org.infinispan.CONFIG] ISPN100009: Advancing to rebalance phase READ_NEW_WRITE_ALL, topology id 17
[0m[0m15:56:28,681 INFO  [org.infinispan.CLUSTER] (thread-7,ejb,node2) [Context=org.infinispan.CONFIG] ISPN100010: Finished rebalance with members [node2, node3, node1], topology id 18
[0m[0m15:56:28,716 INFO  [org.infinispan.CLUSTER] (thread-7,ejb,node2) [Context=org.infinispan.CONFIG] ISPN100010: Finished rebalance with members [node2, node3, node1], topology id 18
[0m[0m15:56:28,749 INFO  [org.infinispan.CLUSTER] (thread-7,ejb,node2) [Context=http-remoting-connector] ISPN100002: Starting rebalance with members [node2, node3, node1], phase READ_OLD_WRITE_ALL, topology id 15
[0m[0m15:56:28,751 INFO  [org.infinispan.LIFECYCLE] (thread-7,ejb,node2) [Context=http-remoting-connector] ISPN100002: Starting rebalance with members [node2, node3, node1], phase READ_OLD_WRITE_ALL, topology id 15
[0m[0m15:56:28,808 INFO  [org.infinispan.CLUSTER] (thread-7,ejb,node2) [Context=default-server] ISPN100002: Starting rebalance with members [node2, node3, node1], phase READ_OLD_WRITE_ALL, topology id 15
[0m[0m15:56:28,810 INFO  [org.infinispan.LIFECYCLE] (thread-7,ejb,node2) [Context=default-server] ISPN100002: Starting rebalance with members [node2, node3, node1], phase READ_OLD_WRITE_ALL, topology id 15
[0m[0m15:56:28,811 INFO  [org.infinispan.LIFECYCLE] (non-blocking-thread-node2-p7-t8) [Context=http-remoting-connector] ISPN100010: Finished rebalance with members [node2, node3, node1], topology id 15
[0m[0m15:56:28,816 INFO  [org.infinispan.LIFECYCLE] (non-blocking-thread-node2-p8-t17) [Context=default-server] ISPN100010: Finished rebalance with members [node2, node3, node1], topology id 15
[0m[0m15:56:28,829 INFO  [org.infinispan.CLUSTER] (thread-9,ejb,node2) [Context=reproducer.war] ISPN100002: Starting rebalance with members [node2, node3, node1], phase READ_OLD_WRITE_ALL, topology id 15
[0m[0m15:56:28,833 INFO  [org.infinispan.LIFECYCLE] (thread-9,ejb,node2) [Context=reproducer.war] ISPN100002: Starting rebalance with members [node2, node3, node1], phase READ_OLD_WRITE_ALL, topology id 15
[0m[0m15:56:28,889 INFO  [org.infinispan.LIFECYCLE] (thread-7,ejb,node2) [Context=reproducer.war] ISPN100010: Finished rebalance with members [node2, node3, node1], topology id 15
[0m[0m15:56:28,892 INFO  [org.infinispan.CLUSTER] (thread-7,ejb,node2) [Context=http-remoting-connector] ISPN100009: Advancing to rebalance phase READ_ALL_WRITE_ALL, topology id 16
[0m[0m15:56:28,950 INFO  [org.infinispan.CLUSTER] (thread-12,ejb,node2) [Context=default-server] ISPN100009: Advancing to rebalance phase READ_ALL_WRITE_ALL, topology id 16
[0m[0m15:56:28,950 INFO  [org.infinispan.CLUSTER] (thread-7,ejb,node2) [Context=http-remoting-connector] ISPN100009: Advancing to rebalance phase READ_NEW_WRITE_ALL, topology id 17
[0m[0m15:56:28,968 INFO  [org.infinispan.CLUSTER] (thread-12,ejb,node2) [Context=default-server] ISPN100009: Advancing to rebalance phase READ_NEW_WRITE_ALL, topology id 17
[0m[0m15:56:28,970 INFO  [org.infinispan.CLUSTER] (thread-12,ejb,node2) [Context=http-remoting-connector] ISPN100010: Finished rebalance with members [node2, node3, node1], topology id 18
[0m[0m15:56:28,987 INFO  [org.infinispan.CLUSTER] (thread-9,ejb,node2) [Context=default-server] ISPN100010: Finished rebalance with members [node2, node3, node1], topology id 18
[0m[0m15:56:28,989 INFO  [org.infinispan.CLUSTER] (thread-12,ejb,node2) [Context=reproducer.war] ISPN100009: Advancing to rebalance phase READ_ALL_WRITE_ALL, topology id 16
[0m[0m15:56:29,031 INFO  [org.infinispan.CLUSTER] (thread-9,ejb,node2) [Context=reproducer.war] ISPN100009: Advancing to rebalance phase READ_NEW_WRITE_ALL, topology id 17
[0m[0m15:56:29,062 INFO  [org.infinispan.CLUSTER] (thread-9,ejb,node2) [Context=reproducer.war] ISPN100010: Finished rebalance with members [node2, node3, node1], topology id 18
[0m[33m15:56:29,088 WARN  [org.jboss.as.ejb3.remote] (main - 1) WFLYEJB0509: Clustered Jakarta Enterprise Beans in Node: node1 are bound to INADDR_ANY(0.0.0.0). Either use a non-wildcard server bind address or add client-mapping entries to the relevant socket-binding for the Remoting connector
[0m[0m15:56:32,437 INFO  [org.jboss.as.mail.extension] (MSC service thread 1-3) WFLYMAIL0002: Unbound mail session [java:jboss/mail/Default]
[0m[0m15:56:32,441 INFO  [org.infinispan.CLUSTER] (ServerService Thread Pool -- 82) [Context=org.infinispan.CONFIG] ISPN100008: Updating cache members list [node3, node1], topology id 19
[0m[0m15:56:32,441 INFO  [org.infinispan.CLUSTER] (ServerService Thread Pool -- 90) [Context=org.infinispan.CONFIG] ISPN100008: Updating cache members list [node3, node1], topology id 19
[0m[0m15:56:32,445 INFO  [org.infinispan.CLUSTER] (ServerService Thread Pool -- 82) [Context=org.infinispan.CONFIG] ISPN100002: Starting rebalance with members [node3, node1], phase READ_OLD_WRITE_ALL, topology id 20
[0m[0m15:56:32,446 INFO  [org.infinispan.CLUSTER] (ServerService Thread Pool -- 90) [Context=org.infinispan.CONFIG] ISPN100002: Starting rebalance with members [node3, node1], phase READ_OLD_WRITE_ALL, topology id 20
[0m[0m15:56:32,449 INFO  [org.wildfly.extension.undertow] (ServerService Thread Pool -- 93) WFLYUT0022: Unregistered web context: '/reproducer' from server 'default-server'
[0m[0m15:56:32,464 INFO  [org.infinispan.CONTAINER] (ServerService Thread Pool -- 90) ISPN000390: Persisted state, version=15.0.16.Final-redhat-00001 timestamp=2026-09-10T10:26:32.461904460Z
[0m[0m15:56:32,467 INFO  [org.infinispan.CONTAINER] (ServerService Thread Pool -- 82) ISPN000390: Persisted state, version=15.0.16.Final-redhat-00001 timestamp=2026-09-10T10:26:32.461820778Z
[0m[0m15:56:32,475 INFO  [org.wildfly.extension.undertow] (MSC service thread 1-5) WFLYUT0019: Host default-host stopping
[0m[0m15:56:32,478 INFO  [org.jboss.as.connector.subsystems.datasources] (MSC service thread 1-8) WFLYJCA0010: Unbound data source [java:jboss/datasources/ExampleDS]
[0m[0m15:56:32,480 INFO  [org.infinispan.CLUSTER] (ServerService Thread Pool -- 92) [Context=reproducer.war] ISPN100008: Updating cache members list [node3, node1], topology id 19
[0m[0m15:56:32,480 INFO  [org.jboss.modcluster] (ServerService Thread Pool -- 93) MODCLUSTER000002: Initiating mod_cluster shutdown
[0m[0m15:56:32,483 INFO  [org.jboss.as.clustering.infinispan] (ServerService Thread Pool -- 90) Stopped hibernate cache container
[0m[0m15:56:32,485 INFO  [org.infinispan.CLUSTER] (ServerService Thread Pool -- 92) [Context=reproducer.war] ISPN100002: Starting rebalance with members [node3, node1], phase READ_OLD_WRITE_ALL, topology id 20
[0m[0m15:56:32,487 INFO  [org.jboss.as.connector.deployers.jdbc] (MSC service thread 1-3) WFLYJCA0019: Stopped Driver service with driver-name = h2
[0m[0m15:56:32,497 INFO  [org.jboss.as.clustering.infinispan] (ServerService Thread Pool -- 82) Stopped server cache container
[0m[0m15:56:32,500 INFO  [org.jboss.as.clustering.infinispan] (ServerService Thread Pool -- 92) WFLYCLINF0003: Stopped reproducer.war cache from web container
[0m[0m15:56:32,530 INFO  [org.infinispan.CLUSTER] (ServerService Thread Pool -- 82) [Context=default-server] ISPN100008: Updating cache members list [node3, node1], topology id 19
[0m[0m15:56:32,532 INFO  [org.infinispan.CLUSTER] (ServerService Thread Pool -- 92) [Context=http-remoting-connector] ISPN100008: Updating cache members list [node3, node1], topology id 19
[0m[0m15:56:32,542 INFO  [org.infinispan.CLUSTER] (ServerService Thread Pool -- 92) [Context=http-remoting-connector] ISPN100002: Starting rebalance with members [node3, node1], phase READ_OLD_WRITE_ALL, topology id 20
[0m[0m15:56:32,540 INFO  [org.infinispan.CLUSTER] (ServerService Thread Pool -- 82) [Context=default-server] ISPN100002: Starting rebalance with members [node3, node1], phase READ_OLD_WRITE_ALL, topology id 20
[0m[0m15:56:32,551 INFO  [org.jboss.as.clustering.infinispan] (ServerService Thread Pool -- 92) WFLYCLINF0003: Stopped http-remoting-connector cache from ejb container
[0m[0m15:56:32,554 INFO  [org.jboss.as.clustering.infinispan] (ServerService Thread Pool -- 82) WFLYCLINF0003: Stopped default-server cache from web container
[0m[0m15:56:32,567 INFO  [org.wildfly.extension.undertow] (MSC service thread 1-1) WFLYUT0008: Undertow AJP listener ajp suspending
[0m[0m15:56:32,569 INFO  [org.wildfly.extension.undertow] (MSC service thread 1-5) WFLYUT0008: Undertow HTTPS listener https suspending
[0m[0m15:56:32,570 INFO  [org.wildfly.extension.undertow] (MSC service thread 1-2) WFLYUT0008: Undertow HTTP listener default suspending
[0m[0m15:56:32,571 INFO  [org.wildfly.extension.undertow] (MSC service thread 1-5) WFLYUT0007: Undertow HTTPS listener https stopped, was bound to 0.0.0.0:8543
[0m[0m15:56:32,575 INFO  [org.wildfly.extension.undertow] (MSC service thread 1-1) WFLYUT0007: Undertow AJP listener ajp stopped, was bound to 0.0.0.0:8109
[0m[0m15:56:32,577 INFO  [org.infinispan.CLUSTER] (ServerService Thread Pool -- 82) [Context=org.infinispan.CONFIG] ISPN100008: Updating cache members list [node3, node1], topology id 19
[0m[0m15:56:32,576 INFO  [org.wildfly.extension.undertow] (MSC service thread 1-2) WFLYUT0007: Undertow HTTP listener default stopped, was bound to 0.0.0.0:8180
[0m[0m15:56:32,580 INFO  [org.infinispan.CLUSTER] (ServerService Thread Pool -- 82) [Context=org.infinispan.CONFIG] ISPN100002: Starting rebalance with members [node3, node1], phase READ_OLD_WRITE_ALL, topology id 20
[0m[0m15:56:32,584 INFO  [org.infinispan.CLUSTER] (ServerService Thread Pool -- 92) [Context=org.infinispan.CONFIG] ISPN100008: Updating cache members list [node3, node1], topology id 19
[0m[0m15:56:32,586 INFO  [org.infinispan.CLUSTER] (thread-8,ejb,node2) [Context=http-remoting-connector] ISPN100009: Advancing to rebalance phase READ_ALL_WRITE_ALL, topology id 21
[0m[0m15:56:32,591 INFO  [org.infinispan.CLUSTER] (ServerService Thread Pool -- 92) [Context=org.infinispan.CONFIG] ISPN100002: Starting rebalance with members [node3, node1], phase READ_OLD_WRITE_ALL, topology id 20
[0m[0m15:56:32,591 INFO  [org.jboss.as.server.deployment] (MSC service thread 1-6) WFLYSRV0028: Stopped deployment reproducer.war (runtime-name: reproducer.war) in 166ms
[0m[0m15:56:32,593 INFO  [org.wildfly.extension.undertow] (MSC service thread 1-4) WFLYUT0004: Undertow 2.3.18.SP1-redhat-00001 stopping
[0m[0m15:56:32,596 INFO  [org.infinispan.CONTAINER] (ServerService Thread Pool -- 82) ISPN000390: Persisted state, version=15.0.16.Final-redhat-00001 timestamp=2026-09-10T10:26:32.595519280Z
[0m[0m15:56:32,600 INFO  [org.infinispan.CLUSTER] (thread-12,ejb,node2) [Context=default-server] ISPN100009: Advancing to rebalance phase READ_ALL_WRITE_ALL, topology id 21
[0m[0m15:56:32,608 INFO  [org.infinispan.CONTAINER] (ServerService Thread Pool -- 92) ISPN000390: Persisted state, version=15.0.16.Final-redhat-00001 timestamp=2026-09-10T10:26:32.606671512Z
[0m[0m15:56:32,611 INFO  [org.jboss.as.clustering.infinispan] (ServerService Thread Pool -- 82) Stopped web cache container
[0m[0m15:56:32,630 INFO  [org.jboss.as.clustering.infinispan] (ServerService Thread Pool -- 92) Stopped ejb cache container
[0m[0m15:56:32,634 INFO  [org.jboss.as.clustering.jgroups] (ServerService Thread Pool -- 92) WFLYCLJG0034: Disconnecting 'ee' channel. 'node2' leaving cluster 'ejb' with view: [node2|4] (3) [node2, node3, node1]
[0m[0m15:56:32,710 INFO  [org.jboss.as.clustering.jgroups] (ServerService Thread Pool -- 92) WFLYCLJG0035: Disconnected 'ee' channel. 'node2' left cluster 'ejb'
[0m[0m15:56:32,787 INFO  [org.jboss.as] (MSC service thread 1-5) WFLYSRV0050: JBoss EAP 8.1 (WildFly Core 27.1.0.Final-redhat-00010) stopped in 364ms
[0m[0m15:56:32,829 INFO  [org.jboss.as] (MSC service thread 1-2) WFLYSRV0049: JBoss EAP 8.1 (WildFly Core 27.1.0.Final-redhat-00010) starting
[0m[0m15:56:33,389 INFO  [org.jboss.as.server] (Controller Boot Thread) WFLYSRV0039: Creating http management service using socket-binding (management-http)
[0m[0m15:56:33,440 INFO  [org.jboss.as.connector.subsystems.datasources] (ServerService Thread Pool -- 45) WFLYJCA0004: Deploying JDBC-compliant driver class org.h2.Driver (version 2.2)
[0m[0m15:56:33,448 INFO  [org.jboss.as.server.deployment] (MSC service thread 1-2) WFLYSRV0027: Starting deployment of "reproducer.war" (runtime-name: "reproducer.war")
[0m[0m15:56:33,454 INFO  [org.wildfly.extension.elytron.oidc._private] (ServerService Thread Pool -- 54) WFLYOIDC0001: Activating WildFly Elytron OIDC Subsystem
[0m[0m15:56:33,457 INFO  [org.jboss.as.clustering.infinispan] (ServerService Thread Pool -- 56) WFLYCLINF0001: Activating Infinispan subsystem.
[0m[0m15:56:33,461 INFO  [org.wildfly.extension.health] (ServerService Thread Pool -- 55) WFLYHEALTH0001: Activating Base Health Subsystem
[0m[0m15:56:33,465 INFO  [org.jboss.as.jaxrs] (ServerService Thread Pool -- 58) WFLYRS0016: RESTEasy version 6.2.12.Final-redhat-00001
[0m[0m15:56:33,468 INFO  [org.wildfly.extension.io] (ServerService Thread Pool -- 57) WFLYIO001: Worker 'default' has auto-configured to 24 IO threads with 192 max task threads based on your 12 available processors
[0m[0m15:56:33,469 INFO  [org.jboss.as.clustering.jgroups] (ServerService Thread Pool -- 61) WFLYCLJG0001: Activating JGroups subsystem. JGroups version 5.3.16
[0m[0m15:56:33,473 INFO  [org.jboss.as.connector] (MSC service thread 1-1) WFLYJCA0009: Starting Jakarta Connectors Subsystem (WildFly/IronJacamar 3.0.14.Final-redhat-00001)
[0m[0m15:56:33,474 INFO  [org.jboss.as.connector.deployers.jdbc] (MSC service thread 1-1) WFLYJCA0018: Started Driver service with driver-name = h2
[0m[0m15:56:33,482 INFO  [org.wildfly.extension.metrics] (ServerService Thread Pool -- 66) WFLYMETRICS0001: Activating Base Metrics Subsystem
[0m[0m15:56:33,493 INFO  [org.jboss.as.naming] (ServerService Thread Pool -- 68) WFLYNAM0001: Activating Naming Subsystem
[0m[0m15:56:33,528 INFO  [org.jboss.as.mail.extension] (MSC service thread 1-5) WFLYMAIL0001: Bound mail session [java:jboss/mail/Default]
[0m[33m15:56:33,529 WARN  [org.jboss.as.txn] (ServerService Thread Pool -- 76) WFLYTX0013: The node-identifier attribute on the /subsystem=transactions is set to the default value. This is a danger for environments running multiple servers. Please make sure the attribute value is unique.
[0m[0m15:56:33,532 INFO  [org.jboss.as.naming] (MSC service thread 1-2) WFLYNAM0003: Starting Naming Service
[0m[0m15:56:33,539 INFO  [org.jboss.as.webservices] (ServerService Thread Pool -- 78) WFLYWS0002: Activating WebServices Extension
[0m[0m15:56:33,554 INFO  [org.wildfly.extension.undertow] (MSC service thread 1-2) WFLYUT0003: Undertow 2.3.18.SP1-redhat-00001 starting
[0m[33m15:56:33,563 WARN  [org.wildfly.extension.elytron] (MSC service thread 1-8) WFLYELY00023: KeyStore file '/home/mopatil/Documents/EAP_lab/jboss-eap-8.1.0/jboss-eap-8.1/standalone-node2/configuration/application.keystore' does not exist. Used blank.
[0m[33m15:56:33,571 WARN  [org.wildfly.extension.elytron] (MSC service thread 1-8) WFLYELY01084: KeyStore /home/mopatil/Documents/EAP_lab/jboss-eap-8.1.0/jboss-eap-8.1/standalone-node2/configuration/application.keystore not found, it will be auto-generated on first use with a self-signed certificate for host localhost
[0m[0m15:56:33,580 INFO  [org.jboss.as.ejb3] (MSC service thread 1-4) WFLYEJB0481: Strict pool slsb-strict-max-pool is using a max instance size of 48 (per class), which is derived from thread worker pool sizing.
[0m[0m15:56:33,597 INFO  [org.jboss.as.ejb3] (MSC service thread 1-8) WFLYEJB0482: Strict pool mdb-strict-max-pool is using a max instance size of 48 (per class), which is derived from the number of CPUs on this host.
[0m[0m15:56:33,607 INFO  [org.jboss.as.ejb3] (MSC service thread 1-2) WFLYEJB0493: Jakarta Enterprise Beans subsystem suspension complete
[0m[0m15:56:33,611 INFO  [org.wildfly.extension.undertow] (ServerService Thread Pool -- 77) WFLYUT0014: Creating file handler for path '/home/mopatil/Documents/EAP_lab/jboss-eap-8.1.0/jboss-eap-8.1/welcome-content' with options [directory-listing: 'false', follow-symlink: 'false', case-sensitive: 'true', safe-symlink-paths: '[]']
[0m[0m15:56:33,613 INFO  [org.wildfly.extension.undertow] (MSC service thread 1-7) WFLYUT0012: Started server default-server.
[0m[0m15:56:33,614 INFO  [org.wildfly.extension.undertow] (MSC service thread 1-3) Queuing requests.
[0m[0m15:56:33,615 INFO  [org.wildfly.extension.undertow] (MSC service thread 1-3) WFLYUT0018: Host default-host starting
[0m[0m15:56:33,616 INFO  [org.wildfly.extension.undertow] (MSC service thread 1-6) WFLYUT0006: Undertow HTTP listener default listening on 0.0.0.0:8180
[0m[0m15:56:33,619 INFO  [org.jboss.as.connector.subsystems.datasources] (MSC service thread 1-2) WFLYJCA0001: Bound data source [java:jboss/datasources/ExampleDS]
[0m[0m15:56:33,622 INFO  [org.wildfly.extension.undertow] (MSC service thread 1-3) WFLYUT0006: Undertow HTTPS listener https listening on 0.0.0.0:8543
[0m[0m15:56:33,622 INFO  [org.wildfly.extension.undertow] (MSC service thread 1-1) WFLYUT0006: Undertow AJP listener ajp listening on 0.0.0.0:8109
[0m[0m15:56:33,626 INFO  [org.jboss.modcluster] (ServerService Thread Pool -- 80) MODCLUSTER000001: Initializing mod_cluster version 2.1.0.Final-redhat-00001
[0m[0m15:56:33,628 INFO  [org.jboss.modcluster] (ServerService Thread Pool -- 80) MODCLUSTER000032: Listening to proxy advertisements on /224.0.1.105:23364
[0m[0m15:56:33,748 INFO  [org.jboss.ws.common.management] (MSC service thread 1-6) JBWS022052: Starting JBossWS 7.3.3.Final-redhat-00001 (Apache CXF 4.0.8.redhat-00001) 
[0m[0m15:56:33,749 INFO  [org.jboss.as.server.deployment.scanner] (MSC service thread 1-2) WFLYDS0013: Started FileSystemDeploymentService for directory /home/mopatil/Documents/EAP_lab/jboss-eap-8.1.0/jboss-eap-8.1/standalone-node2/deployments
[0m[0m15:56:34,172 INFO  [org.jboss.as.clustering.jgroups] (ServerService Thread Pool -- 89) WFLYCLJG0032: Connecting 'ee' channel. 'node2' joining cluster 'ejb' via /127.0.0.1:55300
[0m[0m15:56:34,173 INFO  [org.jgroups.JChannel] (ServerService Thread Pool -- 89) local_addr: 6cd9d6f9-6c74-476f-878a-f686c5ab371a, name: node2
[0m[33m15:56:34,175 WARN  [org.jgroups.protocols.UDP] (ServerService Thread Pool -- 89) JGRP000015: the receive buffer of socket ManagedMulticastSocketBinding was set to 20MB, but the OS only allocated 4.19MB
[0m[33m15:56:34,176 WARN  [org.jgroups.protocols.UDP] (ServerService Thread Pool -- 89) JGRP000015: the receive buffer of socket ManagedMulticastSocketBinding was set to 25MB, but the OS only allocated 4.19MB
[0m[0m15:56:34,182 INFO  [org.jgroups.protocols.FD_SOCK2] (ServerService Thread Pool -- 89) server listening on /127.0.0.1:54300
[0m[0m15:56:34,243 INFO  [org.jboss.as.clustering.jgroups] (ServerService Thread Pool -- 89) WFLYCLJG0033: Connected 'ee' channel. 'node2' joined cluster 'ejb' with view: [node3|6] (3) [node3, node1, node2]
[0m[0m15:56:34,249 INFO  [org.wildfly.core.installationmanager] (MSC service thread 1-1) WFLYIM0023: Installation was provisioned using the following channel versions: '[ManifestVersion{channelId='org.jboss.eap.channels:eap-8.1', description='EAP 8.1 GA', version='1.0.0.GA-redhat-00012'}]'
[0m[0m15:56:34,358 INFO  [org.infinispan.CONTAINER] (ServerService Thread Pool -- 88) ISPN000556: Starting user marshaller 'org.wildfly.clustering.cache.infinispan.marshalling.UserMarshaller'
[0m[0m15:56:34,377 INFO  [org.infinispan.CONTAINER] (ServerService Thread Pool -- 87) ISPN000556: Starting user marshaller 'org.wildfly.clustering.cache.infinispan.marshalling.UserMarshaller'
[0m[0m15:56:34,403 INFO  [org.infinispan.CONTAINER] (ServerService Thread Pool -- 88) ISPN000389: Loaded global state, version=15.0.16.Final-redhat-00001 timestamp=2026-09-10T10:26:32.461904460Z
[0m[0m15:56:34,407 INFO  [org.infinispan.CONTAINER] (ServerService Thread Pool -- 87) ISPN000389: Loaded global state, version=15.0.16.Final-redhat-00001 timestamp=2026-09-10T10:26:32.606671512Z
[0m[0m15:56:34,424 INFO  [org.infinispan.CONTAINER] (ServerService Thread Pool -- 86) ISPN000556: Starting user marshaller 'org.wildfly.clustering.cache.infinispan.marshalling.UserMarshaller'
[0m[0m15:56:34,439 INFO  [org.infinispan.CONTAINER] (ServerService Thread Pool -- 86) ISPN000389: Loaded global state, version=15.0.16.Final-redhat-00001 timestamp=2026-09-10T10:26:32.461820778Z
[0m[0m15:56:34,502 INFO  [org.infinispan.LIFECYCLE] (thread-9,ejb,node2) [Context=org.infinispan.CONFIG] ISPN100002: Starting rebalance with members [node3, node1, node2], phase READ_OLD_WRITE_ALL, topology id 26
[0m[0m15:56:34,499 INFO  [org.infinispan.LIFECYCLE] (thread-7,ejb,node2) [Context=org.infinispan.CONFIG] ISPN100002: Starting rebalance with members [node3, node1, node2], phase READ_OLD_WRITE_ALL, topology id 26
[0m[0m15:56:34,509 INFO  [org.infinispan.CONTAINER] (ServerService Thread Pool -- 89) ISPN000556: Starting user marshaller 'org.wildfly.clustering.cache.infinispan.marshalling.UserMarshaller'
[0m[0m15:56:34,520 INFO  [org.infinispan.LIFECYCLE] (non-blocking-thread-node2-p26-t5) [Context=org.infinispan.CONFIG] ISPN100010: Finished rebalance with members [node3, node1, node2], topology id 26
[0m[0m15:56:34,522 INFO  [org.infinispan.LIFECYCLE] (non-blocking-thread-node2-p22-t5) [Context=org.infinispan.CONFIG] ISPN100010: Finished rebalance with members [node3, node1, node2], topology id 26
[0m[0m15:56:34,525 INFO  [org.infinispan.LIFECYCLE] (thread-9,ejb,node2) [Context=org.infinispan.CONFIG] ISPN100002: Starting rebalance with members [node3, node1, node2], phase READ_OLD_WRITE_ALL, topology id 26
[0m[0m15:56:34,541 INFO  [org.infinispan.CONTAINER] (ServerService Thread Pool -- 89) ISPN000389: Loaded global state, version=15.0.16.Final-redhat-00001 timestamp=2026-09-10T10:26:32.595519280Z
[0m[0m15:56:34,569 INFO  [org.infinispan.LIFECYCLE] (non-blocking-thread-node2-p30-t5) [Context=org.infinispan.CONFIG] ISPN100010: Finished rebalance with members [node3, node1, node2], topology id 26
[0m[0m15:56:34,587 INFO  [org.infinispan.LIFECYCLE] (thread-8,ejb,node2) ISPN000973: Task 'state-transfer-org.infinispan.CONFIG' started at 2026-09-10T10:26:34.519370262Z and done 2026-09-10T10:26:34.587952798Z
[0m[0m15:56:34,596 INFO  [org.infinispan.LIFECYCLE] (thread-11,ejb,node2) ISPN000973: Task 'state-transfer-org.infinispan.CONFIG' started at 2026-09-10T10:26:34.521451577Z and done 2026-09-10T10:26:34.596339889Z
[0m[0m15:56:34,622 INFO  [org.infinispan.LIFECYCLE] (thread-11,ejb,node2) [Context=org.infinispan.CONFIG] ISPN100002: Starting rebalance with members [node3, node1, node2], phase READ_OLD_WRITE_ALL, topology id 26
[0m[0m15:56:34,644 INFO  [org.infinispan.LIFECYCLE] (non-blocking-thread-node2-p36-t5) [Context=org.infinispan.CONFIG] ISPN100010: Finished rebalance with members [node3, node1, node2], topology id 26
[0m[0m15:56:34,651 INFO  [org.infinispan.LIFECYCLE] (thread-11,ejb,node2) ISPN000973: Task 'state-transfer-org.infinispan.CONFIG' started at 2026-09-10T10:26:34.568286168Z and done 2026-09-10T10:26:34.651705612Z
[0m[0m15:56:34,690 INFO  [org.jboss.as.clustering.infinispan] (ServerService Thread Pool -- 88) Started hibernate cache container
[0m[0m15:56:34,708 INFO  [org.infinispan.LIFECYCLE] (thread-8,ejb,node2) ISPN000973: Task 'state-transfer-org.infinispan.CONFIG' started at 2026-09-10T10:26:34.644204059Z and done 2026-09-10T10:26:34.708620894Z
[0m[0m15:56:34,712 INFO  [org.jboss.as.clustering.infinispan] (ServerService Thread Pool -- 87) Started ejb cache container
[0m[0m15:56:34,757 INFO  [org.jboss.as.clustering.infinispan] (ServerService Thread Pool -- 86) Started server cache container
[0m[0m15:56:34,758 INFO  [org.infinispan.LIFECYCLE] (thread-11,ejb,node2) [Context=http-remoting-connector] ISPN100002: Starting rebalance with members [node3, node1, node2], phase READ_OLD_WRITE_ALL, topology id 27
[0m[0m15:56:34,777 INFO  [org.infinispan.LIFECYCLE] (non-blocking-thread-node2-p26-t15) [Context=http-remoting-connector] ISPN100010: Finished rebalance with members [node3, node1, node2], topology id 27
[0m[0m15:56:34,780 INFO  [org.jboss.as.clustering.infinispan] (ServerService Thread Pool -- 87) WFLYCLINF0002: Started http-remoting-connector cache from ejb container
[0m[0m15:56:34,794 INFO  [org.jboss.as.clustering.infinispan] (ServerService Thread Pool -- 89) Started web cache container
[0m[0m15:56:34,828 INFO  [org.infinispan.CONTAINER] (ServerService Thread Pool -- 89) ISPN000025: wakeUpInterval is <= 0, not starting expired purge thread
[0m[0m15:56:34,829 INFO  [org.infinispan.LIFECYCLE] (thread-9,ejb,node2) ISPN000973: Task 'state-transfer-http-remoting-connector' started at 2026-09-10T10:26:34.776797606Z and done 2026-09-10T10:26:34.829816478Z
[0m[0m15:56:34,848 INFO  [org.infinispan.LIFECYCLE] (thread-11,ejb,node2) [Context=reproducer.war] ISPN100002: Starting rebalance with members [node3, node1, node2], phase READ_OLD_WRITE_ALL, topology id 26
[0m[0m15:56:34,867 INFO  [org.infinispan.LIFECYCLE] (thread-9,ejb,node2) [Context=default-server] ISPN100002: Starting rebalance with members [node3, node1, node2], phase READ_OLD_WRITE_ALL, topology id 26
[0m[0m15:56:34,898 INFO  [org.jboss.as.clustering.infinispan] (ServerService Thread Pool -- 89) WFLYCLINF0002: Started reproducer.war cache from web container
[0m[0m15:56:34,908 INFO  [org.infinispan.LIFECYCLE] (non-blocking-thread-node2-p36-t17) [Context=default-server] ISPN100010: Finished rebalance with members [node3, node1, node2], topology id 26
[0m[0m15:56:34,918 INFO  [org.jboss.as.clustering.infinispan] (ServerService Thread Pool -- 86) WFLYCLINF0002: Started default-server cache from web container
[0m[0m15:56:34,921 INFO  [org.jboss.as.clustering.infinispan] (ServerService Thread Pool -- 87) WFLYCLINF0002: Started http-remoting-connector cache from ejb container
[0m[0m15:56:34,930 INFO  [org.infinispan.LIFECYCLE] (thread-8,ejb,node2) [Context=reproducer.war] ISPN100010: Finished rebalance with members [node3, node1, node2], topology id 26
[0m[0m15:56:34,958 INFO  [org.infinispan.LIFECYCLE] (thread-9,ejb,node2) ISPN000973: Task 'state-transfer-default-server' started at 2026-09-10T10:26:34.905082087Z and done 2026-09-10T10:26:34.958731347Z
[0m[0m15:56:34,968 INFO  [org.infinispan.LIFECYCLE] (thread-11,ejb,node2) ISPN000973: Task 'state-transfer-reproducer.war' started at 2026-09-10T10:26:34.929845784Z and done 2026-09-10T10:26:34.968094409Z
[0m[0m15:56:35,004 INFO  [org.jboss.as.clustering.infinispan] (ServerService Thread Pool -- 86) WFLYCLINF0002: Started default-server cache from web container
[0m[0m15:56:35,031 INFO  [org.jboss.as.clustering.infinispan] (ServerService Thread Pool -- 89) WFLYCLINF0002: Started reproducer.war cache from web container
[0m[0m15:56:35,078 INFO  [org.wildfly.extension.undertow] (ServerService Thread Pool -- 89) WFLYUT0021: Registered web context: '/reproducer' for server 'default-server'
[0m[0m15:56:35,186 INFO  [org.jboss.as.server] (ServerService Thread Pool -- 46) WFLYSRV0010: Deployed "reproducer.war" (runtime-name : "reproducer.war")
[0m[0m15:56:35,262 INFO  [org.jboss.as.server] (Controller Boot Thread) WFLYSRV0212: Resuming server
[0m[0m15:56:35,266 INFO  [org.jboss.as] (Controller Boot Thread) WFLYSRV0060: Http management interface listening on http://127.0.0.1:10090/management
[0m[0m15:56:35,266 INFO  [org.jboss.as] (Controller Boot Thread) WFLYSRV0051: Admin console listening on http://127.0.0.1:10090
[0m[0m15:56:35,269 INFO  [org.jboss.as] (Controller Boot Thread) WFLYSRV0025: JBoss EAP 8.1 (WildFly Core 27.1.0.Final-redhat-00010) started in 2435ms - Started 521 of 814 services (507 services are lazy, passive or on-demand) - Server configuration file in use: standalone-ha.xml
[0m[0m15:56:38,880 INFO  [org.infinispan.LIFECYCLE] (thread-9,ejb,node2) [Context=org.infinispan.CONFIG] ISPN100002: Starting rebalance with members [node1, node2], phase READ_OLD_WRITE_ALL, topology id 31
[0m[0m15:56:38,892 INFO  [org.infinispan.LIFECYCLE] (thread-8,ejb,node2) [Context=org.infinispan.CONFIG] ISPN100002: Starting rebalance with members [node1, node2], phase READ_OLD_WRITE_ALL, topology id 31
[0m[0m15:56:38,907 INFO  [org.infinispan.LIFECYCLE] (non-blocking-thread-node2-p30-t15) [Context=org.infinispan.CONFIG] ISPN100010: Finished rebalance with members [node1, node2], topology id 31
[0m[0m15:56:38,918 INFO  [org.infinispan.LIFECYCLE] (non-blocking-thread-node2-p22-t15) [Context=org.infinispan.CONFIG] ISPN100010: Finished rebalance with members [node1, node2], topology id 31
[0m[0m15:56:38,931 INFO  [org.infinispan.LIFECYCLE] (thread-9,ejb,node2) [Context=reproducer.war] ISPN100002: Starting rebalance with members [node1, node2], phase READ_OLD_WRITE_ALL, topology id 31
[0m[0m15:56:38,963 INFO  [org.infinispan.LIFECYCLE] (thread-11,ejb,node2) [Context=reproducer.war] ISPN100010: Finished rebalance with members [node1, node2], topology id 31
[0m[0m15:56:38,984 INFO  [org.infinispan.LIFECYCLE] (thread-8,ejb,node2) ISPN000973: Task 'state-transfer-reproducer.war' started at 2026-09-10T10:26:38.962570457Z and done 2026-09-10T10:26:38.984130660Z
[0m[0m15:56:38,992 INFO  [org.infinispan.LIFECYCLE] (thread-11,ejb,node2) [Context=default-server] ISPN100002: Starting rebalance with members [node1, node2], phase READ_OLD_WRITE_ALL, topology id 31
[0m[0m15:56:38,996 INFO  [org.infinispan.LIFECYCLE] (non-blocking-thread-node2-p36-t15) [Context=default-server] ISPN100010: Finished rebalance with members [node1, node2], topology id 31
[0m[0m15:56:39,038 INFO  [org.infinispan.LIFECYCLE] (thread-9,ejb,node2) [Context=http-remoting-connector] ISPN100002: Starting rebalance with members [node1, node2], phase READ_OLD_WRITE_ALL, topology id 32
[0m[0m15:56:39,034 INFO  [org.infinispan.LIFECYCLE] (thread-8,ejb,node2) [Context=org.infinispan.CONFIG] ISPN100002: Starting rebalance with members [node1, node2], phase READ_OLD_WRITE_ALL, topology id 31
[0m[0m15:56:39,045 INFO  [org.infinispan.LIFECYCLE] (non-blocking-thread-node2-p36-t17) [Context=org.infinispan.CONFIG] ISPN100010: Finished rebalance with members [node1, node2], topology id 31
[0m[0m15:56:39,045 INFO  [org.infinispan.LIFECYCLE] (non-blocking-thread-node2-p26-t24) [Context=http-remoting-connector] ISPN100010: Finished rebalance with members [node1, node2], topology id 32
[0m[0m15:56:39,046 INFO  [org.infinispan.LIFECYCLE] (thread-12,ejb,node2) [Context=org.infinispan.CONFIG] ISPN100002: Starting rebalance with members [node1, node2], phase READ_OLD_WRITE_ALL, topology id 31
[0m[0m15:56:39,051 INFO  [org.infinispan.LIFECYCLE] (non-blocking-thread-node2-p26-t2) [Context=org.infinispan.CONFIG] ISPN100010: Finished rebalance with members [node1, node2], topology id 31
[0m[0m15:56:39,114 INFO  [org.infinispan.CLUSTER] (thread-11,ejb,node2) ISPN100001: Node node3 left the cluster
[0m[0m15:56:39,115 INFO  [org.infinispan.CLUSTER] (thread-11,ejb,node2) ISPN100001: Node node3 left the cluster
[0m[0m15:56:39,119 INFO  [org.infinispan.CLUSTER] (thread-11,ejb,node2) ISPN100001: Node node3 left the cluster
[0m[0m15:56:39,119 INFO  [org.infinispan.CLUSTER] (thread-11,ejb,node2) ISPN100001: Node node3 left the cluster
[0m[0m15:56:39,121 INFO  [org.infinispan.CLUSTER] (thread-11,ejb,node2) ISPN100001: Node node3 left the cluster
[0m[0m15:56:39,122 INFO  [org.infinispan.CLUSTER] (thread-11,ejb,node2) ISPN100001: Node node3 left the cluster
[0m[0m15:56:39,125 INFO  [org.infinispan.CLUSTER] (thread-11,ejb,node2) ISPN100001: Node node3 left the cluster
[0m[0m15:56:39,125 INFO  [org.infinispan.CLUSTER] (thread-11,ejb,node2) ISPN100001: Node node3 left the cluster
[0m[0m15:56:39,221 INFO  [org.infinispan.LIFECYCLE] (thread-11,ejb,node2) [Context=org.infinispan.CONFIG] ISPN100002: Starting rebalance with members [node1, node2], phase READ_OLD_WRITE_ALL, topology id 33
[0m[0m15:56:39,234 INFO  [org.infinispan.LIFECYCLE] (non-blocking-thread-node2-p26-t10) [Context=org.infinispan.CONFIG] ISPN100010: Finished rebalance with members [node1, node2], topology id 33
[0m[0m15:56:39,240 INFO  [org.infinispan.LIFECYCLE] (thread-10,ejb,node2) [Context=org.infinispan.CONFIG] ISPN100002: Starting rebalance with members [node1, node2], phase READ_OLD_WRITE_ALL, topology id 33
[0m[0m15:56:39,244 INFO  [org.infinispan.LIFECYCLE] (thread-8,ejb,node2) [Context=http-remoting-connector] ISPN100002: Starting rebalance with members [node1, node2], phase READ_OLD_WRITE_ALL, topology id 34
[0m[0m15:56:39,245 INFO  [org.infinispan.LIFECYCLE] (thread-9,ejb,node2) [Context=reproducer.war] ISPN100002: Starting rebalance with members [node1, node2], phase READ_OLD_WRITE_ALL, topology id 33
[0m[0m15:56:39,252 INFO  [org.infinispan.LIFECYCLE] (thread-12,ejb,node2) [Context=org.infinispan.CONFIG] ISPN100002: Starting rebalance with members [node1, node2], phase READ_OLD_WRITE_ALL, topology id 33
[0m[0m15:56:39,250 INFO  [org.infinispan.LIFECYCLE] (thread-11,ejb,node2) [Context=default-server] ISPN100002: Starting rebalance with members [node1, node2], phase READ_OLD_WRITE_ALL, topology id 34
[0m[0m15:56:39,245 INFO  [org.infinispan.LIFECYCLE] (non-blocking-thread-node2-p30-t21) [Context=org.infinispan.CONFIG] ISPN100010: Finished rebalance with members [node1, node2], topology id 33
[0m[0m15:56:39,258 INFO  [org.infinispan.LIFECYCLE] (thread-11,ejb,node2) [Context=org.infinispan.CONFIG] ISPN100002: Starting rebalance with members [node1, node2], phase READ_OLD_WRITE_ALL, topology id 33
[0m[0m15:56:39,259 INFO  [org.infinispan.LIFECYCLE] (non-blocking-thread-node2-p26-t11) [Context=http-remoting-connector] ISPN100010: Finished rebalance with members [node1, node2], topology id 34
[0m[0m15:56:39,264 INFO  [org.infinispan.LIFECYCLE] (non-blocking-thread-node2-p36-t5) [Context=org.infinispan.CONFIG] ISPN100010: Finished rebalance with members [node1, node2], topology id 33
[0m[0m15:56:39,264 INFO  [org.infinispan.LIFECYCLE] (non-blocking-thread-node2-p22-t21) [Context=org.infinispan.CONFIG] ISPN100010: Finished rebalance with members [node1, node2], topology id 33
[0m[0m15:56:39,270 INFO  [org.infinispan.LIFECYCLE] (non-blocking-thread-node2-p36-t6) [Context=default-server] ISPN100010: Finished rebalance with members [node1, node2], topology id 34
[0m[0m15:56:39,294 INFO  [org.infinispan.LIFECYCLE] (thread-12,ejb,node2) [Context=reproducer.war] ISPN100010: Finished rebalance with members [node1, node2], topology id 33
[0m[0m15:56:39,320 INFO  [org.infinispan.LIFECYCLE] (thread-11,ejb,node2) ISPN000973: Task 'state-transfer-reproducer.war' started at 2026-09-10T10:26:39.293423544Z and done 2026-09-10T10:26:39.320210769Z
[0m[0m15:56:40,282 INFO  [org.infinispan.CLUSTER] (thread-11,ejb,node2) ISPN100000: Node node3 joined the cluster
[0m[0m15:56:40,283 INFO  [org.infinispan.CLUSTER] (thread-11,ejb,node2) ISPN100000: Node node3 joined the cluster
[0m[0m15:56:40,284 INFO  [org.infinispan.CLUSTER] (thread-11,ejb,node2) ISPN100000: Node node3 joined the cluster
[0m[0m15:56:40,284 INFO  [org.infinispan.CLUSTER] (thread-11,ejb,node2) ISPN100000: Node node3 joined the cluster
[0m[0m15:56:40,287 INFO  [org.infinispan.CLUSTER] (thread-11,ejb,node2) ISPN100000: Node node3 joined the cluster
[0m[0m15:56:40,289 INFO  [org.infinispan.CLUSTER] (thread-11,ejb,node2) ISPN100000: Node node3 joined the cluster
[0m[0m15:56:40,290 INFO  [org.infinispan.CLUSTER] (thread-11,ejb,node2) ISPN100000: Node node3 joined the cluster
[0m[0m15:56:40,291 INFO  [org.infinispan.CLUSTER] (thread-11,ejb,node2) ISPN100000: Node node3 joined the cluster
[0m[0m15:56:40,389 INFO  [org.infinispan.LIFECYCLE] (thread-11,ejb,node2) [Context=org.infinispan.CONFIG] ISPN100002: Starting rebalance with members [node1, node2, node3], phase READ_OLD_WRITE_ALL, topology id 37
[0m[0m15:56:40,409 INFO  [org.infinispan.LIFECYCLE] (non-blocking-thread-node2-p22-t5) [Context=org.infinispan.CONFIG] ISPN100010: Finished rebalance with members [node1, node2, node3], topology id 37
[0m[0m15:56:40,417 INFO  [org.infinispan.LIFECYCLE] (thread-11,ejb,node2) [Context=org.infinispan.CONFIG] ISPN100002: Starting rebalance with members [node1, node2, node3], phase READ_OLD_WRITE_ALL, topology id 37
[0m[0m15:56:40,423 INFO  [org.infinispan.LIFECYCLE] (non-blocking-thread-node2-p30-t5) [Context=org.infinispan.CONFIG] ISPN100010: Finished rebalance with members [node1, node2, node3], topology id 37
[0m[0m15:56:40,475 INFO  [org.infinispan.LIFECYCLE] (thread-9,ejb,node2) [Context=org.infinispan.CONFIG] ISPN100002: Starting rebalance with members [node1, node2, node3], phase READ_OLD_WRITE_ALL, topology id 37
[0m[0m15:56:40,481 INFO  [org.infinispan.LIFECYCLE] (thread-12,ejb,node2) [Context=org.infinispan.CONFIG] ISPN100002: Starting rebalance with members [node1, node2, node3], phase READ_OLD_WRITE_ALL, topology id 37
[0m[0m15:56:40,482 INFO  [org.infinispan.LIFECYCLE] (non-blocking-thread-node2-p36-t5) [Context=org.infinispan.CONFIG] ISPN100010: Finished rebalance with members [node1, node2, node3], topology id 37
[0m[0m15:56:40,488 INFO  [org.infinispan.LIFECYCLE] (non-blocking-thread-node2-p26-t23) [Context=org.infinispan.CONFIG] ISPN100010: Finished rebalance with members [node1, node2, node3], topology id 37
[0m[0m15:56:40,614 INFO  [org.infinispan.LIFECYCLE] (thread-12,ejb,node2) [Context=http-remoting-connector] ISPN100002: Starting rebalance with members [node1, node2, node3], phase READ_OLD_WRITE_ALL, topology id 38
[0m[0m15:56:40,618 INFO  [org.infinispan.LIFECYCLE] (thread-12,ejb,node2) [Context=http-remoting-connector] ISPN100010: Finished rebalance with members [node1, node2, node3], topology id 38
[0m[0m15:56:40,623 INFO  [org.infinispan.LIFECYCLE] (thread-12,ejb,node2) [Context=default-server] ISPN100002: Starting rebalance with members [node1, node2, node3], phase READ_OLD_WRITE_ALL, topology id 38
[0m[0m15:56:40,625 INFO  [org.infinispan.LIFECYCLE] (thread-11,ejb,node2) [Context=reproducer.war] ISPN100002: Starting rebalance with members [node1, node2, node3], phase READ_OLD_WRITE_ALL, topology id 37
[0m[0m15:56:40,632 INFO  [org.infinispan.LIFECYCLE] (non-blocking-thread-node2-p36-t10) [Context=default-server] ISPN100010: Finished rebalance with members [node1, node2, node3], topology id 38
[0m[0m15:56:40,643 INFO  [org.infinispan.LIFECYCLE] (thread-9,ejb,node2) [Context=reproducer.war] ISPN100010: Finished rebalance with members [node1, node2, node3], topology id 37
[0m[33m15:56:40,750 WARN  [org.jboss.as.ejb3.remote] (main - 1) WFLYEJB0509: Clustered Jakarta Enterprise Beans in Node: node3 are bound to INADDR_ANY(0.0.0.0). Either use a non-wildcard server bind address or add client-mapping entries to the relevant socket-binding for the Remoting connector
[0m[0m15:57:05,149 INFO  [org.infinispan.CLUSTER] (VERIFY_SUSPECT2.Runner-1) ISPN100001: Node node1 left the cluster
[0m[0m15:57:05,150 INFO  [org.infinispan.CLUSTER] (VERIFY_SUSPECT2.Runner-1) ISPN100001: Node node1 left the cluster
[0m[0m15:57:05,150 INFO  [org.infinispan.CLUSTER] (VERIFY_SUSPECT2.Runner-1) ISPN100001: Node node1 left the cluster
[0m[0m15:57:05,150 INFO  [org.infinispan.CLUSTER] (VERIFY_SUSPECT2.Runner-1) ISPN100001: Node node1 left the cluster
[0m[0m15:57:05,151 INFO  [org.infinispan.CLUSTER] (VERIFY_SUSPECT2.Runner-1) ISPN100001: Node node1 left the cluster
[0m[0m15:57:05,151 INFO  [org.infinispan.CLUSTER] (VERIFY_SUSPECT2.Runner-1) ISPN100001: Node node1 left the cluster
[0m[0m15:57:05,152 INFO  [org.infinispan.CLUSTER] (VERIFY_SUSPECT2.Runner-1) ISPN100001: Node node1 left the cluster
[0m[0m15:57:05,152 INFO  [org.infinispan.CLUSTER] (VERIFY_SUSPECT2.Runner-1) ISPN100001: Node node1 left the cluster
[0m[0m15:57:05,172 INFO  [org.infinispan.CLUSTER] (non-blocking-thread-node2-p30-t13) [Context=org.infinispan.CONFIG] ISPN100007: After merge (or coordinator change), recovered members [node1, node2, node3] with topology id 41
[0m[0m15:57:05,173 INFO  [org.infinispan.CLUSTER] (non-blocking-thread-node2-p36-t5) [Context=default-server] ISPN100007: After merge (or coordinator change), recovered members [node1, node2, node3] with topology id 42
[0m[0m15:57:05,172 INFO  [org.infinispan.CLUSTER] (non-blocking-thread-node2-p36-t3) [Context=org.infinispan.CONFIG] ISPN100007: After merge (or coordinator change), recovered members [node1, node2, node3] with topology id 41
[0m[0m15:57:05,173 INFO  [org.infinispan.CLUSTER] (non-blocking-thread-node2-p26-t12) [Context=http-remoting-connector] ISPN100007: After merge (or coordinator change), recovered members [node1, node2, node3] with topology id 42
[0m[0m15:57:05,172 INFO  [org.infinispan.CLUSTER] (non-blocking-thread-node2-p22-t13) [Context=org.infinispan.CONFIG] ISPN100007: After merge (or coordinator change), recovered members [node1, node2, node3] with topology id 41
[0m[0m15:57:05,173 INFO  [org.infinispan.CLUSTER] (non-blocking-thread-node2-p26-t13) [Context=org.infinispan.CONFIG] ISPN100007: After merge (or coordinator change), recovered members [node1, node2, node3] with topology id 41
[0m[0m15:57:05,176 INFO  [org.infinispan.CLUSTER] (non-blocking-thread-node2-p30-t13) [Context=org.infinispan.CONFIG] ISPN100008: Updating cache members list [node2, node3], topology id 42
[0m[0m15:57:05,173 INFO  [org.infinispan.CLUSTER] (non-blocking-thread-node2-p36-t22) [Context=reproducer.war] ISPN100007: After merge (or coordinator change), recovered members [node1, node2, node3] with topology id 41
[0m[0m15:57:05,177 INFO  [org.infinispan.CLUSTER] (non-blocking-thread-node2-p26-t12) [Context=http-remoting-connector] ISPN100008: Updating cache members list [node2, node3], topology id 43
[0m[0m15:57:05,178 INFO  [org.infinispan.CLUSTER] (non-blocking-thread-node2-p36-t5) [Context=default-server] ISPN100008: Updating cache members list [node2, node3], topology id 43
[0m[0m15:57:05,178 INFO  [org.infinispan.CLUSTER] (non-blocking-thread-node2-p30-t13) [Context=org.infinispan.CONFIG] ISPN100002: Starting rebalance with members [node2, node3], phase READ_OLD_WRITE_ALL, topology id 43
[0m[0m15:57:05,179 INFO  [org.infinispan.LIFECYCLE] (non-blocking-thread-node2-p30-t13) [Context=org.infinispan.CONFIG] ISPN100002: Starting rebalance with members [node2, node3], phase READ_OLD_WRITE_ALL, topology id 43
[0m[0m15:57:05,177 INFO  [org.infinispan.CLUSTER] (non-blocking-thread-node2-p22-t13) [Context=org.infinispan.CONFIG] ISPN100008: Updating cache members list [node2, node3], topology id 42
[0m[0m15:57:05,180 INFO  [org.infinispan.CLUSTER] (non-blocking-thread-node2-p26-t13) [Context=org.infinispan.CONFIG] ISPN100008: Updating cache members list [node2, node3], topology id 42
[0m[0m15:57:05,180 INFO  [org.infinispan.CLUSTER] (non-blocking-thread-node2-p26-t12) [Context=http-remoting-connector] ISPN100002: Starting rebalance with members [node2, node3], phase READ_OLD_WRITE_ALL, topology id 44
[0m[0m15:57:05,185 INFO  [org.infinispan.LIFECYCLE] (non-blocking-thread-node2-p26-t12) [Context=http-remoting-connector] ISPN100002: Starting rebalance with members [node2, node3], phase READ_OLD_WRITE_ALL, topology id 44
[0m[0m15:57:05,184 INFO  [org.infinispan.CLUSTER] (non-blocking-thread-node2-p36-t3) [Context=org.infinispan.CONFIG] ISPN100008: Updating cache members list [node2, node3], topology id 42
[0m[0m15:57:05,189 INFO  [org.infinispan.CLUSTER] (non-blocking-thread-node2-p26-t13) [Context=org.infinispan.CONFIG] ISPN100002: Starting rebalance with members [node2, node3], phase READ_OLD_WRITE_ALL, topology id 43
[0m[0m15:57:05,190 INFO  [org.infinispan.LIFECYCLE] (non-blocking-thread-node2-p26-t13) [Context=org.infinispan.CONFIG] ISPN100002: Starting rebalance with members [node2, node3], phase READ_OLD_WRITE_ALL, topology id 43
[0m[0m15:57:05,184 INFO  [org.infinispan.CLUSTER] (non-blocking-thread-node2-p36-t5) [Context=default-server] ISPN100002: Starting rebalance with members [node2, node3], phase READ_OLD_WRITE_ALL, topology id 44
[0m[0m15:57:05,182 INFO  [org.infinispan.CLUSTER] (non-blocking-thread-node2-p22-t13) [Context=org.infinispan.CONFIG] ISPN100002: Starting rebalance with members [node2, node3], phase READ_OLD_WRITE_ALL, topology id 43
[0m[0m15:57:05,182 INFO  [org.infinispan.LIFECYCLE] (non-blocking-thread-node2-p30-t17) [Context=org.infinispan.CONFIG] ISPN100010: Finished rebalance with members [node2, node3], topology id 43
[0m[0m15:57:05,194 INFO  [org.infinispan.LIFECYCLE] (non-blocking-thread-node2-p36-t5) [Context=default-server] ISPN100002: Starting rebalance with members [node2, node3], phase READ_OLD_WRITE_ALL, topology id 44
[0m[0m15:57:05,194 INFO  [org.infinispan.LIFECYCLE] (non-blocking-thread-node2-p22-t13) [Context=org.infinispan.CONFIG] ISPN100002: Starting rebalance with members [node2, node3], phase READ_OLD_WRITE_ALL, topology id 43
[0m[0m15:57:05,182 INFO  [org.infinispan.CLUSTER] (non-blocking-thread-node2-p36-t22) [Context=reproducer.war] ISPN100008: Updating cache members list [node2, node3], topology id 42
[0m[0m15:57:05,194 INFO  [org.infinispan.LIFECYCLE] (non-blocking-thread-node2-p26-t21) [Context=org.infinispan.CONFIG] ISPN100010: Finished rebalance with members [node2, node3], topology id 43
[0m[0m15:57:05,196 INFO  [org.infinispan.LIFECYCLE] (non-blocking-thread-node2-p22-t13) [Context=org.infinispan.CONFIG] ISPN100010: Finished rebalance with members [node2, node3], topology id 43
[0m[0m15:57:05,190 INFO  [org.infinispan.CLUSTER] (non-blocking-thread-node2-p36-t3) [Context=org.infinispan.CONFIG] ISPN100002: Starting rebalance with members [node2, node3], phase READ_OLD_WRITE_ALL, topology id 43
[0m[0m15:57:05,197 INFO  [org.infinispan.CLUSTER] (non-blocking-thread-node2-p36-t22) [Context=reproducer.war] ISPN100002: Starting rebalance with members [node2, node3], phase READ_OLD_WRITE_ALL, topology id 43
[0m[0m15:57:05,203 INFO  [org.infinispan.LIFECYCLE] (non-blocking-thread-node2-p36-t9) [Context=default-server] ISPN100010: Finished rebalance with members [node2, node3], topology id 44
[0m[0m15:57:05,202 INFO  [org.infinispan.CLUSTER] (non-blocking-thread-node2-p26-t12) [Context=http-remoting-connector] ISPN100009: Advancing to rebalance phase READ_ALL_WRITE_ALL, topology id 45
[0m[0m15:57:05,201 INFO  [org.infinispan.LIFECYCLE] (non-blocking-thread-node2-p36-t3) [Context=org.infinispan.CONFIG] ISPN100002: Starting rebalance with members [node2, node3], phase READ_OLD_WRITE_ALL, topology id 43
[0m[0m15:57:05,200 INFO  [org.infinispan.CLUSTER] (thread-9,ejb,node2) [Context=org.infinispan.CONFIG] ISPN100009: Advancing to rebalance phase READ_ALL_WRITE_ALL, topology id 44
[0m[0m15:57:05,204 INFO  [org.infinispan.LIFECYCLE] (non-blocking-thread-node2-p36-t22) [Context=reproducer.war] ISPN100002: Starting rebalance with members [node2, node3], phase READ_OLD_WRITE_ALL, topology id 43
[0m[0m15:57:05,207 INFO  [org.infinispan.LIFECYCLE] (non-blocking-thread-node2-p36-t3) [Context=org.infinispan.CONFIG] ISPN100010: Finished rebalance with members [node2, node3], topology id 43
[0m[0m15:57:05,209 INFO  [org.infinispan.CLUSTER] (thread-12,ejb,node2) [Context=org.infinispan.CONFIG] ISPN100009: Advancing to rebalance phase READ_ALL_WRITE_ALL, topology id 44
[0m[0m15:57:05,212 INFO  [org.infinispan.LIFECYCLE] (non-blocking-thread-node2-p26-t12) [Context=http-remoting-connector] ISPN100010: Finished rebalance with members [node2, node3], topology id 44
[0m[0m15:57:05,214 INFO  [org.infinispan.CLUSTER] (thread-11,ejb,node2) [Context=default-server] ISPN100009: Advancing to rebalance phase READ_ALL_WRITE_ALL, topology id 45
[0m[0m15:57:05,216 INFO  [org.infinispan.CLUSTER] (thread-9,ejb,node2) [Context=org.infinispan.CONFIG] ISPN100009: Advancing to rebalance phase READ_ALL_WRITE_ALL, topology id 44
[0m[0m15:57:05,220 INFO  [org.infinispan.CLUSTER] (non-blocking-thread-node2-p26-t12) [Context=org.infinispan.CONFIG] ISPN100009: Advancing to rebalance phase READ_NEW_WRITE_ALL, topology id 45
[0m[0m15:57:05,220 INFO  [org.infinispan.CLUSTER] (thread-9,ejb,node2) [Context=org.infinispan.CONFIG] ISPN100009: Advancing to rebalance phase READ_ALL_WRITE_ALL, topology id 44
[0m[0m15:57:05,225 INFO  [org.infinispan.CLUSTER] (thread-9,ejb,node2) [Context=org.infinispan.CONFIG] ISPN100009: Advancing to rebalance phase READ_NEW_WRITE_ALL, topology id 45
[0m[0m15:57:05,226 INFO  [org.infinispan.CLUSTER] (thread-12,ejb,node2) [Context=default-server] ISPN100009: Advancing to rebalance phase READ_NEW_WRITE_ALL, topology id 46
[0m[0m15:57:05,228 INFO  [org.infinispan.CLUSTER] (thread-11,ejb,node2) [Context=org.infinispan.CONFIG] ISPN100009: Advancing to rebalance phase READ_NEW_WRITE_ALL, topology id 45
[0m[0m15:57:05,231 INFO  [org.infinispan.CLUSTER] (non-blocking-thread-node2-p26-t1) [Context=http-remoting-connector] ISPN100009: Advancing to rebalance phase READ_NEW_WRITE_ALL, topology id 46
[0m[0m15:57:05,233 INFO  [org.infinispan.CLUSTER] (thread-12,ejb,node2) [Context=org.infinispan.CONFIG] ISPN100009: Advancing to rebalance phase READ_NEW_WRITE_ALL, topology id 45
[0m[0m15:57:05,233 INFO  [org.infinispan.CLUSTER] (thread-11,ejb,node2) [Context=org.infinispan.CONFIG] ISPN100010: Finished rebalance with members [node2, node3], topology id 46
[0m[0m15:57:05,237 INFO  [org.infinispan.CLUSTER] (thread-10,ejb,node2) [Context=default-server] ISPN100010: Finished rebalance with members [node2, node3], topology id 47
[0m[0m15:57:05,237 INFO  [org.infinispan.CLUSTER] (thread-8,ejb,node2) [Context=org.infinispan.CONFIG] ISPN100010: Finished rebalance with members [node2, node3], topology id 46
[0m[0m15:57:05,244 INFO  [org.infinispan.CLUSTER] (thread-12,ejb,node2) [Context=org.infinispan.CONFIG] ISPN100010: Finished rebalance with members [node2, node3], topology id 46
[0m[0m15:57:05,257 INFO  [org.infinispan.CLUSTER] (thread-9,ejb,node2) [Context=org.infinispan.CONFIG] ISPN100010: Finished rebalance with members [node2, node3], topology id 46
[0m[0m15:57:05,259 INFO  [org.infinispan.CLUSTER] (thread-12,ejb,node2) [Context=http-remoting-connector] ISPN100010: Finished rebalance with members [node2, node3], topology id 47
[0m[0m15:57:05,414 INFO  [org.infinispan.LIFECYCLE] (thread-12,ejb,node2) [Context=reproducer.war] ISPN100010: Finished rebalance with members [node2, node3], topology id 43
[0m[0m15:57:05,417 INFO  [org.infinispan.LIFECYCLE] (thread-12,ejb,node2) ISPN000973: Task 'state-transfer-reproducer.war' started at 2026-09-10T10:27:05.413697803Z and done 2026-09-10T10:27:05.417326173Z
[0m[0m15:57:05,450 INFO  [com.redhat.reproducer.SessionReproducerServlet] (default task-1) Node=node2 SessionID=5xHN_6cUgZ59u2XlvQWuWZBXOfSjASl9hHc2Vpa6 Counter=6 New=false
[0m[0m15:57:05,464 INFO  [org.infinispan.CLUSTER] (thread-12,ejb,node2) [Context=reproducer.war] ISPN100009: Advancing to rebalance phase READ_ALL_WRITE_ALL, topology id 44
[0m[0m15:57:05,471 INFO  [org.infinispan.CLUSTER] (thread-12,ejb,node2) [Context=reproducer.war] ISPN100009: Advancing to rebalance phase READ_NEW_WRITE_ALL, topology id 45
[0m[0m15:57:05,483 INFO  [org.infinispan.CLUSTER] (thread-12,ejb,node2) [Context=reproducer.war] ISPN100010: Finished rebalance with members [node2, node3], topology id 46
[0m[0m15:57:05,557 INFO  [com.redhat.reproducer.SessionReproducerServlet] (default task-1) Node=node2 SessionID=5xHN_6cUgZ59u2XlvQWuWZBXOfSjASl9hHc2Vpa6 Counter=7 New=false
[0m