=========================================================================

  JBoss Bootstrap Environment

  JBOSS_HOME: /home/mopatil/Documents/EAP_lab/jboss-eap-8.1.0/jboss-eap-8.1

  JAVA: /usr/lib/jvm/java-21/bin/java

  JAVA_OPTS:  -Xlog:gc*:file="/home/mopatil/Documents/EAP_lab/jboss-eap-8.1.0/jboss-eap-8.1/standalone-node1/log/gc.log":time,uptimemillis:filecount=5,filesize=3M -Djdk.serialFilter="maxbytes=10485760;maxdepth=128;maxarray=100000;maxrefs=300000" -Xms1303m -Xmx1303m -Djava.net.preferIPv4Stack=true -Djboss.modules.system.pkgs=org.jboss.byteman -Djava.awt.headless=true  --add-exports=java.desktop/sun.awt=ALL-UNNAMED --add-exports=java.naming/com.sun.jndi.ldap=ALL-UNNAMED --add-exports=java.naming/com.sun.jndi.url.ldap=ALL-UNNAMED --add-exports=java.naming/com.sun.jndi.url.ldaps=ALL-UNNAMED --add-exports=jdk.naming.dns/com.sun.jndi.dns=ALL-UNNAMED --add-opens=java.base/java.lang=ALL-UNNAMED --add-opens=java.base/java.lang.invoke=ALL-UNNAMED --add-opens=java.base/java.lang.reflect=ALL-UNNAMED --add-opens=java.base/java.io=ALL-UNNAMED --add-opens=java.base/java.net=ALL-UNNAMED --add-opens=java.base/java.security=ALL-UNNAMED --add-opens=java.base/java.util=ALL-UNNAMED --add-opens=java.base/java.util.concurrent=ALL-UNNAMED --add-opens=java.management/javax.management=ALL-UNNAMED --add-opens=java.naming/javax.naming=ALL-UNNAMED

=========================================================================

[0m15:55:38,736 INFO  [org.jboss.modules] (main) JBoss Modules version 2.1.6.Final-redhat-00001
[0m[0m15:55:40,941 INFO  [org.jboss.msc] (main) JBoss MSC version 1.5.5.Final-redhat-00001
[0m[0m15:55:40,973 INFO  [org.jboss.threads] (main) JBoss Threads version 2.4.0.Final-redhat-00001
[0m[0m15:55:41,430 INFO  [org.jboss.as] (MSC service thread 1-2) WFLYSRV0049: JBoss EAP 8.1 (WildFly Core 27.1.0.Final-redhat-00010) starting
[0m[0m15:55:45,429 INFO  [org.wildfly.security] (Controller Boot Thread) ELY00001: WildFly Elytron version 2.6.4.Final-redhat-00001
[0m[0m15:55:50,794 INFO  [org.jboss.as.server] (Controller Boot Thread) WFLYSRV0039: Creating http management service using socket-binding (management-http)
[0m[0m15:55:51,025 INFO  [org.xnio] (MSC service thread 1-1) XNIO version 3.8.16.Final-redhat-00001
[0m[0m15:55:51,108 INFO  [org.xnio.nio] (MSC service thread 1-1) XNIO NIO Implementation Version 3.8.16.Final-redhat-00001
[0m[0m15:55:51,236 INFO  [org.jboss.as.clustering.infinispan] (ServerService Thread Pool -- 56) WFLYCLINF0001: Activating Infinispan subsystem.
[0m[0m15:55:51,261 INFO  [org.wildfly.extension.health] (ServerService Thread Pool -- 55) WFLYHEALTH0001: Activating Base Health Subsystem
[0m[0m15:55:51,267 INFO  [org.jboss.as.jaxrs] (ServerService Thread Pool -- 58) WFLYRS0016: RESTEasy version 6.2.12.Final-redhat-00001
[0m[0m15:55:51,259 INFO  [org.wildfly.extension.elytron.oidc._private] (ServerService Thread Pool -- 54) WFLYOIDC0001: Activating WildFly Elytron OIDC Subsystem
[0m[33m15:55:51,369 WARN  [org.jboss.as.txn] (ServerService Thread Pool -- 76) WFLYTX0013: The node-identifier attribute on the /subsystem=transactions is set to the default value. This is a danger for environments running multiple servers. Please make sure the attribute value is unique.
[0m[0m15:55:51,371 INFO  [org.jboss.as.naming] (ServerService Thread Pool -- 68) WFLYNAM0001: Activating Naming Subsystem
[0m[0m15:55:51,407 INFO  [org.wildfly.extension.io] (ServerService Thread Pool -- 57) WFLYIO001: Worker 'default' has auto-configured to 24 IO threads with 192 max task threads based on your 12 available processors
[0m[0m15:55:51,445 INFO  [org.jboss.as.jsf] (ServerService Thread Pool -- 64) WFLYJSF0007: Activated the following Jakarta Server Faces Implementations: [main]
[0m[0m15:55:51,507 INFO  [org.wildfly.extension.metrics] (ServerService Thread Pool -- 66) WFLYMETRICS0001: Activating Base Metrics Subsystem
[0m[0m15:55:51,548 INFO  [org.jboss.as.clustering.jgroups] (ServerService Thread Pool -- 61) WFLYCLJG0001: Activating JGroups subsystem. JGroups version 5.3.16
[0m[0m15:55:51,576 INFO  [org.jboss.as.webservices] (ServerService Thread Pool -- 78) WFLYWS0002: Activating WebServices Extension
[0m[0m15:55:51,582 INFO  [org.jboss.as.connector] (MSC service thread 1-8) WFLYJCA0009: Starting Jakarta Connectors Subsystem (WildFly/IronJacamar 3.0.14.Final-redhat-00001)
[0m[0m15:55:51,589 INFO  [org.jboss.as.connector.subsystems.datasources] (ServerService Thread Pool -- 45) WFLYJCA0004: Deploying JDBC-compliant driver class org.h2.Driver (version 2.2)
[0m[0m15:55:51,604 INFO  [org.jboss.as.server.deployment] (MSC service thread 1-4) WFLYSRV0027: Starting deployment of "reproducer.war" (runtime-name: "reproducer.war")
[0m[0m15:55:51,784 INFO  [org.jboss.as.connector.deployers.jdbc] (MSC service thread 1-7) WFLYJCA0018: Started Driver service with driver-name = h2
[0m[0m15:55:51,788 INFO  [org.jboss.as.naming] (MSC service thread 1-1) WFLYNAM0003: Starting Naming Service
[0m[0m15:55:51,861 INFO  [org.wildfly.extension.undertow] (MSC service thread 1-3) WFLYUT0003: Undertow 2.3.18.SP1-redhat-00001 starting
[0m[0m15:55:51,906 INFO  [org.jboss.as.mail.extension] (MSC service thread 1-7) WFLYMAIL0001: Bound mail session [java:jboss/mail/Default]
[0m[0m15:55:51,947 INFO  [org.jboss.remoting] (MSC service thread 1-5) JBoss Remoting version 5.0.31.Final-redhat-00001
[0m[0m15:55:52,698 INFO  [org.wildfly.extension.undertow] (ServerService Thread Pool -- 77) WFLYUT0014: Creating file handler for path '/home/mopatil/Documents/EAP_lab/jboss-eap-8.1.0/jboss-eap-8.1/welcome-content' with options [directory-listing: 'false', follow-symlink: 'false', case-sensitive: 'true', safe-symlink-paths: '[]']
[0m[0m15:55:52,712 INFO  [org.jboss.as.ejb3] (MSC service thread 1-2) WFLYEJB0481: Strict pool slsb-strict-max-pool is using a max instance size of 192 (per class), which is derived from thread worker pool sizing.
[0m[0m15:55:52,714 INFO  [org.jboss.as.ejb3] (MSC service thread 1-1) WFLYEJB0482: Strict pool mdb-strict-max-pool is using a max instance size of 48 (per class), which is derived from the number of CPUs on this host.
[0m[33m15:55:52,747 WARN  [org.wildfly.extension.elytron] (MSC service thread 1-3) WFLYELY00023: KeyStore file '/home/mopatil/Documents/EAP_lab/jboss-eap-8.1.0/jboss-eap-8.1/standalone-node1/configuration/application.keystore' does not exist. Used blank.
[0m[0m15:55:52,817 INFO  [org.wildfly.extension.undertow] (MSC service thread 1-7) WFLYUT0012: Started server default-server.
[0m[0m15:55:52,869 INFO  [org.wildfly.extension.undertow] (MSC service thread 1-7) Queuing requests.
[0m[0m15:55:52,888 INFO  [org.wildfly.extension.undertow] (MSC service thread 1-7) WFLYUT0018: Host default-host starting
[0m[33m15:55:52,889 WARN  [org.wildfly.extension.elytron] (MSC service thread 1-5) WFLYELY01084: KeyStore /home/mopatil/Documents/EAP_lab/jboss-eap-8.1.0/jboss-eap-8.1/standalone-node1/configuration/application.keystore not found, it will be auto-generated on first use with a self-signed certificate for host localhost
[0m[0m15:55:53,417 INFO  [org.wildfly.extension.undertow] (MSC service thread 1-1) WFLYUT0006: Undertow HTTP listener default listening on 0.0.0.0:8080
[0m[0m15:55:53,416 INFO  [org.wildfly.extension.undertow] (MSC service thread 1-3) WFLYUT0006: Undertow AJP listener ajp listening on 0.0.0.0:8009
[0m[0m15:55:53,467 INFO  [org.jboss.modcluster] (ServerService Thread Pool -- 80) MODCLUSTER000001: Initializing mod_cluster version 2.1.0.Final-redhat-00001
[0m[0m15:55:53,585 INFO  [org.jboss.modcluster] (ServerService Thread Pool -- 80) MODCLUSTER000032: Listening to proxy advertisements on /224.0.1.105:23364
[0m[0m15:55:54,422 INFO  [org.jboss.as.ejb3] (MSC service thread 1-6) WFLYEJB0493: Jakarta Enterprise Beans subsystem suspension complete
[0m[0m15:55:54,599 INFO  [org.wildfly.extension.undertow] (MSC service thread 1-2) WFLYUT0006: Undertow HTTPS listener https listening on 0.0.0.0:8443
[0m[0m15:55:54,778 INFO  [org.jboss.as.connector.subsystems.datasources] (MSC service thread 1-5) WFLYJCA0001: Bound data source [java:jboss/datasources/ExampleDS]
[0m[0m15:55:55,167 INFO  [org.wildfly.prospero] (Controller Boot Thread) jboss-eap-installation-manager version: 1.3.6.Final-redhat-00006
[0m[0m15:55:55,476 INFO  [org.jboss.ws.common.management] (MSC service thread 1-5) JBWS022052: Starting JBossWS 7.3.3.Final-redhat-00001 (Apache CXF 4.0.8.redhat-00001) 
[0m[0m15:55:55,642 INFO  [org.jboss.as.server.deployment.scanner] (MSC service thread 1-5) WFLYDS0013: Started FileSystemDeploymentService for directory /home/mopatil/Documents/EAP_lab/jboss-eap-8.1.0/jboss-eap-8.1/standalone-node1/deployments
[0m[0m15:56:00,549 INFO  [org.jboss.as.clustering.jgroups] (ServerService Thread Pool -- 84) WFLYCLJG0032: Connecting 'ee' channel. 'node1' joining cluster 'ejb' via /127.0.0.1:55200
[0m[0m15:56:00,553 INFO  [org.jgroups.JChannel] (ServerService Thread Pool -- 84) local_addr: ef458626-290a-433a-9280-66579aa4553f, name: node1
[0m[33m15:56:00,576 WARN  [org.jgroups.protocols.UDP] (ServerService Thread Pool -- 84) JGRP000015: the receive buffer of socket ManagedMulticastSocketBinding was set to 20MB, but the OS only allocated 4.19MB
[0m[33m15:56:00,578 WARN  [org.jgroups.protocols.UDP] (ServerService Thread Pool -- 84) JGRP000015: the receive buffer of socket ManagedMulticastSocketBinding was set to 25MB, but the OS only allocated 4.19MB
[0m[0m15:56:00,631 INFO  [org.jgroups.protocols.FD_SOCK2] (ServerService Thread Pool -- 84) server listening on /127.0.0.1:54200
[0m[0m15:56:02,959 INFO  [org.jboss.as.clustering.jgroups] (ServerService Thread Pool -- 84) WFLYCLJG0033: Connected 'ee' channel. 'node1' joined cluster 'ejb' with view: [node2|1] (2) [node2, node1]
[0m[0m15:56:04,350 INFO  [org.wildfly.core.installationmanager] (MSC service thread 1-7) WFLYIM0023: Installation was provisioned using the following channel versions: '[ManifestVersion{channelId='org.jboss.eap.channels:eap-8.1', description='EAP 8.1 GA', version='1.0.0.GA-redhat-00012'}]'
[0m[0m15:56:05,853 INFO  [org.infinispan.CONTAINER] (ServerService Thread Pool -- 84) ISPN000556: Starting user marshaller 'org.wildfly.clustering.cache.infinispan.marshalling.UserMarshaller'
[0m[0m15:56:05,854 INFO  [org.infinispan.CONTAINER] (ServerService Thread Pool -- 87) ISPN000556: Starting user marshaller 'org.wildfly.clustering.cache.infinispan.marshalling.UserMarshaller'
[0m[0m15:56:05,862 INFO  [org.infinispan.CONTAINER] (ServerService Thread Pool -- 88) ISPN000556: Starting user marshaller 'org.wildfly.clustering.cache.infinispan.marshalling.UserMarshaller'
[0m[0m15:56:05,870 INFO  [org.infinispan.CONTAINER] (ServerService Thread Pool -- 83) ISPN000556: Starting user marshaller 'org.wildfly.clustering.cache.infinispan.marshalling.UserMarshaller'
[0m[0m15:56:06,695 INFO  [org.infinispan.CONTAINER] (ServerService Thread Pool -- 88) ISPN000389: Loaded global state, version=15.0.16.Final-redhat-00001 timestamp=2026-09-10T10:23:07.462583024Z
[0m[0m15:56:06,695 INFO  [org.infinispan.CONTAINER] (ServerService Thread Pool -- 87) ISPN000389: Loaded global state, version=15.0.16.Final-redhat-00001 timestamp=2026-09-10T10:23:07.468536046Z
[0m[0m15:56:06,695 INFO  [org.infinispan.CONTAINER] (ServerService Thread Pool -- 84) ISPN000389: Loaded global state, version=15.0.16.Final-redhat-00001 timestamp=2026-09-10T10:23:07.588033710Z
[0m[0m15:56:06,695 INFO  [org.infinispan.CONTAINER] (ServerService Thread Pool -- 83) ISPN000389: Loaded global state, version=15.0.16.Final-redhat-00001 timestamp=2026-09-10T10:23:07.679441216Z
[0m[0m15:56:07,953 INFO  [org.infinispan.LIFECYCLE] (thread-8,ejb,node1) [Context=org.infinispan.CONFIG] ISPN100002: Starting rebalance with members [node2, node1], phase READ_OLD_WRITE_ALL, topology id 2
[0m[0m15:56:07,979 INFO  [org.infinispan.LIFECYCLE] (thread-8,ejb,node1) [Context=org.infinispan.CONFIG] ISPN100002: Starting rebalance with members [node2, node1], phase READ_OLD_WRITE_ALL, topology id 2
[0m[0m15:56:07,981 INFO  [org.infinispan.LIFECYCLE] (thread-10,ejb,node1) [Context=org.infinispan.CONFIG] ISPN100002: Starting rebalance with members [node2, node1], phase READ_OLD_WRITE_ALL, topology id 2
[0m[0m15:56:08,014 INFO  [org.infinispan.LIFECYCLE] (thread-8,ejb,node1) [Context=org.infinispan.CONFIG] ISPN100002: Starting rebalance with members [node2, node1], phase READ_OLD_WRITE_ALL, topology id 2
[0m[0m15:56:08,281 INFO  [org.infinispan.LIFECYCLE] (non-blocking-thread-node1-p11-t5) [Context=org.infinispan.CONFIG] ISPN100010: Finished rebalance with members [node2, node1], topology id 2
[0m[0m15:56:08,303 INFO  [org.infinispan.LIFECYCLE] (non-blocking-thread-node1-p9-t5) [Context=org.infinispan.CONFIG] ISPN100010: Finished rebalance with members [node2, node1], topology id 2
[0m[0m15:56:08,311 INFO  [org.infinispan.LIFECYCLE] (non-blocking-thread-node1-p5-t5) [Context=org.infinispan.CONFIG] ISPN100010: Finished rebalance with members [node2, node1], topology id 2
[0m[0m15:56:08,316 INFO  [org.infinispan.LIFECYCLE] (non-blocking-thread-node1-p7-t5) [Context=org.infinispan.CONFIG] ISPN100010: Finished rebalance with members [node2, node1], topology id 2
[0m[0m15:56:08,530 INFO  [org.infinispan.LIFECYCLE] (thread-9,ejb,node1) ISPN000973: Task 'state-transfer-org.infinispan.CONFIG' started at 2026-09-10T10:26:08.275274862Z and done 2026-09-10T10:26:08.530232455Z
[0m[0m15:56:08,532 INFO  [org.infinispan.LIFECYCLE] (thread-10,ejb,node1) ISPN000973: Task 'state-transfer-org.infinispan.CONFIG' started at 2026-09-10T10:26:08.276244689Z and done 2026-09-10T10:26:08.532267574Z
[0m[0m15:56:08,540 INFO  [org.infinispan.LIFECYCLE] (thread-8,ejb,node1) ISPN000973: Task 'state-transfer-org.infinispan.CONFIG' started at 2026-09-10T10:26:08.280255244Z and done 2026-09-10T10:26:08.540193562Z
[0m[0m15:56:08,544 INFO  [org.infinispan.LIFECYCLE] (thread-7,ejb,node1) ISPN000973: Task 'state-transfer-org.infinispan.CONFIG' started at 2026-09-10T10:26:08.271948934Z and done 2026-09-10T10:26:08.544821593Z
[0m[0m15:56:08,687 INFO  [org.infinispan.LIFECYCLE] (thread-10,ejb,node1) [Context=org.infinispan.CONFIG] ISPN100002: Starting rebalance with members [node2, node1, node3], phase READ_OLD_WRITE_ALL, topology id 6
[0m[0m15:56:08,711 INFO  [org.infinispan.LIFECYCLE] (non-blocking-thread-node1-p11-t11) [Context=org.infinispan.CONFIG] ISPN100010: Finished rebalance with members [node2, node1, node3], topology id 6
[0m[0m15:56:08,736 INFO  [org.infinispan.LIFECYCLE] (thread-10,ejb,node1) [Context=org.infinispan.CONFIG] ISPN100002: Starting rebalance with members [node2, node1, node3], phase READ_OLD_WRITE_ALL, topology id 6
[0m[0m15:56:08,757 INFO  [org.infinispan.LIFECYCLE] (thread-8,ejb,node1) [Context=org.infinispan.CONFIG] ISPN100002: Starting rebalance with members [node2, node1, node3], phase READ_OLD_WRITE_ALL, topology id 6
[0m[0m15:56:08,781 INFO  [org.infinispan.LIFECYCLE] (non-blocking-thread-node1-p7-t11) [Context=org.infinispan.CONFIG] ISPN100010: Finished rebalance with members [node2, node1, node3], topology id 6
[0m[0m15:56:08,797 INFO  [org.infinispan.LIFECYCLE] (thread-8,ejb,node1) [Context=org.infinispan.CONFIG] ISPN100002: Starting rebalance with members [node2, node1, node3], phase READ_OLD_WRITE_ALL, topology id 6
[0m[0m15:56:08,793 INFO  [org.infinispan.LIFECYCLE] (non-blocking-thread-node1-p5-t11) [Context=org.infinispan.CONFIG] ISPN100010: Finished rebalance with members [node2, node1, node3], topology id 6
[0m[0m15:56:08,821 INFO  [org.infinispan.LIFECYCLE] (non-blocking-thread-node1-p9-t11) [Context=org.infinispan.CONFIG] ISPN100010: Finished rebalance with members [node2, node1, node3], topology id 6
[0m[0m15:56:09,321 INFO  [org.jboss.as.clustering.infinispan] (ServerService Thread Pool -- 83) Started web cache container
[0m[0m15:56:09,332 INFO  [org.jboss.as.clustering.infinispan] (ServerService Thread Pool -- 84) Started ejb cache container
[0m[0m15:56:09,345 INFO  [org.jboss.as.clustering.infinispan] (ServerService Thread Pool -- 88) Started hibernate cache container
[0m[0m15:56:09,335 INFO  [org.jboss.as.clustering.infinispan] (ServerService Thread Pool -- 87) Started server cache container
[0m[0m15:56:09,648 INFO  [org.infinispan.LIFECYCLE] (thread-9,ejb,node1) [Context=http-remoting-connector] ISPN100002: Starting rebalance with members [node2, node1], phase READ_OLD_WRITE_ALL, topology id 2
[0m[0m15:56:09,679 INFO  [org.jboss.as.clustering.infinispan] (ServerService Thread Pool -- 84) WFLYCLINF0002: Started http-remoting-connector cache from ejb container
[0m[0m15:56:09,710 INFO  [org.infinispan.LIFECYCLE] (non-blocking-thread-node1-p5-t15) [Context=http-remoting-connector] ISPN100010: Finished rebalance with members [node2, node1], topology id 2
[0m[0m15:56:09,773 INFO  [org.jboss.as.clustering.infinispan] (ServerService Thread Pool -- 88) WFLYCLINF0002: Started default-server cache from web container
[0m[0m15:56:09,777 INFO  [org.infinispan.LIFECYCLE] (thread-9,ejb,node1) [Context=default-server] ISPN100002: Starting rebalance with members [node2, node1], phase READ_OLD_WRITE_ALL, topology id 2
[0m[0m15:56:09,796 INFO  [org.infinispan.LIFECYCLE] (non-blocking-thread-node1-p7-t18) [Context=default-server] ISPN100010: Finished rebalance with members [node2, node1], topology id 2
[0m[0m15:56:09,837 INFO  [org.infinispan.CONTAINER] (ServerService Thread Pool -- 87) ISPN000025: wakeUpInterval is <= 0, not starting expired purge thread
[0m[0m15:56:09,902 INFO  [org.infinispan.LIFECYCLE] (thread-9,ejb,node1) [Context=reproducer.war] ISPN100002: Starting rebalance with members [node2, node1], phase READ_OLD_WRITE_ALL, topology id 2
[0m[0m15:56:09,942 INFO  [org.jboss.as.clustering.infinispan] (ServerService Thread Pool -- 87) WFLYCLINF0002: Started reproducer.war cache from web container
[0m[0m15:56:09,978 INFO  [org.infinispan.LIFECYCLE] (thread-10,ejb,node1) ISPN000973: Task 'state-transfer-default-server' started at 2026-09-10T10:26:09.789209984Z and done 2026-09-10T10:26:09.978262684Z
[0m[0m15:56:09,985 INFO  [org.infinispan.LIFECYCLE] (thread-11,ejb,node1) [Context=reproducer.war] ISPN100010: Finished rebalance with members [node2, node1], topology id 2
[0m[0m15:56:10,006 INFO  [org.infinispan.LIFECYCLE] (thread-10,ejb,node1) ISPN000973: Task 'state-transfer-http-remoting-connector' started at 2026-09-10T10:26:09.705321083Z and done 2026-09-10T10:26:10.006916241Z
[0m[0m15:56:10,026 INFO  [org.infinispan.LIFECYCLE] (thread-9,ejb,node1) ISPN000973: Task 'state-transfer-reproducer.war' started at 2026-09-10T10:26:09.980436849Z and done 2026-09-10T10:26:10.026158128Z
[0m[0m15:56:10,116 INFO  [org.jboss.as.clustering.infinispan] (ServerService Thread Pool -- 88) WFLYCLINF0002: Started default-server cache from web container
[0m[0m15:56:10,185 INFO  [org.jboss.as.clustering.infinispan] (ServerService Thread Pool -- 87) WFLYCLINF0002: Started reproducer.war cache from web container
[0m[0m15:56:10,198 INFO  [org.jboss.as.clustering.infinispan] (ServerService Thread Pool -- 84) WFLYCLINF0002: Started http-remoting-connector cache from ejb container
[0m[0m15:56:10,403 INFO  [org.infinispan.LIFECYCLE] (thread-11,ejb,node1) [Context=http-remoting-connector] ISPN100002: Starting rebalance with members [node2, node1, node3], phase READ_OLD_WRITE_ALL, topology id 6
[0m[0m15:56:10,413 INFO  [org.infinispan.LIFECYCLE] (non-blocking-thread-node1-p5-t1) [Context=http-remoting-connector] ISPN100010: Finished rebalance with members [node2, node1, node3], topology id 6
[0m[0m15:56:10,453 INFO  [org.infinispan.LIFECYCLE] (thread-10,ejb,node1) [Context=default-server] ISPN100002: Starting rebalance with members [node2, node1, node3], phase READ_OLD_WRITE_ALL, topology id 6
[0m[0m15:56:10,461 INFO  [org.infinispan.LIFECYCLE] (non-blocking-thread-node1-p7-t9) [Context=default-server] ISPN100010: Finished rebalance with members [node2, node1, node3], topology id 6
[0m[0m15:56:10,608 INFO  [org.infinispan.LIFECYCLE] (thread-10,ejb,node1) [Context=reproducer.war] ISPN100002: Starting rebalance with members [node2, node1, node3], phase READ_OLD_WRITE_ALL, topology id 6
[0m[0m15:56:10,661 INFO  [org.infinispan.LIFECYCLE] (thread-10,ejb,node1) [Context=reproducer.war] ISPN100010: Finished rebalance with members [node2, node1, node3], topology id 6
[0m[33m15:56:10,797 WARN  [org.jboss.as.ejb3.remote] (main - 1) WFLYEJB0509: Clustered Jakarta Enterprise Beans in Node: node3 are bound to INADDR_ANY(0.0.0.0). Either use a non-wildcard server bind address or add client-mapping entries to the relevant socket-binding for the Remoting connector
[0m[0m15:56:11,055 INFO  [org.wildfly.extension.undertow] (ServerService Thread Pool -- 88) WFLYUT0021: Registered web context: '/reproducer' for server 'default-server'
[0m[0m15:56:11,378 INFO  [org.jboss.as.server] (ServerService Thread Pool -- 46) WFLYSRV0010: Deployed "reproducer.war" (runtime-name : "reproducer.war")
[0m[0m15:56:11,487 INFO  [org.jboss.as.server] (Controller Boot Thread) WFLYSRV0212: Resuming server
[0m[0m15:56:11,501 INFO  [org.jboss.as] (Controller Boot Thread) WFLYSRV0060: Http management interface listening on http://127.0.0.1:9990/management
[0m[0m15:56:11,502 INFO  [org.jboss.as] (Controller Boot Thread) WFLYSRV0051: Admin console listening on http://127.0.0.1:9990
[0m[0m15:56:11,516 INFO  [org.jboss.as] (Controller Boot Thread) WFLYSRV0025: JBoss EAP 8.1 (WildFly Core 27.1.0.Final-redhat-00010) started in 34423ms - Started 521 of 814 services (507 services are lazy, passive or on-demand) - Server configuration file in use: standalone-ha.xml
[0m[0m15:56:26,310 INFO  [org.jboss.as.mail.extension] (MSC service thread 1-4) WFLYMAIL0002: Unbound mail session [java:jboss/mail/Default]
[0m[0m15:56:26,316 INFO  [org.wildfly.extension.undertow] (ServerService Thread Pool -- 24) WFLYUT0022: Unregistered web context: '/reproducer' from server 'default-server'
[0m[0m15:56:26,333 INFO  [org.wildfly.extension.undertow] (MSC service thread 1-7) WFLYUT0019: Host default-host stopping
[0m[0m15:56:26,339 INFO  [org.jboss.as.connector.subsystems.datasources] (MSC service thread 1-3) WFLYJCA0010: Unbound data source [java:jboss/datasources/ExampleDS]
[0m[0m15:56:26,351 INFO  [org.jboss.modcluster] (ServerService Thread Pool -- 22) MODCLUSTER000002: Initiating mod_cluster shutdown
[0m[0m15:56:26,354 INFO  [org.jboss.as.connector.deployers.jdbc] (MSC service thread 1-6) WFLYJCA0019: Stopped Driver service with driver-name = h2
[0m[0m15:56:26,400 INFO  [org.infinispan.CONTAINER] (ServerService Thread Pool -- 34) ISPN000390: Persisted state, version=15.0.16.Final-redhat-00001 timestamp=2026-09-10T10:26:26.394511032Z
[0m[0m15:56:26,399 INFO  [org.infinispan.CONTAINER] (ServerService Thread Pool -- 12) ISPN000390: Persisted state, version=15.0.16.Final-redhat-00001 timestamp=2026-09-10T10:26:26.397254673Z
[0m[0m15:56:26,416 INFO  [org.jboss.as.clustering.infinispan] (ServerService Thread Pool -- 34) Stopped server cache container
[0m[0m15:56:26,423 INFO  [org.jboss.as.clustering.infinispan] (ServerService Thread Pool -- 12) Stopped hibernate cache container
[0m[0m15:56:26,434 INFO  [org.jboss.as.clustering.infinispan] (ServerService Thread Pool -- 88) WFLYCLINF0003: Stopped reproducer.war cache from web container
[0m[0m15:56:26,556 INFO  [org.jboss.as.clustering.infinispan] (ServerService Thread Pool -- 12) WFLYCLINF0003: Stopped default-server cache from web container
[0m[0m15:56:26,577 INFO  [org.wildfly.extension.undertow] (MSC service thread 1-8) WFLYUT0008: Undertow HTTPS listener https suspending
[0m[0m15:56:26,579 INFO  [org.wildfly.extension.undertow] (MSC service thread 1-6) WFLYUT0008: Undertow HTTP listener default suspending
[0m[0m15:56:26,581 INFO  [org.wildfly.extension.undertow] (MSC service thread 1-8) WFLYUT0007: Undertow HTTPS listener https stopped, was bound to 0.0.0.0:8443
[0m[0m15:56:26,577 INFO  [org.wildfly.extension.undertow] (MSC service thread 1-3) WFLYUT0008: Undertow AJP listener ajp suspending
[0m[0m15:56:26,588 INFO  [org.wildfly.extension.undertow] (MSC service thread 1-3) WFLYUT0007: Undertow AJP listener ajp stopped, was bound to 0.0.0.0:8009
[0m[0m15:56:26,589 INFO  [org.jboss.as.server.deployment] (MSC service thread 1-7) WFLYSRV0028: Stopped deployment reproducer.war (runtime-name: reproducer.war) in 301ms
[0m[0m15:56:26,595 INFO  [org.wildfly.extension.undertow] (MSC service thread 1-6) WFLYUT0007: Undertow HTTP listener default stopped, was bound to 0.0.0.0:8080
[0m[0m15:56:26,606 INFO  [org.jboss.as.clustering.infinispan] (ServerService Thread Pool -- 88) WFLYCLINF0003: Stopped http-remoting-connector cache from ejb container
[0m[0m15:56:26,627 INFO  [org.wildfly.extension.undertow] (MSC service thread 1-6) WFLYUT0004: Undertow 2.3.18.SP1-redhat-00001 stopping
[0m[0m15:56:26,679 INFO  [org.infinispan.CONTAINER] (ServerService Thread Pool -- 12) ISPN000390: Persisted state, version=15.0.16.Final-redhat-00001 timestamp=2026-09-10T10:26:26.675432181Z
[0m[0m15:56:26,686 INFO  [org.jboss.as.clustering.infinispan] (ServerService Thread Pool -- 12) Stopped web cache container
[0m[0m15:56:26,720 INFO  [org.infinispan.CONTAINER] (ServerService Thread Pool -- 88) ISPN000390: Persisted state, version=15.0.16.Final-redhat-00001 timestamp=2026-09-10T10:26:26.699459506Z
[0m[0m15:56:26,755 INFO  [org.jboss.as.clustering.infinispan] (ServerService Thread Pool -- 88) Stopped ejb cache container
[0m[0m15:56:26,773 INFO  [org.jboss.as.clustering.jgroups] (ServerService Thread Pool -- 88) WFLYCLJG0034: Disconnecting 'ee' channel. 'node1' leaving cluster 'ejb' with view: [node2|2] (3) [node2, node1, node3]
[0m[0m15:56:26,851 INFO  [org.jboss.as.clustering.jgroups] (ServerService Thread Pool -- 88) WFLYCLJG0035: Disconnected 'ee' channel. 'node1' left cluster 'ejb'
[0m[0m15:56:26,931 INFO  [org.jboss.as] (MSC service thread 1-1) WFLYSRV0050: JBoss EAP 8.1 (WildFly Core 27.1.0.Final-redhat-00010) stopped in 646ms
[0m[0m15:56:26,940 INFO  [org.jboss.as] (MSC service thread 1-2) WFLYSRV0049: JBoss EAP 8.1 (WildFly Core 27.1.0.Final-redhat-00010) starting
[0m[0m15:56:27,399 INFO  [org.jboss.as.server] (Controller Boot Thread) WFLYSRV0039: Creating http management service using socket-binding (management-http)
[0m[0m15:56:27,415 INFO  [org.jboss.as.connector.subsystems.datasources] (ServerService Thread Pool -- 45) WFLYJCA0004: Deploying JDBC-compliant driver class org.h2.Driver (version 2.2)
[0m[0m15:56:27,421 INFO  [org.jboss.as.server.deployment] (MSC service thread 1-5) WFLYSRV0027: Starting deployment of "reproducer.war" (runtime-name: "reproducer.war")
[0m[0m15:56:27,428 INFO  [org.wildfly.extension.elytron.oidc._private] (ServerService Thread Pool -- 54) WFLYOIDC0001: Activating WildFly Elytron OIDC Subsystem
[0m[0m15:56:27,431 INFO  [org.jboss.as.clustering.infinispan] (ServerService Thread Pool -- 56) WFLYCLINF0001: Activating Infinispan subsystem.
[0m[0m15:56:27,431 INFO  [org.wildfly.extension.health] (ServerService Thread Pool -- 55) WFLYHEALTH0001: Activating Base Health Subsystem
[0m[0m15:56:27,433 INFO  [org.jboss.as.jaxrs] (ServerService Thread Pool -- 58) WFLYRS0016: RESTEasy version 6.2.12.Final-redhat-00001
[0m[0m15:56:27,436 INFO  [org.jboss.as.clustering.jgroups] (ServerService Thread Pool -- 61) WFLYCLJG0001: Activating JGroups subsystem. JGroups version 5.3.16
[0m[0m15:56:27,433 INFO  [org.jboss.as.connector] (MSC service thread 1-1) WFLYJCA0009: Starting Jakarta Connectors Subsystem (WildFly/IronJacamar 3.0.14.Final-redhat-00001)
[0m[0m15:56:27,434 INFO  [org.jboss.as.connector.deployers.jdbc] (MSC service thread 1-4) WFLYJCA0018: Started Driver service with driver-name = h2
[0m[0m15:56:27,451 INFO  [org.jboss.as.ejb3] (MSC service thread 1-7) WFLYEJB0482: Strict pool mdb-strict-max-pool is using a max instance size of 48 (per class), which is derived from the number of CPUs on this host.
[0m[0m15:56:27,459 INFO  [org.wildfly.extension.metrics] (ServerService Thread Pool -- 66) WFLYMETRICS0001: Activating Base Metrics Subsystem
[0m[0m15:56:27,461 INFO  [org.wildfly.extension.io] (ServerService Thread Pool -- 57) WFLYIO001: Worker 'default' has auto-configured to 24 IO threads with 192 max task threads based on your 12 available processors
[0m[0m15:56:27,472 INFO  [org.jboss.as.ejb3] (MSC service thread 1-2) WFLYEJB0481: Strict pool slsb-strict-max-pool is using a max instance size of 48 (per class), which is derived from thread worker pool sizing.
[0m[0m15:56:27,473 INFO  [org.jboss.as.naming] (ServerService Thread Pool -- 68) WFLYNAM0001: Activating Naming Subsystem
[0m[33m15:56:27,484 WARN  [org.wildfly.extension.elytron] (MSC service thread 1-2) WFLYELY00023: KeyStore file '/home/mopatil/Documents/EAP_lab/jboss-eap-8.1.0/jboss-eap-8.1/standalone-node1/configuration/application.keystore' does not exist. Used blank.
[0m[33m15:56:27,488 WARN  [org.wildfly.extension.elytron] (MSC service thread 1-7) WFLYELY01084: KeyStore /home/mopatil/Documents/EAP_lab/jboss-eap-8.1.0/jboss-eap-8.1/standalone-node1/configuration/application.keystore not found, it will be auto-generated on first use with a self-signed certificate for host localhost
[0m[0m15:56:27,493 INFO  [org.jboss.as.naming] (MSC service thread 1-6) WFLYNAM0003: Starting Naming Service
[0m[0m15:56:27,494 INFO  [org.jboss.as.mail.extension] (MSC service thread 1-2) WFLYMAIL0001: Bound mail session [java:jboss/mail/Default]
[0m[33m15:56:27,531 WARN  [org.jboss.as.txn] (ServerService Thread Pool -- 77) WFLYTX0013: The node-identifier attribute on the /subsystem=transactions is set to the default value. This is a danger for environments running multiple servers. Please make sure the attribute value is unique.
[0m[0m15:56:27,534 INFO  [org.jboss.as.webservices] (ServerService Thread Pool -- 79) WFLYWS0002: Activating WebServices Extension
[0m[0m15:56:27,535 INFO  [org.wildfly.extension.undertow] (MSC service thread 1-6) WFLYUT0003: Undertow 2.3.18.SP1-redhat-00001 starting
[0m[0m15:56:27,581 INFO  [org.wildfly.extension.undertow] (ServerService Thread Pool -- 78) WFLYUT0014: Creating file handler for path '/home/mopatil/Documents/EAP_lab/jboss-eap-8.1.0/jboss-eap-8.1/welcome-content' with options [directory-listing: 'false', follow-symlink: 'false', case-sensitive: 'true', safe-symlink-paths: '[]']
[0m[0m15:56:27,583 INFO  [org.jboss.as.ejb3] (MSC service thread 1-7) WFLYEJB0493: Jakarta Enterprise Beans subsystem suspension complete
[0m[0m15:56:27,593 INFO  [org.jboss.as.connector.subsystems.datasources] (MSC service thread 1-1) WFLYJCA0001: Bound data source [java:jboss/datasources/ExampleDS]
[0m[0m15:56:27,595 INFO  [org.wildfly.extension.undertow] (MSC service thread 1-5) WFLYUT0012: Started server default-server.
[0m[0m15:56:27,603 INFO  [org.wildfly.extension.undertow] (MSC service thread 1-7) WFLYUT0006: Undertow AJP listener ajp listening on 0.0.0.0:8009
[0m[0m15:56:27,604 INFO  [org.wildfly.extension.undertow] (MSC service thread 1-5) Queuing requests.
[0m[0m15:56:27,607 INFO  [org.wildfly.extension.undertow] (MSC service thread 1-5) WFLYUT0018: Host default-host starting
[0m[0m15:56:27,604 INFO  [org.wildfly.extension.undertow] (MSC service thread 1-3) WFLYUT0006: Undertow HTTPS listener https listening on 0.0.0.0:8443
[0m[0m15:56:27,608 INFO  [org.jboss.modcluster] (ServerService Thread Pool -- 75) MODCLUSTER000001: Initializing mod_cluster version 2.1.0.Final-redhat-00001
[0m[0m15:56:27,608 INFO  [org.wildfly.extension.undertow] (MSC service thread 1-8) WFLYUT0006: Undertow HTTP listener default listening on 0.0.0.0:8080
[0m[0m15:56:27,610 INFO  [org.jboss.modcluster] (ServerService Thread Pool -- 75) MODCLUSTER000032: Listening to proxy advertisements on /224.0.1.105:23364
[0m[0m15:56:27,689 INFO  [org.jboss.ws.common.management] (MSC service thread 1-8) JBWS022052: Starting JBossWS 7.3.3.Final-redhat-00001 (Apache CXF 4.0.8.redhat-00001) 
[0m[0m15:56:27,691 INFO  [org.jboss.as.server.deployment.scanner] (MSC service thread 1-8) WFLYDS0013: Started FileSystemDeploymentService for directory /home/mopatil/Documents/EAP_lab/jboss-eap-8.1.0/jboss-eap-8.1/standalone-node1/deployments
[0m[0m15:56:28,065 INFO  [org.wildfly.core.installationmanager] (MSC service thread 1-2) WFLYIM0023: Installation was provisioned using the following channel versions: '[ManifestVersion{channelId='org.jboss.eap.channels:eap-8.1', description='EAP 8.1 GA', version='1.0.0.GA-redhat-00012'}]'
[0m[0m15:56:28,172 INFO  [org.jboss.as.clustering.jgroups] (ServerService Thread Pool -- 85) WFLYCLJG0032: Connecting 'ee' channel. 'node1' joining cluster 'ejb' via /127.0.0.1:55200
[0m[0m15:56:28,173 INFO  [org.jgroups.JChannel] (ServerService Thread Pool -- 85) local_addr: f8a71a09-1967-4106-85f1-8a78a72f0884, name: node1
[0m[33m15:56:28,176 WARN  [org.jgroups.protocols.UDP] (ServerService Thread Pool -- 85) JGRP000015: the receive buffer of socket ManagedMulticastSocketBinding was set to 20MB, but the OS only allocated 4.19MB
[0m[33m15:56:28,177 WARN  [org.jgroups.protocols.UDP] (ServerService Thread Pool -- 85) JGRP000015: the receive buffer of socket ManagedMulticastSocketBinding was set to 25MB, but the OS only allocated 4.19MB
[0m[0m15:56:28,182 INFO  [org.jgroups.protocols.FD_SOCK2] (ServerService Thread Pool -- 85) server listening on /127.0.0.1:54200
[0m[0m15:56:28,216 INFO  [org.jboss.as.clustering.jgroups] (ServerService Thread Pool -- 85) WFLYCLJG0033: Connected 'ee' channel. 'node1' joined cluster 'ejb' with view: [node2|4] (3) [node2, node3, node1]
[0m[0m15:56:28,319 INFO  [org.infinispan.CONTAINER] (ServerService Thread Pool -- 84) ISPN000556: Starting user marshaller 'org.wildfly.clustering.cache.infinispan.marshalling.UserMarshaller'
[0m[0m15:56:28,337 INFO  [org.infinispan.CONTAINER] (ServerService Thread Pool -- 84) ISPN000389: Loaded global state, version=15.0.16.Final-redhat-00001 timestamp=2026-09-10T10:26:26.397254673Z
[0m[0m15:56:28,391 INFO  [org.infinispan.CONTAINER] (ServerService Thread Pool -- 85) ISPN000556: Starting user marshaller 'org.wildfly.clustering.cache.infinispan.marshalling.UserMarshaller'
[0m[0m15:56:28,413 INFO  [org.infinispan.LIFECYCLE] (thread-8,ejb,node1) [Context=org.infinispan.CONFIG] ISPN100002: Starting rebalance with members [node2, node3, node1], phase READ_OLD_WRITE_ALL, topology id 15
[0m[0m15:56:28,424 INFO  [org.infinispan.CONTAINER] (ServerService Thread Pool -- 85) ISPN000389: Loaded global state, version=15.0.16.Final-redhat-00001 timestamp=2026-09-10T10:26:26.394511032Z
[0m[0m15:56:28,423 INFO  [org.infinispan.CONTAINER] (ServerService Thread Pool -- 81) ISPN000556: Starting user marshaller 'org.wildfly.clustering.cache.infinispan.marshalling.UserMarshaller'
[0m[0m15:56:28,421 INFO  [org.infinispan.CONTAINER] (ServerService Thread Pool -- 83) ISPN000556: Starting user marshaller 'org.wildfly.clustering.cache.infinispan.marshalling.UserMarshaller'
[0m[0m15:56:28,443 INFO  [org.infinispan.CONTAINER] (ServerService Thread Pool -- 81) ISPN000389: Loaded global state, version=15.0.16.Final-redhat-00001 timestamp=2026-09-10T10:26:26.675432181Z
[0m[0m15:56:28,445 INFO  [org.infinispan.LIFECYCLE] (non-blocking-thread-node1-p22-t5) [Context=org.infinispan.CONFIG] ISPN100010: Finished rebalance with members [node2, node3, node1], topology id 15
[0m[0m15:56:28,474 INFO  [org.infinispan.CONTAINER] (ServerService Thread Pool -- 83) ISPN000389: Loaded global state, version=15.0.16.Final-redhat-00001 timestamp=2026-09-10T10:26:26.699459506Z
[0m[0m15:56:28,505 INFO  [org.infinispan.LIFECYCLE] (thread-9,ejb,node1) [Context=org.infinispan.CONFIG] ISPN100002: Starting rebalance with members [node2, node3, node1], phase READ_OLD_WRITE_ALL, topology id 15
[0m[0m15:56:28,544 INFO  [org.infinispan.LIFECYCLE] (thread-8,ejb,node1) [Context=org.infinispan.CONFIG] ISPN100002: Starting rebalance with members [node2, node3, node1], phase READ_OLD_WRITE_ALL, topology id 15
[0m[0m15:56:28,538 INFO  [org.infinispan.LIFECYCLE] (thread-7,ejb,node1) ISPN000973: Task 'state-transfer-org.infinispan.CONFIG' started at 2026-09-10T10:26:28.444567229Z and done 2026-09-10T10:26:28.538882604Z
[0m[0m15:56:28,547 INFO  [org.infinispan.LIFECYCLE] (non-blocking-thread-node1-p30-t5) [Context=org.infinispan.CONFIG] ISPN100010: Finished rebalance with members [node2, node3, node1], topology id 15
[0m[0m15:56:28,564 INFO  [org.infinispan.LIFECYCLE] (non-blocking-thread-node1-p35-t5) [Context=org.infinispan.CONFIG] ISPN100010: Finished rebalance with members [node2, node3, node1], topology id 15
[0m[0m15:56:28,571 INFO  [org.infinispan.LIFECYCLE] (thread-9,ejb,node1) [Context=org.infinispan.CONFIG] ISPN100002: Starting rebalance with members [node2, node3, node1], phase READ_OLD_WRITE_ALL, topology id 15
[0m[0m15:56:28,587 INFO  [org.infinispan.LIFECYCLE] (non-blocking-thread-node1-p26-t5) [Context=org.infinispan.CONFIG] ISPN100010: Finished rebalance with members [node2, node3, node1], topology id 15
[0m[0m15:56:28,615 INFO  [org.infinispan.LIFECYCLE] (thread-9,ejb,node1) ISPN000973: Task 'state-transfer-org.infinispan.CONFIG' started at 2026-09-10T10:26:28.546336438Z and done 2026-09-10T10:26:28.615667033Z
[0m[0m15:56:28,644 INFO  [org.infinispan.LIFECYCLE] (thread-9,ejb,node1) ISPN000973: Task 'state-transfer-org.infinispan.CONFIG' started at 2026-09-10T10:26:28.563186518Z and done 2026-09-10T10:26:28.644701051Z
[0m[0m15:56:28,642 INFO  [org.infinispan.LIFECYCLE] (thread-10,ejb,node1) ISPN000973: Task 'state-transfer-org.infinispan.CONFIG' started at 2026-09-10T10:26:28.587049813Z and done 2026-09-10T10:26:28.642499922Z
[0m[0m15:56:28,681 INFO  [org.jboss.as.clustering.infinispan] (ServerService Thread Pool -- 84) Started hibernate cache container
[0m[0m15:56:28,696 INFO  [org.jboss.as.clustering.infinispan] (ServerService Thread Pool -- 85) Started server cache container
[0m[0m15:56:28,709 INFO  [org.jboss.as.clustering.infinispan] (ServerService Thread Pool -- 83) Started ejb cache container
[0m[0m15:56:28,738 INFO  [org.jboss.as.clustering.infinispan] (ServerService Thread Pool -- 81) Started web cache container
[0m[0m15:56:28,773 INFO  [org.infinispan.LIFECYCLE] (thread-7,ejb,node1) [Context=http-remoting-connector] ISPN100002: Starting rebalance with members [node2, node3, node1], phase READ_OLD_WRITE_ALL, topology id 15
[0m[0m15:56:28,784 INFO  [org.jboss.as.clustering.infinispan] (ServerService Thread Pool -- 83) WFLYCLINF0002: Started http-remoting-connector cache from ejb container
[0m[0m15:56:28,792 INFO  [org.infinispan.CONTAINER] (ServerService Thread Pool -- 81) ISPN000025: wakeUpInterval is <= 0, not starting expired purge thread
[0m[0m15:56:28,795 INFO  [org.infinispan.LIFECYCLE] (non-blocking-thread-node1-p26-t15) [Context=http-remoting-connector] ISPN100010: Finished rebalance with members [node2, node3, node1], topology id 15
[0m[0m15:56:28,851 INFO  [org.infinispan.LIFECYCLE] (thread-7,ejb,node1) [Context=default-server] ISPN100002: Starting rebalance with members [node2, node3, node1], phase READ_OLD_WRITE_ALL, topology id 15
[0m[0m15:56:28,852 INFO  [org.infinispan.LIFECYCLE] (thread-9,ejb,node1) [Context=reproducer.war] ISPN100002: Starting rebalance with members [node2, node3, node1], phase READ_OLD_WRITE_ALL, topology id 15
[0m[0m15:56:28,855 INFO  [org.jboss.as.clustering.infinispan] (ServerService Thread Pool -- 85) WFLYCLINF0002: Started default-server cache from web container
[0m[0m15:56:28,861 INFO  [org.infinispan.LIFECYCLE] (non-blocking-thread-node1-p35-t16) [Context=default-server] ISPN100010: Finished rebalance with members [node2, node3, node1], topology id 15
[0m[0m15:56:28,876 INFO  [org.jboss.as.clustering.infinispan] (ServerService Thread Pool -- 81) WFLYCLINF0002: Started reproducer.war cache from web container
[0m[0m15:56:28,883 INFO  [org.infinispan.LIFECYCLE] (thread-7,ejb,node1) ISPN000973: Task 'state-transfer-http-remoting-connector' started at 2026-09-10T10:26:28.794350807Z and done 2026-09-10T10:26:28.883175834Z
[0m[0m15:56:28,943 INFO  [org.infinispan.LIFECYCLE] (thread-10,ejb,node1) ISPN000973: Task 'state-transfer-default-server' started at 2026-09-10T10:26:28.859935018Z and done 2026-09-10T10:26:28.943093244Z
[0m[0m15:56:28,948 INFO  [org.infinispan.LIFECYCLE] (thread-9,ejb,node1) [Context=reproducer.war] ISPN100010: Finished rebalance with members [node2, node3, node1], topology id 15
[0m[0m15:56:28,984 INFO  [org.jboss.as.clustering.infinispan] (ServerService Thread Pool -- 83) WFLYCLINF0002: Started http-remoting-connector cache from ejb container
[0m[0m15:56:28,984 INFO  [org.infinispan.LIFECYCLE] (thread-7,ejb,node1) ISPN000973: Task 'state-transfer-reproducer.war' started at 2026-09-10T10:26:28.946344504Z and done 2026-09-10T10:26:28.984338002Z
[0m[0m15:56:29,010 INFO  [org.jboss.as.clustering.infinispan] (ServerService Thread Pool -- 85) WFLYCLINF0002: Started default-server cache from web container
[0m[0m15:56:29,089 INFO  [org.jboss.as.clustering.infinispan] (ServerService Thread Pool -- 81) WFLYCLINF0002: Started reproducer.war cache from web container
[0m[0m15:56:29,214 INFO  [org.wildfly.extension.undertow] (ServerService Thread Pool -- 85) WFLYUT0021: Registered web context: '/reproducer' for server 'default-server'
[0m[0m15:56:29,313 INFO  [org.jboss.as.server] (ServerService Thread Pool -- 46) WFLYSRV0010: Deployed "reproducer.war" (runtime-name : "reproducer.war")
[0m[0m15:56:29,376 INFO  [org.jboss.as.server] (Controller Boot Thread) WFLYSRV0212: Resuming server
[0m[0m15:56:29,381 INFO  [org.jboss.as] (Controller Boot Thread) WFLYSRV0060: Http management interface listening on http://127.0.0.1:9990/management
[0m[0m15:56:29,382 INFO  [org.jboss.as] (Controller Boot Thread) WFLYSRV0051: Admin console listening on http://127.0.0.1:9990
[0m[0m15:56:29,388 INFO  [org.jboss.as] (Controller Boot Thread) WFLYSRV0025: JBoss EAP 8.1 (WildFly Core 27.1.0.Final-redhat-00010) started in 2439ms - Started 521 of 814 services (507 services are lazy, passive or on-demand) - Server configuration file in use: standalone-ha.xml
[0m[0m15:56:32,452 INFO  [org.infinispan.LIFECYCLE] (thread-9,ejb,node1) [Context=org.infinispan.CONFIG] ISPN100002: Starting rebalance with members [node3, node1], phase READ_OLD_WRITE_ALL, topology id 20
[0m[0m15:56:32,457 INFO  [org.infinispan.LIFECYCLE] (thread-9,ejb,node1) [Context=org.infinispan.CONFIG] ISPN100002: Starting rebalance with members [node3, node1], phase READ_OLD_WRITE_ALL, topology id 20
[0m[0m15:56:32,460 INFO  [org.infinispan.LIFECYCLE] (non-blocking-thread-node1-p30-t15) [Context=org.infinispan.CONFIG] ISPN100010: Finished rebalance with members [node3, node1], topology id 20
[0m[0m15:56:32,466 INFO  [org.infinispan.LIFECYCLE] (non-blocking-thread-node1-p22-t15) [Context=org.infinispan.CONFIG] ISPN100010: Finished rebalance with members [node3, node1], topology id 20
[0m[0m15:56:32,493 INFO  [org.infinispan.LIFECYCLE] (thread-7,ejb,node1) [Context=reproducer.war] ISPN100002: Starting rebalance with members [node3, node1], phase READ_OLD_WRITE_ALL, topology id 20
[0m[0m15:56:32,547 INFO  [org.infinispan.LIFECYCLE] (thread-9,ejb,node1) [Context=reproducer.war] ISPN100010: Finished rebalance with members [node3, node1], topology id 20
[0m[0m15:56:32,558 INFO  [org.infinispan.LIFECYCLE] (thread-10,ejb,node1) [Context=default-server] ISPN100002: Starting rebalance with members [node3, node1], phase READ_OLD_WRITE_ALL, topology id 20
[0m[0m15:56:32,564 INFO  [org.infinispan.LIFECYCLE] (thread-10,ejb,node1) [Context=http-remoting-connector] ISPN100002: Starting rebalance with members [node3, node1], phase READ_OLD_WRITE_ALL, topology id 20
[0m[0m15:56:32,566 INFO  [org.infinispan.LIFECYCLE] (non-blocking-thread-node1-p35-t14) [Context=default-server] ISPN100010: Finished rebalance with members [node3, node1], topology id 20
[0m[0m15:56:32,567 INFO  [org.infinispan.LIFECYCLE] (thread-7,ejb,node1) ISPN000973: Task 'state-transfer-reproducer.war' started at 2026-09-10T10:26:32.536450541Z and done 2026-09-10T10:26:32.567690900Z
[0m[0m15:56:32,572 INFO  [org.infinispan.LIFECYCLE] (non-blocking-thread-node1-p26-t24) [Context=http-remoting-connector] ISPN100010: Finished rebalance with members [node3, node1], topology id 20
[0m[0m15:56:32,588 INFO  [org.infinispan.LIFECYCLE] (thread-7,ejb,node1) [Context=org.infinispan.CONFIG] ISPN100002: Starting rebalance with members [node3, node1], phase READ_OLD_WRITE_ALL, topology id 20
[0m[0m15:56:32,597 INFO  [org.infinispan.LIFECYCLE] (thread-7,ejb,node1) [Context=org.infinispan.CONFIG] ISPN100010: Finished rebalance with members [node3, node1], topology id 20
[0m[0m15:56:32,603 INFO  [org.infinispan.LIFECYCLE] (thread-9,ejb,node1) [Context=org.infinispan.CONFIG] ISPN100002: Starting rebalance with members [node3, node1], phase READ_OLD_WRITE_ALL, topology id 20
[0m[0m15:56:32,615 INFO  [org.infinispan.LIFECYCLE] (thread-9,ejb,node1) [Context=org.infinispan.CONFIG] ISPN100010: Finished rebalance with members [node3, node1], topology id 20
[0m[0m15:56:32,742 INFO  [org.infinispan.CLUSTER] (thread-7,ejb,node1) ISPN100001: Node node2 left the cluster
[0m[0m15:56:32,743 INFO  [org.infinispan.CLUSTER] (thread-7,ejb,node1) ISPN100001: Node node2 left the cluster
[0m[0m15:56:32,755 INFO  [org.infinispan.CLUSTER] (thread-7,ejb,node1) ISPN100001: Node node2 left the cluster
[0m[0m15:56:32,756 INFO  [org.infinispan.CLUSTER] (thread-7,ejb,node1) ISPN100001: Node node2 left the cluster
[0m[0m15:56:32,766 INFO  [org.infinispan.CLUSTER] (thread-7,ejb,node1) ISPN100001: Node node2 left the cluster
[0m[0m15:56:32,766 INFO  [org.infinispan.CLUSTER] (thread-7,ejb,node1) ISPN100001: Node node2 left the cluster
[0m[0m15:56:32,777 INFO  [org.infinispan.CLUSTER] (thread-7,ejb,node1) ISPN100001: Node node2 left the cluster
[0m[0m15:56:32,778 INFO  [org.infinispan.CLUSTER] (thread-7,ejb,node1) ISPN100001: Node node2 left the cluster
[0m[0m15:56:32,861 INFO  [org.infinispan.LIFECYCLE] (thread-9,ejb,node1) [Context=reproducer.war] ISPN100002: Starting rebalance with members [node3, node1], phase READ_OLD_WRITE_ALL, topology id 22
[0m[0m15:56:32,886 INFO  [org.infinispan.LIFECYCLE] (thread-10,ejb,node1) [Context=org.infinispan.CONFIG] ISPN100002: Starting rebalance with members [node3, node1], phase READ_OLD_WRITE_ALL, topology id 22
[0m[0m15:56:32,905 INFO  [org.infinispan.LIFECYCLE] (thread-10,ejb,node1) [Context=org.infinispan.CONFIG] ISPN100002: Starting rebalance with members [node3, node1], phase READ_OLD_WRITE_ALL, topology id 22
[0m[0m15:56:32,913 INFO  [org.infinispan.LIFECYCLE] (thread-8,ejb,node1) [Context=default-server] ISPN100002: Starting rebalance with members [node3, node1], phase READ_OLD_WRITE_ALL, topology id 22
[0m[0m15:56:32,915 INFO  [org.infinispan.LIFECYCLE] (thread-7,ejb,node1) [Context=org.infinispan.CONFIG] ISPN100002: Starting rebalance with members [node3, node1], phase READ_OLD_WRITE_ALL, topology id 22
[0m[0m15:56:32,917 INFO  [org.infinispan.LIFECYCLE] (thread-7,ejb,node1) [Context=org.infinispan.CONFIG] ISPN100002: Starting rebalance with members [node3, node1], phase READ_OLD_WRITE_ALL, topology id 22
[0m[0m15:56:32,918 INFO  [org.infinispan.LIFECYCLE] (non-blocking-thread-node1-p30-t21) [Context=org.infinispan.CONFIG] ISPN100010: Finished rebalance with members [node3, node1], topology id 22
[0m[0m15:56:32,924 INFO  [org.infinispan.LIFECYCLE] (non-blocking-thread-node1-p26-t11) [Context=org.infinispan.CONFIG] ISPN100010: Finished rebalance with members [node3, node1], topology id 22
[0m[0m15:56:32,925 INFO  [org.infinispan.LIFECYCLE] (thread-9,ejb,node1) [Context=http-remoting-connector] ISPN100002: Starting rebalance with members [node3, node1], phase READ_OLD_WRITE_ALL, topology id 23
[0m[0m15:56:32,925 INFO  [org.infinispan.LIFECYCLE] (non-blocking-thread-node1-p35-t4) [Context=default-server] ISPN100010: Finished rebalance with members [node3, node1], topology id 22
[0m[0m15:56:32,932 INFO  [org.infinispan.LIFECYCLE] (thread-11,ejb,node1) [Context=reproducer.war] ISPN100010: Finished rebalance with members [node3, node1], topology id 22
[0m[0m15:56:32,937 INFO  [org.infinispan.LIFECYCLE] (non-blocking-thread-node1-p26-t12) [Context=http-remoting-connector] ISPN100010: Finished rebalance with members [node3, node1], topology id 23
[0m[0m15:56:32,939 INFO  [org.infinispan.LIFECYCLE] (non-blocking-thread-node1-p22-t21) [Context=org.infinispan.CONFIG] ISPN100010: Finished rebalance with members [node3, node1], topology id 22
[0m[0m15:56:32,935 INFO  [org.infinispan.LIFECYCLE] (non-blocking-thread-node1-p35-t6) [Context=org.infinispan.CONFIG] ISPN100010: Finished rebalance with members [node3, node1], topology id 22
[0m[0m15:56:32,989 INFO  [org.infinispan.LIFECYCLE] (thread-11,ejb,node1) ISPN000973: Task 'state-transfer-reproducer.war' started at 2026-09-10T10:26:32.926971314Z and done 2026-09-10T10:26:32.989071466Z
[0m[0m15:56:34,236 INFO  [org.infinispan.CLUSTER] (thread-10,ejb,node1) ISPN100000: Node node2 joined the cluster
[0m[0m15:56:34,236 INFO  [org.infinispan.CLUSTER] (thread-10,ejb,node1) ISPN100000: Node node2 joined the cluster
[0m[0m15:56:34,237 INFO  [org.infinispan.CLUSTER] (thread-10,ejb,node1) ISPN100000: Node node2 joined the cluster
[0m[0m15:56:34,238 INFO  [org.infinispan.CLUSTER] (thread-10,ejb,node1) ISPN100000: Node node2 joined the cluster
[0m[0m15:56:34,239 INFO  [org.infinispan.CLUSTER] (thread-10,ejb,node1) ISPN100000: Node node2 joined the cluster
[0m[0m15:56:34,240 INFO  [org.infinispan.CLUSTER] (thread-10,ejb,node1) ISPN100000: Node node2 joined the cluster
[0m[0m15:56:34,240 INFO  [org.infinispan.CLUSTER] (thread-10,ejb,node1) ISPN100000: Node node2 joined the cluster
[0m[0m15:56:34,241 INFO  [org.infinispan.CLUSTER] (thread-10,ejb,node1) ISPN100000: Node node2 joined the cluster
[0m[0m15:56:34,470 INFO  [org.infinispan.LIFECYCLE] (thread-11,ejb,node1) [Context=org.infinispan.CONFIG] ISPN100002: Starting rebalance with members [node3, node1, node2], phase READ_OLD_WRITE_ALL, topology id 26
[0m[0m15:56:34,476 INFO  [org.infinispan.LIFECYCLE] (thread-10,ejb,node1) [Context=org.infinispan.CONFIG] ISPN100002: Starting rebalance with members [node3, node1, node2], phase READ_OLD_WRITE_ALL, topology id 26
[0m[0m15:56:34,484 INFO  [org.infinispan.LIFECYCLE] (thread-11,ejb,node1) [Context=org.infinispan.CONFIG] ISPN100010: Finished rebalance with members [node3, node1, node2], topology id 26
[0m[0m15:56:34,491 INFO  [org.infinispan.LIFECYCLE] (non-blocking-thread-node1-p22-t6) [Context=org.infinispan.CONFIG] ISPN100010: Finished rebalance with members [node3, node1, node2], topology id 26
[0m[0m15:56:34,527 INFO  [org.infinispan.LIFECYCLE] (thread-10,ejb,node1) [Context=org.infinispan.CONFIG] ISPN100002: Starting rebalance with members [node3, node1, node2], phase READ_OLD_WRITE_ALL, topology id 26
[0m[0m15:56:34,557 INFO  [org.infinispan.LIFECYCLE] (non-blocking-thread-node1-p30-t6) [Context=org.infinispan.CONFIG] ISPN100010: Finished rebalance with members [node3, node1, node2], topology id 26
[0m[0m15:56:34,627 INFO  [org.infinispan.LIFECYCLE] (thread-10,ejb,node1) [Context=org.infinispan.CONFIG] ISPN100002: Starting rebalance with members [node3, node1, node2], phase READ_OLD_WRITE_ALL, topology id 26
[0m[0m15:56:34,631 INFO  [org.infinispan.LIFECYCLE] (non-blocking-thread-node1-p35-t1) [Context=org.infinispan.CONFIG] ISPN100010: Finished rebalance with members [node3, node1, node2], topology id 26
[0m[0m15:56:34,757 INFO  [org.infinispan.LIFECYCLE] (thread-9,ejb,node1) [Context=http-remoting-connector] ISPN100002: Starting rebalance with members [node3, node1, node2], phase READ_OLD_WRITE_ALL, topology id 27
[0m[0m15:56:34,769 INFO  [org.infinispan.LIFECYCLE] (non-blocking-thread-node1-p26-t5) [Context=http-remoting-connector] ISPN100010: Finished rebalance with members [node3, node1, node2], topology id 27
[0m[0m15:56:34,847 INFO  [org.infinispan.LIFECYCLE] (thread-11,ejb,node1) [Context=reproducer.war] ISPN100002: Starting rebalance with members [node3, node1, node2], phase READ_OLD_WRITE_ALL, topology id 26
[0m[0m15:56:34,867 INFO  [org.infinispan.LIFECYCLE] (thread-11,ejb,node1) [Context=default-server] ISPN100002: Starting rebalance with members [node3, node1, node2], phase READ_OLD_WRITE_ALL, topology id 26
[0m[0m15:56:34,872 INFO  [org.infinispan.LIFECYCLE] (non-blocking-thread-node1-p35-t6) [Context=default-server] ISPN100010: Finished rebalance with members [node3, node1, node2], topology id 26
[0m[0m15:56:34,874 INFO  [org.infinispan.LIFECYCLE] (thread-9,ejb,node1) [Context=reproducer.war] ISPN100010: Finished rebalance with members [node3, node1, node2], topology id 26
[0m[33m15:56:34,961 WARN  [org.jboss.as.ejb3.remote] (main - 1) WFLYEJB0509: Clustered Jakarta Enterprise Beans in Node: node2 are bound to INADDR_ANY(0.0.0.0). Either use a non-wildcard server bind address or add client-mapping entries to the relevant socket-binding for the Remoting connector
[0m[0m15:56:38,882 INFO  [org.infinispan.LIFECYCLE] (thread-9,ejb,node1) [Context=org.infinispan.CONFIG] ISPN100002: Starting rebalance with members [node1, node2], phase READ_OLD_WRITE_ALL, topology id 31
[0m[0m15:56:38,888 INFO  [org.infinispan.LIFECYCLE] (thread-9,ejb,node1) [Context=org.infinispan.CONFIG] ISPN100002: Starting rebalance with members [node1, node2], phase READ_OLD_WRITE_ALL, topology id 31
[0m[0m15:56:38,888 INFO  [org.infinispan.LIFECYCLE] (non-blocking-thread-node1-p30-t11) [Context=org.infinispan.CONFIG] ISPN100010: Finished rebalance with members [node1, node2], topology id 31
[0m[0m15:56:38,896 INFO  [org.infinispan.LIFECYCLE] (non-blocking-thread-node1-p22-t11) [Context=org.infinispan.CONFIG] ISPN100010: Finished rebalance with members [node1, node2], topology id 31
[0m[0m15:56:38,940 INFO  [org.infinispan.LIFECYCLE] (thread-10,ejb,node1) [Context=reproducer.war] ISPN100002: Starting rebalance with members [node1, node2], phase READ_OLD_WRITE_ALL, topology id 31
[0m[0m15:56:38,980 INFO  [org.infinispan.LIFECYCLE] (thread-8,ejb,node1) [Context=default-server] ISPN100002: Starting rebalance with members [node1, node2], phase READ_OLD_WRITE_ALL, topology id 31
[0m[0m15:56:39,001 INFO  [org.infinispan.LIFECYCLE] (thread-7,ejb,node1) [Context=reproducer.war] ISPN100010: Finished rebalance with members [node1, node2], topology id 31
[0m[0m15:56:39,003 INFO  [org.infinispan.LIFECYCLE] (thread-7,ejb,node1) [Context=org.infinispan.CONFIG] ISPN100002: Starting rebalance with members [node1, node2], phase READ_OLD_WRITE_ALL, topology id 31
[0m[0m15:56:39,009 INFO  [org.infinispan.LIFECYCLE] (thread-11,ejb,node1) [Context=http-remoting-connector] ISPN100002: Starting rebalance with members [node1, node2], phase READ_OLD_WRITE_ALL, topology id 32
[0m[0m15:56:39,013 INFO  [org.infinispan.LIFECYCLE] (non-blocking-thread-node1-p35-t2) [Context=org.infinispan.CONFIG] ISPN100010: Finished rebalance with members [node1, node2], topology id 31
[0m[0m15:56:39,022 INFO  [org.infinispan.LIFECYCLE] (non-blocking-thread-node1-p26-t11) [Context=http-remoting-connector] ISPN100010: Finished rebalance with members [node1, node2], topology id 32
[0m[0m15:56:39,004 INFO  [org.infinispan.LIFECYCLE] (non-blocking-thread-node1-p35-t1) [Context=default-server] ISPN100010: Finished rebalance with members [node1, node2], topology id 31
[0m[0m15:56:39,035 INFO  [org.infinispan.LIFECYCLE] (thread-11,ejb,node1) [Context=org.infinispan.CONFIG] ISPN100002: Starting rebalance with members [node1, node2], phase READ_OLD_WRITE_ALL, topology id 31
[0m[0m15:56:39,059 INFO  [org.infinispan.LIFECYCLE] (thread-11,ejb,node1) ISPN000973: Task 'state-transfer-reproducer.war' started at 2026-09-10T10:26:38.979781258Z and done 2026-09-10T10:26:39.059545377Z
[0m[0m15:56:39,060 INFO  [org.infinispan.LIFECYCLE] (non-blocking-thread-node1-p26-t13) [Context=org.infinispan.CONFIG] ISPN100010: Finished rebalance with members [node1, node2], topology id 31
[0m[0m15:56:39,075 INFO  [org.infinispan.CLUSTER] (thread-8,ejb,node1) ISPN100001: Node node3 left the cluster
[0m[0m15:56:39,075 INFO  [org.infinispan.CLUSTER] (thread-8,ejb,node1) ISPN100001: Node node3 left the cluster
[0m[0m15:56:39,076 INFO  [org.infinispan.CLUSTER] (thread-8,ejb,node1) ISPN100001: Node node3 left the cluster
[0m[0m15:56:39,077 INFO  [org.infinispan.CLUSTER] (thread-8,ejb,node1) ISPN100001: Node node3 left the cluster
[0m[0m15:56:39,078 INFO  [org.infinispan.CLUSTER] (thread-8,ejb,node1) ISPN100001: Node node3 left the cluster
[0m[0m15:56:39,078 INFO  [org.infinispan.CLUSTER] (thread-8,ejb,node1) ISPN100001: Node node3 left the cluster
[0m[0m15:56:39,081 INFO  [org.infinispan.CLUSTER] (thread-8,ejb,node1) ISPN100001: Node node3 left the cluster
[0m[0m15:56:39,082 INFO  [org.infinispan.CLUSTER] (thread-8,ejb,node1) ISPN100001: Node node3 left the cluster
[0m[0m15:56:39,169 INFO  [org.infinispan.CLUSTER] (non-blocking-thread-node1-p35-t5) [Context=default-server] ISPN100007: After merge (or coordinator change), recovered members [node1, node2] with topology id 33
[0m[0m15:56:39,169 INFO  [org.infinispan.CLUSTER] (non-blocking-thread-node1-p26-t18) [Context=http-remoting-connector] ISPN100007: After merge (or coordinator change), recovered members [node1, node2] with topology id 33
[0m[0m15:56:39,169 INFO  [org.infinispan.CLUSTER] (non-blocking-thread-node1-p35-t10) [Context=reproducer.war] ISPN100007: After merge (or coordinator change), recovered members [node1, node2] with topology id 32
[0m[0m15:56:39,171 INFO  [org.infinispan.CLUSTER] (non-blocking-thread-node1-p30-t15) [Context=org.infinispan.CONFIG] ISPN100007: After merge (or coordinator change), recovered members [node1, node2] with topology id 32
[0m[0m15:56:39,169 INFO  [org.infinispan.CLUSTER] (non-blocking-thread-node1-p26-t17) [Context=org.infinispan.CONFIG] ISPN100007: After merge (or coordinator change), recovered members [node1, node2] with topology id 32
[0m[0m15:56:39,170 INFO  [org.infinispan.CLUSTER] (non-blocking-thread-node1-p22-t15) [Context=org.infinispan.CONFIG] ISPN100007: After merge (or coordinator change), recovered members [node1, node2] with topology id 32
[0m[0m15:56:39,176 INFO  [org.infinispan.CLUSTER] (non-blocking-thread-node1-p35-t8) [Context=org.infinispan.CONFIG] ISPN100007: After merge (or coordinator change), recovered members [node1, node2] with topology id 32
[0m[0m15:56:39,217 INFO  [org.infinispan.CLUSTER] (non-blocking-thread-node1-p26-t17) [Context=org.infinispan.CONFIG] ISPN100002: Starting rebalance with members [node1, node2], phase READ_OLD_WRITE_ALL, topology id 33
[0m[0m15:56:39,218 INFO  [org.infinispan.LIFECYCLE] (non-blocking-thread-node1-p26-t17) [Context=org.infinispan.CONFIG] ISPN100002: Starting rebalance with members [node1, node2], phase READ_OLD_WRITE_ALL, topology id 33
[0m[0m15:56:39,221 INFO  [org.infinispan.LIFECYCLE] (non-blocking-thread-node1-p26-t17) [Context=org.infinispan.CONFIG] ISPN100010: Finished rebalance with members [node1, node2], topology id 33
[0m[0m15:56:39,229 INFO  [org.infinispan.CLUSTER] (non-blocking-thread-node1-p35-t5) [Context=default-server] ISPN100002: Starting rebalance with members [node1, node2], phase READ_OLD_WRITE_ALL, topology id 34
[0m[0m15:56:39,231 INFO  [org.infinispan.CLUSTER] (non-blocking-thread-node1-p35-t8) [Context=org.infinispan.CONFIG] ISPN100002: Starting rebalance with members [node1, node2], phase READ_OLD_WRITE_ALL, topology id 33
[0m[0m15:56:39,232 INFO  [org.infinispan.LIFECYCLE] (non-blocking-thread-node1-p35-t5) [Context=default-server] ISPN100002: Starting rebalance with members [node1, node2], phase READ_OLD_WRITE_ALL, topology id 34
[0m[0m15:56:39,229 INFO  [org.infinispan.CLUSTER] (non-blocking-thread-node1-p30-t15) [Context=org.infinispan.CONFIG] ISPN100002: Starting rebalance with members [node1, node2], phase READ_OLD_WRITE_ALL, topology id 33
[0m[0m15:56:39,233 INFO  [org.infinispan.CLUSTER] (non-blocking-thread-node1-p35-t10) [Context=reproducer.war] ISPN100002: Starting rebalance with members [node1, node2], phase READ_OLD_WRITE_ALL, topology id 33
[0m[0m15:56:39,230 INFO  [org.infinispan.CLUSTER] (non-blocking-thread-node1-p22-t15) [Context=org.infinispan.CONFIG] ISPN100002: Starting rebalance with members [node1, node2], phase READ_OLD_WRITE_ALL, topology id 33
[0m[0m15:56:39,235 INFO  [org.infinispan.LIFECYCLE] (non-blocking-thread-node1-p35-t14) [Context=default-server] ISPN100010: Finished rebalance with members [node1, node2], topology id 34
[0m[0m15:56:39,235 INFO  [org.infinispan.LIFECYCLE] (non-blocking-thread-node1-p30-t15) [Context=org.infinispan.CONFIG] ISPN100002: Starting rebalance with members [node1, node2], phase READ_OLD_WRITE_ALL, topology id 33
[0m[0m15:56:39,236 INFO  [org.infinispan.CLUSTER] (non-blocking-thread-node1-p26-t18) [Context=http-remoting-connector] ISPN100002: Starting rebalance with members [node1, node2], phase READ_OLD_WRITE_ALL, topology id 34
[0m[0m15:56:39,240 INFO  [org.infinispan.LIFECYCLE] (non-blocking-thread-node1-p35-t8) [Context=reproducer.war] ISPN100002: Starting rebalance with members [node1, node2], phase READ_OLD_WRITE_ALL, topology id 33
[0m[0m15:56:39,236 INFO  [org.infinispan.LIFECYCLE] (non-blocking-thread-node1-p35-t10) [Context=reproducer.war] ISPN100002: Starting rebalance with members [node1, node2], phase READ_OLD_WRITE_ALL, topology id 33
[0m[0m15:56:39,242 INFO  [org.infinispan.LIFECYCLE] (non-blocking-thread-node1-p26-t18) [Context=http-remoting-connector] ISPN100002: Starting rebalance with members [node1, node2], phase READ_OLD_WRITE_ALL, topology id 34
[0m[0m15:56:39,245 INFO  [org.infinispan.CLUSTER] (thread-7,ejb,node1) [Context=org.infinispan.CONFIG] ISPN100009: Advancing to rebalance phase READ_ALL_WRITE_ALL, topology id 34
[0m[0m15:56:39,235 INFO  [org.infinispan.LIFECYCLE] (non-blocking-thread-node1-p22-t15) [Context=org.infinispan.CONFIG] ISPN100002: Starting rebalance with members [node1, node2], phase READ_OLD_WRITE_ALL, topology id 33
[0m[0m15:56:39,247 INFO  [org.infinispan.LIFECYCLE] (non-blocking-thread-node1-p26-t24) [Context=http-remoting-connector] ISPN100010: Finished rebalance with members [node1, node2], topology id 34
[0m[0m15:56:39,249 INFO  [org.infinispan.LIFECYCLE] (non-blocking-thread-node1-p22-t18) [Context=org.infinispan.CONFIG] ISPN100010: Finished rebalance with members [node1, node2], topology id 33
[0m[0m15:56:39,250 INFO  [org.infinispan.CLUSTER] (non-blocking-thread-node1-p30-t18) [Context=org.infinispan.CONFIG] ISPN100009: Advancing to rebalance phase READ_ALL_WRITE_ALL, topology id 34
[0m[0m15:56:39,252 INFO  [org.infinispan.LIFECYCLE] (non-blocking-thread-node1-p35-t8) [Context=org.infinispan.CONFIG] ISPN100010: Finished rebalance with members [node1, node2], topology id 33
[0m[0m15:56:39,252 INFO  [org.infinispan.LIFECYCLE] (non-blocking-thread-node1-p30-t18) [Context=org.infinispan.CONFIG] ISPN100010: Finished rebalance with members [node1, node2], topology id 33
[0m[0m15:56:39,268 INFO  [org.infinispan.CLUSTER] (thread-9,ejb,node1) [Context=http-remoting-connector] ISPN100009: Advancing to rebalance phase READ_ALL_WRITE_ALL, topology id 35
[0m[0m15:56:39,279 INFO  [org.infinispan.CLUSTER] (thread-9,ejb,node1) [Context=org.infinispan.CONFIG] ISPN100009: Advancing to rebalance phase READ_ALL_WRITE_ALL, topology id 34
[0m[0m15:56:39,281 INFO  [org.infinispan.CLUSTER] (thread-7,ejb,node1) [Context=org.infinispan.CONFIG] ISPN100009: Advancing to rebalance phase READ_NEW_WRITE_ALL, topology id 35
[0m[0m15:56:39,288 INFO  [org.infinispan.CLUSTER] (thread-11,ejb,node1) [Context=org.infinispan.CONFIG] ISPN100009: Advancing to rebalance phase READ_NEW_WRITE_ALL, topology id 35
[0m[0m15:56:39,290 INFO  [org.infinispan.CLUSTER] (thread-11,ejb,node1) [Context=http-remoting-connector] ISPN100009: Advancing to rebalance phase READ_NEW_WRITE_ALL, topology id 36
[0m[0m15:56:39,290 INFO  [org.infinispan.LIFECYCLE] (thread-9,ejb,node1) [Context=reproducer.war] ISPN100010: Finished rebalance with members [node1, node2], topology id 33
[0m[0m15:56:39,296 INFO  [org.infinispan.CLUSTER] (thread-9,ejb,node1) [Context=default-server] ISPN100009: Advancing to rebalance phase READ_ALL_WRITE_ALL, topology id 35
[0m[0m15:56:39,298 INFO  [org.infinispan.CLUSTER] (thread-9,ejb,node1) [Context=org.infinispan.CONFIG] ISPN100009: Advancing to rebalance phase READ_ALL_WRITE_ALL, topology id 34
[0m[0m15:56:39,302 INFO  [org.infinispan.LIFECYCLE] (thread-7,ejb,node1) ISPN000973: Task 'state-transfer-reproducer.war' started at 2026-09-10T10:26:39.289597501Z and done 2026-09-10T10:26:39.302801786Z
[0m[0m15:56:39,309 INFO  [org.infinispan.CLUSTER] (thread-7,ejb,node1) [Context=org.infinispan.CONFIG] ISPN100010: Finished rebalance with members [node1, node2], topology id 36
[0m[0m15:56:39,319 INFO  [org.infinispan.CLUSTER] (thread-7,ejb,node1) [Context=http-remoting-connector] ISPN100010: Finished rebalance with members [node1, node2], topology id 37
[0m[0m15:56:39,323 INFO  [org.infinispan.CLUSTER] (thread-9,ejb,node1) [Context=org.infinispan.CONFIG] ISPN100009: Advancing to rebalance phase READ_NEW_WRITE_ALL, topology id 35
[0m[0m15:56:39,330 INFO  [org.infinispan.CLUSTER] (thread-7,ejb,node1) [Context=reproducer.war] ISPN100009: Advancing to rebalance phase READ_ALL_WRITE_ALL, topology id 34
[0m[0m15:56:39,331 INFO  [org.infinispan.CLUSTER] (thread-8,ejb,node1) [Context=default-server] ISPN100009: Advancing to rebalance phase READ_NEW_WRITE_ALL, topology id 36
[0m[0m15:56:39,339 INFO  [org.infinispan.CLUSTER] (thread-11,ejb,node1) [Context=org.infinispan.CONFIG] ISPN100009: Advancing to rebalance phase READ_NEW_WRITE_ALL, topology id 35
[0m[0m15:56:39,344 INFO  [org.infinispan.CLUSTER] (thread-7,ejb,node1) [Context=org.infinispan.CONFIG] ISPN100010: Finished rebalance with members [node1, node2], topology id 36
[0m[0m15:56:39,345 INFO  [org.infinispan.CLUSTER] (non-blocking-thread-node1-p22-t22) [Context=org.infinispan.CONFIG] ISPN100010: Finished rebalance with members [node1, node2], topology id 36
[0m[0m15:56:39,393 INFO  [org.infinispan.CLUSTER] (thread-7,ejb,node1) [Context=reproducer.war] ISPN100009: Advancing to rebalance phase READ_NEW_WRITE_ALL, topology id 35
[0m[0m15:56:39,406 INFO  [org.infinispan.CLUSTER] (thread-11,ejb,node1) [Context=org.infinispan.CONFIG] ISPN100010: Finished rebalance with members [node1, node2], topology id 36
[0m[0m15:56:39,393 INFO  [org.infinispan.CLUSTER] (thread-9,ejb,node1) [Context=default-server] ISPN100010: Finished rebalance with members [node1, node2], topology id 37
[0m[0m15:56:39,434 INFO  [org.infinispan.CLUSTER] (thread-11,ejb,node1) [Context=reproducer.war] ISPN100010: Finished rebalance with members [node1, node2], topology id 36
[0m[0m15:56:40,263 INFO  [org.infinispan.CLUSTER] (thread-11,ejb,node1) ISPN100000: Node node3 joined the cluster
[0m[0m15:56:40,264 INFO  [org.infinispan.CLUSTER] (thread-11,ejb,node1) ISPN100000: Node node3 joined the cluster
[0m[0m15:56:40,265 INFO  [org.infinispan.CLUSTER] (thread-11,ejb,node1) ISPN100000: Node node3 joined the cluster
[0m[0m15:56:40,265 INFO  [org.infinispan.CLUSTER] (thread-11,ejb,node1) ISPN100000: Node node3 joined the cluster
[0m[0m15:56:40,265 INFO  [org.infinispan.CLUSTER] (thread-11,ejb,node1) ISPN100000: Node node3 joined the cluster
[0m[0m15:56:40,266 INFO  [org.infinispan.CLUSTER] (thread-11,ejb,node1) ISPN100000: Node node3 joined the cluster
[0m[0m15:56:40,266 INFO  [org.infinispan.CLUSTER] (thread-11,ejb,node1) ISPN100000: Node node3 joined the cluster
[0m[0m15:56:40,266 INFO  [org.infinispan.CLUSTER] (thread-11,ejb,node1) ISPN100000: Node node3 joined the cluster
[0m[0m15:56:40,381 INFO  [org.infinispan.CLUSTER] (thread-11,ejb,node1) [Context=org.infinispan.CONFIG] ISPN100002: Starting rebalance with members [node1, node2, node3], phase READ_OLD_WRITE_ALL, topology id 37
[0m[0m15:56:40,383 INFO  [org.infinispan.LIFECYCLE] (thread-11,ejb,node1) [Context=org.infinispan.CONFIG] ISPN100002: Starting rebalance with members [node1, node2, node3], phase READ_OLD_WRITE_ALL, topology id 37
[0m[0m15:56:40,386 INFO  [org.infinispan.LIFECYCLE] (non-blocking-thread-node1-p22-t6) [Context=org.infinispan.CONFIG] ISPN100010: Finished rebalance with members [node1, node2, node3], topology id 37
[0m[0m15:56:40,412 INFO  [org.infinispan.CLUSTER] (thread-11,ejb,node1) [Context=org.infinispan.CONFIG] ISPN100002: Starting rebalance with members [node1, node2, node3], phase READ_OLD_WRITE_ALL, topology id 37
[0m[0m15:56:40,415 INFO  [org.infinispan.LIFECYCLE] (thread-11,ejb,node1) [Context=org.infinispan.CONFIG] ISPN100002: Starting rebalance with members [node1, node2, node3], phase READ_OLD_WRITE_ALL, topology id 37
[0m[0m15:56:40,418 INFO  [org.infinispan.LIFECYCLE] (non-blocking-thread-node1-p30-t6) [Context=org.infinispan.CONFIG] ISPN100010: Finished rebalance with members [node1, node2, node3], topology id 37
[0m[0m15:56:40,442 INFO  [org.infinispan.CLUSTER] (thread-9,ejb,node1) [Context=org.infinispan.CONFIG] ISPN100009: Advancing to rebalance phase READ_ALL_WRITE_ALL, topology id 38
[0m[0m15:56:40,455 INFO  [org.infinispan.CLUSTER] (thread-9,ejb,node1) [Context=org.infinispan.CONFIG] ISPN100009: Advancing to rebalance phase READ_NEW_WRITE_ALL, topology id 39
[0m[0m15:56:40,467 INFO  [org.infinispan.CLUSTER] (thread-11,ejb,node1) [Context=org.infinispan.CONFIG] ISPN100002: Starting rebalance with members [node1, node2, node3], phase READ_OLD_WRITE_ALL, topology id 37
[0m[0m15:56:40,467 INFO  [org.infinispan.CLUSTER] (thread-8,ejb,node1) [Context=org.infinispan.CONFIG] ISPN100010: Finished rebalance with members [node1, node2, node3], topology id 40
[0m[0m15:56:40,469 INFO  [org.infinispan.LIFECYCLE] (thread-11,ejb,node1) [Context=org.infinispan.CONFIG] ISPN100002: Starting rebalance with members [node1, node2, node3], phase READ_OLD_WRITE_ALL, topology id 37
[0m[0m15:56:40,471 INFO  [org.infinispan.CLUSTER] (thread-7,ejb,node1) [Context=org.infinispan.CONFIG] ISPN100002: Starting rebalance with members [node1, node2, node3], phase READ_OLD_WRITE_ALL, topology id 37
[0m[0m15:56:40,472 INFO  [org.infinispan.LIFECYCLE] (thread-7,ejb,node1) [Context=org.infinispan.CONFIG] ISPN100002: Starting rebalance with members [node1, node2, node3], phase READ_OLD_WRITE_ALL, topology id 37
[0m[0m15:56:40,475 INFO  [org.infinispan.LIFECYCLE] (non-blocking-thread-node1-p35-t24) [Context=org.infinispan.CONFIG] ISPN100010: Finished rebalance with members [node1, node2, node3], topology id 37
[0m[0m15:56:40,476 INFO  [org.infinispan.CLUSTER] (thread-7,ejb,node1) [Context=org.infinispan.CONFIG] ISPN100009: Advancing to rebalance phase READ_ALL_WRITE_ALL, topology id 38
[0m[0m15:56:40,485 INFO  [org.infinispan.LIFECYCLE] (non-blocking-thread-node1-p26-t16) [Context=org.infinispan.CONFIG] ISPN100010: Finished rebalance with members [node1, node2, node3], topology id 37
[0m[0m15:56:40,504 INFO  [org.infinispan.CLUSTER] (thread-11,ejb,node1) [Context=org.infinispan.CONFIG] ISPN100009: Advancing to rebalance phase READ_NEW_WRITE_ALL, topology id 39
[0m[0m15:56:40,515 INFO  [org.infinispan.CLUSTER] (thread-7,ejb,node1) [Context=org.infinispan.CONFIG] ISPN100010: Finished rebalance with members [node1, node2, node3], topology id 40
[0m[0m15:56:40,537 INFO  [org.infinispan.CLUSTER] (thread-9,ejb,node1) [Context=org.infinispan.CONFIG] ISPN100009: Advancing to rebalance phase READ_ALL_WRITE_ALL, topology id 38
[0m[0m15:56:40,540 INFO  [org.infinispan.CLUSTER] (thread-9,ejb,node1) [Context=org.infinispan.CONFIG] ISPN100009: Advancing to rebalance phase READ_ALL_WRITE_ALL, topology id 38
[0m[0m15:56:40,550 INFO  [org.infinispan.CLUSTER] (thread-9,ejb,node1) [Context=org.infinispan.CONFIG] ISPN100009: Advancing to rebalance phase READ_NEW_WRITE_ALL, topology id 39
[0m[0m15:56:40,555 INFO  [org.infinispan.CLUSTER] (thread-9,ejb,node1) [Context=org.infinispan.CONFIG] ISPN100009: Advancing to rebalance phase READ_NEW_WRITE_ALL, topology id 39
[0m[0m15:56:40,563 INFO  [org.infinispan.CLUSTER] (thread-9,ejb,node1) [Context=org.infinispan.CONFIG] ISPN100010: Finished rebalance with members [node1, node2, node3], topology id 40
[0m[0m15:56:40,570 INFO  [org.infinispan.CLUSTER] (thread-11,ejb,node1) [Context=org.infinispan.CONFIG] ISPN100010: Finished rebalance with members [node1, node2, node3], topology id 40
[0m[0m15:56:40,612 INFO  [org.infinispan.CLUSTER] (thread-11,ejb,node1) [Context=http-remoting-connector] ISPN100002: Starting rebalance with members [node1, node2, node3], phase READ_OLD_WRITE_ALL, topology id 38
[0m[0m15:56:40,613 INFO  [org.infinispan.LIFECYCLE] (thread-11,ejb,node1) [Context=http-remoting-connector] ISPN100002: Starting rebalance with members [node1, node2, node3], phase READ_OLD_WRITE_ALL, topology id 38
[0m[0m15:56:40,618 INFO  [org.infinispan.LIFECYCLE] (non-blocking-thread-node1-p26-t23) [Context=http-remoting-connector] ISPN100010: Finished rebalance with members [node1, node2, node3], topology id 38
[0m[0m15:56:40,619 INFO  [org.infinispan.CLUSTER] (thread-7,ejb,node1) [Context=default-server] ISPN100002: Starting rebalance with members [node1, node2, node3], phase READ_OLD_WRITE_ALL, topology id 38
[0m[0m15:56:40,620 INFO  [org.infinispan.CLUSTER] (thread-9,ejb,node1) [Context=reproducer.war] ISPN100002: Starting rebalance with members [node1, node2, node3], phase READ_OLD_WRITE_ALL, topology id 37
[0m[0m15:56:40,622 INFO  [org.infinispan.LIFECYCLE] (thread-7,ejb,node1) [Context=default-server] ISPN100002: Starting rebalance with members [node1, node2, node3], phase READ_OLD_WRITE_ALL, topology id 38
[0m[0m15:56:40,625 INFO  [org.infinispan.LIFECYCLE] (thread-9,ejb,node1) [Context=reproducer.war] ISPN100002: Starting rebalance with members [node1, node2, node3], phase READ_OLD_WRITE_ALL, topology id 37
[0m[0m15:56:40,628 INFO  [org.infinispan.LIFECYCLE] (non-blocking-thread-node1-p35-t1) [Context=default-server] ISPN100010: Finished rebalance with members [node1, node2, node3], topology id 38
[0m[0m15:56:40,637 INFO  [org.infinispan.LIFECYCLE] (thread-9,ejb,node1) [Context=reproducer.war] ISPN100010: Finished rebalance with members [node1, node2, node3], topology id 37
[0m[0m15:56:40,670 INFO  [org.infinispan.CLUSTER] (thread-9,ejb,node1) [Context=default-server] ISPN100009: Advancing to rebalance phase READ_ALL_WRITE_ALL, topology id 39
[0m[0m15:56:40,672 INFO  [org.infinispan.CLUSTER] (thread-9,ejb,node1) [Context=http-remoting-connector] ISPN100009: Advancing to rebalance phase READ_ALL_WRITE_ALL, topology id 39
[0m[0m15:56:40,675 INFO  [org.infinispan.CLUSTER] (thread-8,ejb,node1) [Context=reproducer.war] ISPN100009: Advancing to rebalance phase READ_ALL_WRITE_ALL, topology id 38
[0m[0m15:56:40,683 INFO  [org.infinispan.CLUSTER] (thread-8,ejb,node1) [Context=default-server] ISPN100009: Advancing to rebalance phase READ_NEW_WRITE_ALL, topology id 40
[0m[0m15:56:40,684 INFO  [org.infinispan.CLUSTER] (thread-9,ejb,node1) [Context=reproducer.war] ISPN100009: Advancing to rebalance phase READ_NEW_WRITE_ALL, topology id 39
[0m[0m15:56:40,686 INFO  [org.infinispan.CLUSTER] (thread-9,ejb,node1) [Context=http-remoting-connector] ISPN100009: Advancing to rebalance phase READ_NEW_WRITE_ALL, topology id 40
[0m[0m15:56:40,694 INFO  [org.infinispan.CLUSTER] (thread-9,ejb,node1) [Context=default-server] ISPN100010: Finished rebalance with members [node1, node2, node3], topology id 41
[0m[0m15:56:40,706 INFO  [org.infinispan.CLUSTER] (thread-11,ejb,node1) [Context=http-remoting-connector] ISPN100010: Finished rebalance with members [node1, node2, node3], topology id 41
[0m[0m15:56:40,706 INFO  [org.infinispan.CLUSTER] (non-blocking-thread-node1-p35-t16) [Context=reproducer.war] ISPN100010: Finished rebalance with members [node1, node2, node3], topology id 40
[0m[33m15:56:40,746 WARN  [org.jboss.as.ejb3.remote] (main - 1) WFLYEJB0509: Clustered Jakarta Enterprise Beans in Node: node3 are bound to INADDR_ANY(0.0.0.0). Either use a non-wildcard server bind address or add client-mapping entries to the relevant socket-binding for the Remoting connector
[0m[0m15:57:03,115 INFO  [com.redhat.reproducer.SessionReproducerServlet] (default task-1) Node=node1 SessionID=5xHN_6cUgZ59u2XlvQWuWZBXOfSjASl9hHc2Vpa6 Counter=1 New=true
[0m[0m15:57:03,329 INFO  [com.redhat.reproducer.SessionReproducerServlet] (default task-2) Node=node1 SessionID=5xHN_6cUgZ59u2XlvQWuWZBXOfSjASl9hHc2Vpa6 Counter=2 New=false
[0m[0m15:57:03,365 INFO  [com.redhat.reproducer.SessionReproducerServlet] (default task-1) Node=node1 SessionID=5xHN_6cUgZ59u2XlvQWuWZBXOfSjASl9hHc2Vpa6 Counter=3 New=false
[0m[0m15:57:03,394 INFO  [com.redhat.reproducer.SessionReproducerServlet] (default task-1) Node=node1 SessionID=5xHN_6cUgZ59u2XlvQWuWZBXOfSjASl9hHc2Vpa6 Counter=4 New=false
[0m[0m15:57:03,451 INFO  [com.redhat.reproducer.SessionReproducerServlet] (default task-1) Node=node1 SessionID=5xHN_6cUgZ59u2XlvQWuWZBXOfSjASl9hHc2Vpa6 Counter=5 New=false
[0m